[  1%] Building CXX object src/CMakeFiles/pyopf_static.dir/helloworld.cpp.obj
[  3%] Building CXX object src/CMakeFiles/pyopf_static.dir/main.cpp.obj
[  5%] Building CXX object src/CMakeFiles/pyopf_static.dir/opf/GQueue.cpp.obj
[  7%] Building CXX object src/CMakeFiles/pyopf_static.dir/opf/OPFpp.cpp.obj
[  9%] Building CXX object src/CMakeFiles/pyopf_static.dir/opf/SNode.cpp.obj
[ 11%] Building CXX object src/CMakeFiles/pyopf_static.dir/opf/SgCTree.cpp.obj
[ 13%] Building CXX object src/CMakeFiles/pyopf_static.dir/opf/Subgraph.cpp.obj
[ 15%] Building CXX object src/CMakeFiles/pyopf_static.dir/opf/common/PriorityHeap.cpp.obj
[ 16%] Building CXX object src/CMakeFiles/pyopf_static.dir/opf/common/common.cpp.obj
[ 18%] Building CXX object src/CMakeFiles/pyopf_static.dir/opf/common/gqueue.cpp.obj
[ 20%] Building CXX object src/CMakeFiles/pyopf_static.dir/opf/common/set.cpp.obj
[ 22%] Building CXX object src/CMakeFiles/pyopf_static.dir/opf/common/sgctree.cpp.obj
[ 24%] Building CXX object src/CMakeFiles/pyopf_static.dir/opf/common/subgraph.cpp.obj
D:\src\projects\helloworld\src\helloworld.cpp: In function 'std::string get_hello_message()':
D:\src\projects\helloworld\src\helloworld.cpp:10:10: error: 'span' is not a member of 'std'
   10 |     std::span<std::string> msg(msg_array);
      |          ^~~~
D:\src\projects\helloworld\src\helloworld.cpp:10:10: note: 'std::span' is only available from C++20 onwards
D:\src\projects\helloworld\src\helloworld.cpp:10:26: error: expected primary-expression before '>' token
   10 |     std::span<std::string> msg(msg_array);
      |                          ^
D:\src\projects\helloworld\src\helloworld.cpp:10:28: error: 'msg' was not declared in this scope
   10 |     std::span<std::string> msg(msg_array);
      |                            ^~~
[ 26%] Building CXX object src/CMakeFiles/pyopf_static.dir/opf/supervised/opf_learn.cpp.obj
[ 28%] Building CXX object src/CMakeFiles/pyopf_static.dir/opf/supervised/opf_train.cpp.obj
[ 30%] Building CXX object src/CMakeFiles/pyopf_static.dir/opf/unsupervised/opf_cluster.cpp.obj
mingw32-make[2]: *** [src\CMakeFiles\pyopf_static.dir\build.make:79: src/CMakeFiles/pyopf_static.dir/helloworld.cpp.obj] Error 1
mingw32-make[2]: *** Waiting for unfinished jobs....
c++.exe: warning: $<1:-O3: linker input file unused because linking not done
c++.exe: error: $<1:-O3: linker input file not found: Invalid argument
mingw32-make[2]: *** [src\CMakeFiles\pyopf_static.dir\build.make:94: src/CMakeFiles/pyopf_static.dir/main.cpp.obj] Error 1
mingw32-make[2]: *** Deleting file 'src/CMakeFiles/pyopf_static.dir/main.cpp.obj'
In file included from D:\src\projects\helloworld\src\opf\GQueue.cpp:1:
D:/src/projects/helloworld/include/opf/GQueue.hpp:24:44: error: 'std::span' has not been declared
   24 |         GQueue(int n_buckets, int n_elems, std::span<int> values);
      |                                            ^~~
D:/src/projects/helloworld/include/opf/GQueue.hpp:24:44: note: 'std::span' is only available from C++20 onwards
D:/src/projects/helloworld/include/opf/GQueue.hpp:24:53: error: expected ',' or '...' before '<' token
   24 |         GQueue(int n_buckets, int n_elems, std::span<int> values);
      |                                                     ^
D:/src/projects/helloworld/include/opf/GQueue.hpp:47:18: error: 'span' in namespace 'std' does not name a template type
   47 |             std::span<int> value;
      |                  ^~~~
D:/src/projects/helloworld/include/opf/GQueue.hpp:47:13: note: 'std::span' is only available from C++20 onwards
   47 |             std::span<int> value;
      |             ^~~
D:\src\projects\helloworld\src\opf\GQueue.cpp:5:44: error: 'std::span' has not been declared
    5 | GQueue::GQueue(int n_buckets, int n_elems, std::span<int> values) {
      |                                            ^~~
D:\src\projects\helloworld\src\opf\GQueue.cpp:5:44: note: 'std::span' is only available from C++20 onwards
D:\src\projects\helloworld\src\opf\GQueue.cpp:5:53: error: expected ',' or '...' before '<' token
    5 | GQueue::GQueue(int n_buckets, int n_elems, std::span<int> values) {
      |                                                     ^
D:\src\projects\helloworld\src\opf\GQueue.cpp: In constructor 'opf::GQueue::GQueue(int, int, int)':
D:\src\projects\helloworld\src\opf\GQueue.cpp:13:9: error: 'struct opf::GQueue::DoublyLinkedLists' has no member named 'value'
   13 |     m_L.value = values;
      |         ^~~~~
D:\src\projects\helloworld\src\opf\GQueue.cpp:13:17: error: 'values' was not declared in this scope
   13 |     m_L.value = values;
      |                 ^~~~~~
c++.exe: warning: $<1:-O3: linker input file unused because linking not done
c++.exe: error: $<1:-O3: linker input file not found: Invalid argument
mingw32-make[2]: *** [src\CMakeFiles\pyopf_static.dir\build.make:109: src/CMakeFiles/pyopf_static.dir/opf/GQueue.cpp.obj] Error 1
mingw32-make[2]: *** [src\CMakeFiles\pyopf_static.dir\build.make:184: src/CMakeFiles/pyopf_static.dir/opf/common/PriorityHeap.cpp.obj] Error 1
mingw32-make[2]: *** Deleting file 'src/CMakeFiles/pyopf_static.dir/opf/common/PriorityHeap.cpp.obj'
c++.exe: warning: $<1:-O3: linker input file unused because linking not done
c++.exe: error: $<1:-O3: linker input file not found: Invalid argument
D:\src\projects\helloworld\src\opf\common\common.cpp:18:40: warning: overflow in conversion from 'int' to 'char' changes value from '256' to '0' [-Woverflow]
   18 |     static constexpr char TABLE_SIZE = 256; // 64 chars + padding + invalid chars
      |                                        ^~~
D:\src\projects\helloworld\src\opf\common\common.cpp:19:39: error: return type 'struct std::array<int, 0>' is incomplete
   19 |     auto build_decode_table() -> std::array<int, TABLE_SIZE>
      |                                       ^~~~~~~~~~~~~~~~~~~~~~
D:\src\projects\helloworld\src\opf\common\common.cpp: In function 'void base64::build_decode_table()':
D:\src\projects\helloworld\src\opf\common\common.cpp:21:37: error: aggregate 'std::array<int, 0> table' has incomplete type and cannot be defined
   21 |         std::array<int, TABLE_SIZE> table;
      |                                     ^~~~~
D:\src\projects\helloworld\src\opf\common\common.cpp:5:1: note: 'std::array' is defined in header '<array>'; this is probably fixable by adding '#include <array>'
    4 | #include <span>
  +++ |+#include <array>
    5 | 
D:\src\projects\helloworld\src\opf\common\common.cpp: At global scope:
D:\src\projects\helloworld\src\opf\common\common.cpp:29:17: error: deduced type 'void' for 'base64::DECODE_TABLE' is incomplete
   29 |     static auto DECODE_TABLE = build_decode_table();
      |                 ^~~~~~~~~~~~
D:\src\projects\helloworld\src\opf\common\common.cpp:31:22: error: 'span' is not a member of 'std'
   31 |     auto encode(std::span<const std::uint8_t> data) -> std::string
      |                      ^~~~
D:\src\projects\helloworld\src\opf\common\common.cpp:31:22: note: 'std::span' is only available from C++20 onwards
D:\src\projects\helloworld\src\opf\common\common.cpp:31:27: error: expected primary-expression before 'const'
   31 |     auto encode(std::span<const std::uint8_t> data) -> std::string
      |                           ^~~~~
D:\src\projects\helloworld\src\opf\common\common.cpp:31:53: error: expected ',' or ';' before '->' token
   31 |     auto encode(std::span<const std::uint8_t> data) -> std::string
      |                                                     ^~
D:\src\projects\helloworld\src\opf\common\common.cpp: In function 'std::vector<unsigned char> base64::decode(std::string_view)':
D:\src\projects\helloworld\src\opf\common\common.cpp:63:35: warning: overflow in conversion from 'long long unsigned int' to 'int' changes value from '18446744073709551608' to '-8' [-Woverflow]
   63 |         int bits_in_accumulator = -BITS_PER_BYTE;
      |                                   ^~~~~~~~~~~~~~
mingw32-make[2]: *** [src\CMakeFiles\pyopf_static.dir\build.make:229: src/CMakeFiles/pyopf_static.dir/opf/common/set.cpp.obj] Error 1
mingw32-make[2]: *** Deleting file 'src/CMakeFiles/pyopf_static.dir/opf/common/set.cpp.obj'
In file included from D:\src\projects\helloworld\src\opf\common\gqueue.cpp:59:
D:/src/projects/helloworld/include/opf/GQueue.hpp:24:44: error: 'std::span' has not been declared
   24 |         GQueue(int n_buckets, int n_elems, std::span<int> values);
      |                                            ^~~
D:/src/projects/helloworld/include/opf/GQueue.hpp:24:44: note: 'std::span' is only available from C++20 onwards
D:/src/projects/helloworld/include/opf/GQueue.hpp:24:53: error: expected ',' or '...' before '<' token
   24 |         GQueue(int n_buckets, int n_elems, std::span<int> values);
      |                                                     ^
D:/src/projects/helloworld/include/opf/GQueue.hpp:47:18: error: 'span' in namespace 'std' does not name a template type
   47 |             std::span<int> value;
      |                  ^~~~
D:/src/projects/helloworld/include/opf/GQueue.hpp:47:13: note: 'std::span' is only available from C++20 onwards
   47 |             std::span<int> value;
      |             ^~~
D:\src\projects\helloworld\src\opf\common\gqueue.cpp: In function 'opf::GQueue* opf::CreateGQueue(int, int, int*)':
D:\src\projects\helloworld\src\opf\common\gqueue.cpp:72:16: error: 'class opf::GQueue' has no member named 'C'
   72 |             Q->C.first = (int *)malloc((nbuckets + 1) * sizeof(int));
      |                ^
D:\src\projects\helloworld\src\opf\common\gqueue.cpp:73:16: error: 'class opf::GQueue' has no member named 'C'
   73 |             Q->C.last = (int *)malloc((nbuckets + 1) * sizeof(int));
      |                ^
D:\src\projects\helloworld\src\opf\common\gqueue.cpp:74:16: error: 'class opf::GQueue' has no member named 'C'
   74 |             Q->C.nbuckets = nbuckets;
      |                ^
D:\src\projects\helloworld\src\opf\common\gqueue.cpp:75:21: error: 'class opf::GQueue' has no member named 'C'
   75 |             if ((Q->C.first != NULL) && (Q->C.last != NULL))
      |                     ^
D:\src\projects\helloworld\src\opf\common\gqueue.cpp:75:45: error: 'class opf::GQueue' has no member named 'C'
   75 |             if ((Q->C.first != NULL) && (Q->C.last != NULL))
      |                                             ^
D:\src\projects\helloworld\src\opf\common\gqueue.cpp:77:20: error: 'class opf::GQueue' has no member named 'L'
   77 |                 Q->L.elem = (GQNode *)malloc(nelems * sizeof(GQNode));
      |                    ^
D:\src\projects\helloworld\src\opf\common\gqueue.cpp:77:30: error: 'GQNode' was not declared in this scope
   77 |                 Q->L.elem = (GQNode *)malloc(nelems * sizeof(GQNode));
      |                              ^~~~~~
D:\src\projects\helloworld\src\opf\common\gqueue.cpp:77:38: error: expected primary-expression before ')' token
   77 |                 Q->L.elem = (GQNode *)malloc(nelems * sizeof(GQNode));
      |                                      ^
D:\src\projects\helloworld\src\opf\common\gqueue.cpp:78:20: error: 'class opf::GQueue' has no member named 'L'
   78 |                 Q->L.nelems = nelems;
      |                    ^
D:\src\projects\helloworld\src\opf\common\gqueue.cpp:79:20: error: 'class opf::GQueue' has no member named 'L'
   79 |                 Q->L.value = value;
      |                    ^
D:\src\projects\helloworld\src\opf\common\gqueue.cpp:80:24: error: 'class opf::GQueue' has no member named 'L'
   80 |                 if (Q->L.elem != NULL)
      |                        ^
D:\src\projects\helloworld\src\opf\common\gqueue.cpp:82:21: error: 'ResetGQueue' was not declared in this scope; did you mean 'CreateGQueue'?
   82 |                     ResetGQueue(Q);
      |                     ^~~~~~~~~~~
      |                     CreateGQueue
D:\src\projects\helloworld\src\opf\common\gqueue.cpp: In function 'void opf::ResetGQueue(GQueue*)':
D:\src\projects\helloworld\src\opf\common\gqueue.cpp:100:12: error: 'class opf::GQueue' has no member named 'C'
  100 |         Q->C.minvalue = INT_MAX;
      |            ^
D:\src\projects\helloworld\src\opf\common\gqueue.cpp:101:12: error: 'class opf::GQueue' has no member named 'C'
  101 |         Q->C.maxvalue = INT_MIN;
      |            ^
D:\src\projects\helloworld\src\opf\common\gqueue.cpp:102:24: error: 'FIFOBREAK' was not declared in this scope; did you mean 'SIGBREAK'?
  102 |         SetTieBreak(Q, FIFOBREAK);
      |                        ^~~~~~~~~
      |                        SIGBREAK
D:\src\projects\helloworld\src\opf\common\gqueue.cpp:102:9: error: 'SetTieBreak' was not declared in this scope
  102 |         SetTieBreak(Q, FIFOBREAK);
      |         ^~~~~~~~~~~
D:\src\projects\helloworld\src\opf\common\gqueue.cpp:103:29: error: 'MINVALUE' was not declared in this scope; did you mean 'EINVAL'?
  103 |         SetRemovalPolicy(Q, MINVALUE);
      |                             ^~~~~~~~
      |                             EINVAL
D:\src\projects\helloworld\src\opf\common\gqueue.cpp:103:9: error: 'SetRemovalPolicy' was not declared in this scope
  103 |         SetRemovalPolicy(Q, MINVALUE);
      |         ^~~~~~~~~~~~~~~~
D:\src\projects\helloworld\src\opf\common\gqueue.cpp:104:28: error: 'class opf::GQueue' has no member named 'C'
  104 |         for (i = 0; i < Q->C.nbuckets + 1; i++)
      |                            ^
D:\src\projects\helloworld\src\opf\common\gqueue.cpp:105:16: error: 'class opf::GQueue' has no member named 'C'
  105 |             Q->C.first[i] = Q->C.last[i] = NIL;
      |                ^
D:\src\projects\helloworld\src\opf\common\gqueue.cpp:105:32: error: 'class opf::GQueue' has no member named 'C'
  105 |             Q->C.first[i] = Q->C.last[i] = NIL;
      |                                ^
D:\src\projects\helloworld\src\opf\common\gqueue.cpp:107:28: error: 'class opf::GQueue' has no member named 'L'
  107 |         for (i = 0; i < Q->L.nelems; i++)
      |                            ^
D:\src\projects\helloworld\src\opf\common\gqueue.cpp:109:16: error: 'class opf::GQueue' has no member named 'L'
  109 |             Q->L.elem[i].next = Q->L.elem[i].prev = NIL;
      |                ^
D:\src\projects\helloworld\src\opf\common\gqueue.cpp:109:36: error: 'class opf::GQueue' has no member named 'L'
  109 |             Q->L.elem[i].next = Q->L.elem[i].prev = NIL;
      |                                    ^
D:\src\projects\helloworld\src\opf\common\gqueue.cpp:110:16: error: 'class opf::GQueue' has no member named 'L'
  110 |             Q->L.elem[i].color = WHITE;
      |                ^
D:\src\projects\helloworld\src\opf\common\gqueue.cpp: In function 'void opf::DestroyGQueue(GQueue**)':
D:\src\projects\helloworld\src\opf\common\gqueue.cpp:121:22: error: 'class opf::GQueue' has no member named 'C'
  121 |             if (aux->C.first != NULL)
      |                      ^
D:\src\projects\helloworld\src\opf\common\gqueue.cpp:122:27: error: 'class opf::GQueue' has no member named 'C'
  122 |                 free(aux->C.first);
      |                           ^
D:\src\projects\helloworld\src\opf\common\gqueue.cpp:123:22: error: 'class opf::GQueue' has no member named 'C'
  123 |             if (aux->C.last != NULL)
      |                      ^
D:\src\projects\helloworld\src\opf\common\gqueue.cpp:124:27: error: 'class opf::GQueue' has no member named 'C'
  124 |                 free(aux->C.last);
      |                           ^
D:\src\projects\helloworld\src\opf\common\gqueue.cpp:125:22: error: 'class opf::GQueue' has no member named 'L'
  125 |             if (aux->L.elem != NULL)
      |                      ^
D:\src\projects\helloworld\src\opf\common\gqueue.cpp:126:27: error: 'class opf::GQueue' has no member named 'L'
  126 |                 free(aux->L.elem);
      |                           ^
D:\src\projects\helloworld\src\opf\common\gqueue.cpp: In function 'opf::GQueue* opf::GrowGQueue(GQueue**, int)':
D:\src\projects\helloworld\src\opf\common\gqueue.cpp:134:51: error: 'class opf::GQueue' has no member named 'L'
  134 |         GQueue *Q1 = CreateGQueue(nbuckets, (*Q)->L.nelems, (*Q)->L.value);
      |                                                   ^
D:\src\projects\helloworld\src\opf\common\gqueue.cpp:134:67: error: 'class opf::GQueue' has no member named 'L'
  134 |         GQueue *Q1 = CreateGQueue(nbuckets, (*Q)->L.nelems, (*Q)->L.value);
      |                                                                   ^
D:\src\projects\helloworld\src\opf\common\gqueue.cpp:137:13: error: 'class opf::GQueue' has no member named 'C'
  137 |         Q1->C.minvalue = (*Q)->C.minvalue;
      |             ^
D:\src\projects\helloworld\src\opf\common\gqueue.cpp:137:32: error: 'class opf::GQueue' has no member named 'C'
  137 |         Q1->C.minvalue = (*Q)->C.minvalue;
      |                                ^
D:\src\projects\helloworld\src\opf\common\gqueue.cpp:138:13: error: 'class opf::GQueue' has no member named 'C'
  138 |         Q1->C.maxvalue = (*Q)->C.maxvalue;
      |             ^
D:\src\projects\helloworld\src\opf\common\gqueue.cpp:138:32: error: 'class opf::GQueue' has no member named 'C'
  138 |         Q1->C.maxvalue = (*Q)->C.maxvalue;
      |                                ^
D:\src\projects\helloworld\src\opf\common\gqueue.cpp:139:13: error: 'class opf::GQueue' has no member named 'C'
  139 |         Q1->C.tiebreak = (*Q)->C.tiebreak;
      |             ^
D:\src\projects\helloworld\src\opf\common\gqueue.cpp:139:32: error: 'class opf::GQueue' has no member named 'C'
  139 |         Q1->C.tiebreak = (*Q)->C.tiebreak;
      |                                ^
D:\src\projects\helloworld\src\opf\common\gqueue.cpp:140:13: error: 'class opf::GQueue' has no member named 'C'
  140 |         Q1->C.removal_policy = (*Q)->C.removal_policy;
      |             ^
D:\src\projects\helloworld\src\opf\common\gqueue.cpp:140:38: error: 'class opf::GQueue' has no member named 'C'
  140 |         Q1->C.removal_policy = (*Q)->C.removal_policy;
      |                                      ^
D:\src\projects\helloworld\src\opf\common\gqueue.cpp:141:31: error: 'class opf::GQueue' has no member named 'C'
  141 |         for (i = 0; i < (*Q)->C.nbuckets; i++)
      |                               ^
D:\src\projects\helloworld\src\opf\common\gqueue.cpp:142:23: error: 'class opf::GQueue' has no member named 'C'
  142 |             if ((*Q)->C.first[i] != NIL)
      |                       ^
D:\src\projects\helloworld\src\opf\common\gqueue.cpp:144:32: error: 'class opf::GQueue' has no member named 'L'
  144 |                 bucket = (*Q)->L.value[(*Q)->C.first[i]] % Q1->C.nbuckets;
      |                                ^
D:\src\projects\helloworld\src\opf\common\gqueue.cpp:144:46: error: 'class opf::GQueue' has no member named 'C'
  144 |                 bucket = (*Q)->L.value[(*Q)->C.first[i]] % Q1->C.nbuckets;
      |                                              ^
D:\src\projects\helloworld\src\opf\common\gqueue.cpp:144:64: error: 'class opf::GQueue' has no member named 'C'
  144 |                 bucket = (*Q)->L.value[(*Q)->C.first[i]] % Q1->C.nbuckets;
      |                                                                ^
D:\src\projects\helloworld\src\opf\common\gqueue.cpp:145:21: error: 'class opf::GQueue' has no member named 'C'
  145 |                 Q1->C.first[bucket] = (*Q)->C.first[i];
      |                     ^
D:\src\projects\helloworld\src\opf\common\gqueue.cpp:145:45: error: 'class opf::GQueue' has no member named 'C'
  145 |                 Q1->C.first[bucket] = (*Q)->C.first[i];
      |                                             ^
D:\src\projects\helloworld\src\opf\common\gqueue.cpp:146:21: error: 'class opf::GQueue' has no member named 'C'
  146 |                 Q1->C.last[bucket] = (*Q)->C.last[i];
      |                     ^
D:\src\projects\helloworld\src\opf\common\gqueue.cpp:146:44: error: 'class opf::GQueue' has no member named 'C'
  146 |                 Q1->C.last[bucket] = (*Q)->C.last[i];
      |                                            ^
D:\src\projects\helloworld\src\opf\common\gqueue.cpp:148:19: error: 'class opf::GQueue' has no member named 'C'
  148 |         if ((*Q)->C.first[(*Q)->C.nbuckets] != NIL)
      |                   ^
D:\src\projects\helloworld\src\opf\common\gqueue.cpp:148:33: error: 'class opf::GQueue' has no member named 'C'
  148 |         if ((*Q)->C.first[(*Q)->C.nbuckets] != NIL)
      |                                 ^
D:\src\projects\helloworld\src\opf\common\gqueue.cpp:150:26: error: 'class opf::GQueue' has no member named 'C'
  150 |             bucket = Q1->C.nbuckets;
      |                          ^
D:\src\projects\helloworld\src\opf\common\gqueue.cpp:151:17: error: 'class opf::GQueue' has no member named 'C'
  151 |             Q1->C.first[bucket] = (*Q)->C.first[(*Q)->C.nbuckets];
      |                 ^
D:\src\projects\helloworld\src\opf\common\gqueue.cpp:151:41: error: 'class opf::GQueue' has no member named 'C'
  151 |             Q1->C.first[bucket] = (*Q)->C.first[(*Q)->C.nbuckets];
      |                                         ^
D:\src\projects\helloworld\src\opf\common\gqueue.cpp:151:55: error: 'class opf::GQueue' has no member named 'C'
  151 |             Q1->C.first[bucket] = (*Q)->C.first[(*Q)->C.nbuckets];
      |                                                       ^
D:\src\projects\helloworld\src\opf\common\gqueue.cpp:152:17: error: 'class opf::GQueue' has no member named 'C'
  152 |             Q1->C.last[bucket] = (*Q)->C.last[(*Q)->C.nbuckets];
      |                 ^
D:\src\projects\helloworld\src\opf\common\common.cpp: In function 'std::vector<int> opf::AllocIntArray(int, int)':
D:\src\projects\helloworld\src\opf\common\common.cpp:97:9: warning: control reaches end of non-void function [-Wreturn-type]
   97 |         }
      |         ^
D:\src\projects\helloworld\src\opf\common\gqueue.cpp:152:40: error: 'class opf::GQueue' has no member named 'C'
  152 |             Q1->C.last[bucket] = (*Q)->C.last[(*Q)->C.nbuckets];
      |                                        ^
D:\src\projects\helloworld\src\opf\common\gqueue.cpp:152:53: error: 'class opf::GQueue' has no member named 'C'
  152 |             Q1->C.last[bucket] = (*Q)->C.last[(*Q)->C.nbuckets];
      |                                                     ^
D:\src\projects\helloworld\src\opf\common\gqueue.cpp:155:31: error: 'class opf::GQueue' has no member named 'L'
  155 |         for (i = 0; i < (*Q)->L.nelems; i++)
      |                               ^
D:\src\projects\helloworld\src\opf\common\gqueue.cpp:156:17: error: 'class opf::GQueue' has no member named 'L'
  156 |             Q1->L.elem[i] = (*Q)->L.elem[i];
      |                 ^
D:\src\projects\helloworld\src\opf\common\gqueue.cpp:156:35: error: 'class opf::GQueue' has no member named 'L'
  156 |             Q1->L.elem[i] = (*Q)->L.elem[i];
      |                                   ^
D:\src\projects\helloworld\src\opf\common\gqueue.cpp: In function 'void opf::InsertGQueue(GQueue**, int)':
D:\src\projects\helloworld\src\opf\common\gqueue.cpp:164:38: error: 'class opf::GQueue' has no member named 'C'
  164 |         int bucket, minvalue = (*Q)->C.minvalue, maxvalue = (*Q)->C.maxvalue;
      |                                      ^
D:\src\projects\helloworld\src\opf\common\gqueue.cpp:166:20: error: 'class opf::GQueue' has no member named 'L'
  166 |         if (((*Q)->L.value[elem] == INT_MAX) || ((*Q)->L.value[elem] == INT_MIN))
      |                    ^
D:\src\projects\helloworld\src\opf\common\gqueue.cpp:166:56: error: 'class opf::GQueue' has no member named 'L'
  166 |         if (((*Q)->L.value[elem] == INT_MAX) || ((*Q)->L.value[elem] == INT_MIN))
      |                                                        ^
D:\src\projects\helloworld\src\opf\common\gqueue.cpp:167:28: error: 'class opf::GQueue' has no member named 'C'
  167 |             bucket = (*Q)->C.nbuckets;
      |                            ^
D:\src\projects\helloworld\src\opf\common\gqueue.cpp:170:23: error: 'class opf::GQueue' has no member named 'L'
  170 |             if ((*Q)->L.value[elem] < minvalue)
      |                       ^
D:\src\projects\helloworld\src\opf\common\gqueue.cpp:171:34: error: 'class opf::GQueue' has no member named 'L'
  171 |                 minvalue = (*Q)->L.value[elem];
      |                                  ^
D:\src\projects\helloworld\src\opf\common\gqueue.cpp:172:23: error: 'class opf::GQueue' has no member named 'L'
  172 |             if ((*Q)->L.value[elem] > maxvalue)
      |                       ^
D:\src\projects\helloworld\src\opf\common\common.cpp: In function 'std::vector<float> opf::AllocFloatArray(int, float)':
D:\src\projects\helloworld\src\opf\common\common.cpp:109:9: warning: control reaches end of non-void function [-Wreturn-type]
  109 |         }
      |         ^
D:\src\projects\helloworld\src\opf\common\gqueue.cpp:172:39: error: 'maxvalue' was not declared in this scope; did you mean 'minvalue'?
  172 |             if ((*Q)->L.value[elem] > maxvalue)
      |                                       ^~~~~~~~
      |                                       minvalue
D:\src\projects\helloworld\src\opf\common\gqueue.cpp:173:34: error: 'class opf::GQueue' has no member named 'L'
  173 |                 maxvalue = (*Q)->L.value[elem];
      |                                  ^
D:\src\projects\helloworld\src\opf\common\gqueue.cpp:174:18: error: 'maxvalue' was not declared in this scope; did you mean 'minvalue'?
  174 |             if ((maxvalue - minvalue) > ((*Q)->C.nbuckets - 1))
      |                  ^~~~~~~~
      |                  minvalue
D:\src\projects\helloworld\src\opf\common\gqueue.cpp:174:48: error: 'class opf::GQueue' has no member named 'C'
  174 |             if ((maxvalue - minvalue) > ((*Q)->C.nbuckets - 1))
      |                                                ^
D:\src\projects\helloworld\src\opf\common\gqueue.cpp:179:23: error: 'class opf::GQueue' has no member named 'C'
  179 |             if ((*Q)->C.removal_policy == MINVALUE)
      |                       ^
D:\src\projects\helloworld\src\opf\common\gqueue.cpp:179:43: error: 'MINVALUE' was not declared in this scope; did you mean 'EINVAL'?
  179 |             if ((*Q)->C.removal_policy == MINVALUE)
      |                                           ^~~~~~~~
      |                                           EINVAL
D:\src\projects\helloworld\src\opf\common\gqueue.cpp:181:32: error: 'class opf::GQueue' has no member named 'L'
  181 |                 bucket = (*Q)->L.value[elem] % (*Q)->C.nbuckets;
      |                                ^
D:\src\projects\helloworld\src\opf\common\gqueue.cpp:181:54: error: 'class opf::GQueue' has no member named 'C'
  181 |                 bucket = (*Q)->L.value[elem] % (*Q)->C.nbuckets;
      |                                                      ^
D:\src\projects\helloworld\src\opf\common\gqueue.cpp:185:32: error: 'class opf::GQueue' has no member named 'C'
  185 |                 bucket = (*Q)->C.nbuckets - 1 - ((*Q)->L.value[elem] % (*Q)->C.nbuckets);
      |                                ^
D:\src\projects\helloworld\src\opf\common\gqueue.cpp:185:56: error: 'class opf::GQueue' has no member named 'L'
  185 |                 bucket = (*Q)->C.nbuckets - 1 - ((*Q)->L.value[elem] % (*Q)->C.nbuckets);
      |                                                        ^
D:\src\projects\helloworld\src\opf\common\gqueue.cpp:185:78: error: 'class opf::GQueue' has no member named 'C'
  185 |                 bucket = (*Q)->C.nbuckets - 1 - ((*Q)->L.value[elem] % (*Q)->C.nbuckets);
      |                                                                              ^
D:\src\projects\helloworld\src\opf\common\gqueue.cpp:187:19: error: 'class opf::GQueue' has no member named 'C'
  187 |             (*Q)->C.minvalue = minvalue;
      |                   ^
D:\src\projects\helloworld\src\opf\common\gqueue.cpp:188:19: error: 'class opf::GQueue' has no member named 'C'
  188 |             (*Q)->C.maxvalue = maxvalue;
      |                   ^
D:\src\projects\helloworld\src\opf\common\gqueue.cpp:188:32: error: 'maxvalue' was not declared in this scope; did you mean 'minvalue'?
  188 |             (*Q)->C.maxvalue = maxvalue;
      |                                ^~~~~~~~
      |                                minvalue
D:\src\projects\helloworld\src\opf\common\gqueue.cpp:190:19: error: 'class opf::GQueue' has no member named 'C'
  190 |         if ((*Q)->C.first[bucket] == NIL)
      |                   ^
D:\src\projects\helloworld\src\opf\common\gqueue.cpp:192:19: error: 'class opf::GQueue' has no member named 'C'
  192 |             (*Q)->C.first[bucket] = elem;
      |                   ^
D:\src\projects\helloworld\src\opf\common\gqueue.cpp:193:19: error: 'class opf::GQueue' has no member named 'L'
  193 |             (*Q)->L.elem[elem].prev = NIL;
      |                   ^
D:\src\projects\helloworld\src\opf\common\gqueue.cpp:197:19: error: 'class opf::GQueue' has no member named 'L'
  197 |             (*Q)->L.elem[(*Q)->C.last[bucket]].next = elem;
      |                   ^
D:\src\projects\helloworld\src\opf\common\gqueue.cpp:197:32: error: 'class opf::GQueue' has no member named 'C'
  197 |             (*Q)->L.elem[(*Q)->C.last[bucket]].next = elem;
      |                                ^
D:\src\projects\helloworld\src\opf\common\gqueue.cpp:198:19: error: 'class opf::GQueue' has no member named 'L'
  198 |             (*Q)->L.elem[elem].prev = (*Q)->C.last[bucket];
      |                   ^
D:\src\projects\helloworld\src\opf\common\gqueue.cpp:198:45: error: 'class opf::GQueue' has no member named 'C'
  198 |             (*Q)->L.elem[elem].prev = (*Q)->C.last[bucket];
      |                                             ^
D:\src\projects\helloworld\src\opf\common\gqueue.cpp:201:15: error: 'class opf::GQueue' has no member named 'C'
  201 |         (*Q)->C.last[bucket] = elem;
      |               ^
D:\src\projects\helloworld\src\opf\common\gqueue.cpp:202:15: error: 'class opf::GQueue' has no member named 'L'
  202 |         (*Q)->L.elem[elem].next = NIL;
      |               ^
D:\src\projects\helloworld\src\opf\common\gqueue.cpp:203:15: error: 'class opf::GQueue' has no member named 'L'
  203 |         (*Q)->L.elem[elem].color = GRAY;
      |               ^
D:\src\projects\helloworld\src\opf\common\gqueue.cpp: In function 'int opf::RemoveGQueue(GQueue*)':
D:\src\projects\helloworld\src\opf\common\gqueue.cpp:211:16: error: 'class opf::GQueue' has no member named 'C'
  211 |         if (Q->C.removal_policy == MINVALUE)
      |                ^
D:\src\projects\helloworld\src\opf\common\gqueue.cpp:211:36: error: 'MINVALUE' was not declared in this scope; did you mean 'EINVAL'?
  211 |         if (Q->C.removal_policy == MINVALUE)
      |                                    ^~~~~~~~
      |                                    EINVAL
D:\src\projects\helloworld\src\opf\common\gqueue.cpp:212:26: error: 'class opf::GQueue' has no member named 'C'
  212 |             current = Q->C.minvalue % Q->C.nbuckets;
      |                          ^
D:\src\projects\helloworld\src\opf\common\gqueue.cpp:212:42: error: 'class opf::GQueue' has no member named 'C'
  212 |             current = Q->C.minvalue % Q->C.nbuckets;
      |                                          ^
D:\src\projects\helloworld\src\opf\common\gqueue.cpp:214:26: error: 'class opf::GQueue' has no member named 'C'
  214 |             current = Q->C.nbuckets - 1 - (Q->C.maxvalue % Q->C.nbuckets);
      |                          ^
D:\src\projects\helloworld\src\opf\common\gqueue.cpp:214:47: error: 'class opf::GQueue' has no member named 'C'
  214 |             current = Q->C.nbuckets - 1 - (Q->C.maxvalue % Q->C.nbuckets);
      |                                               ^
D:\src\projects\helloworld\src\opf\common\gqueue.cpp:214:63: error: 'class opf::GQueue' has no member named 'C'
  214 |             current = Q->C.nbuckets - 1 - (Q->C.maxvalue % Q->C.nbuckets);
      |                                                               ^
D:\src\projects\helloworld\src\opf\common\gqueue.cpp:218:16: error: 'class opf::GQueue' has no member named 'C'
  218 |         if (Q->C.first[current] == NIL)
      |                ^
D:\src\projects\helloworld\src\opf\common\gqueue.cpp:222:43: error: 'class opf::GQueue' has no member named 'C'
  222 |             current = (current + 1) % (Q->C.nbuckets);
      |                                           ^
D:\src\projects\helloworld\src\opf\common\gqueue.cpp:224:24: error: 'class opf::GQueue' has no member named 'C'
  224 |             while ((Q->C.first[current] == NIL) && (current != last))
      |                        ^
D:\src\projects\helloworld\src\opf\common\gqueue.cpp:226:47: error: 'class opf::GQueue' has no member named 'C'
  226 |                 current = (current + 1) % (Q->C.nbuckets);
      |                                               ^
D:\src\projects\helloworld\src\opf\common\gqueue.cpp:229:20: error: 'class opf::GQueue' has no member named 'C'
  229 |             if (Q->C.first[current] != NIL)
      |                    ^
D:\src\projects\helloworld\src\opf\common\gqueue.cpp:231:24: error: 'class opf::GQueue' has no member named 'C'
  231 |                 if (Q->C.removal_policy == MINVALUE)
      |                        ^
D:\src\projects\helloworld\src\opf\common\gqueue.cpp:231:44: error: 'MINVALUE' was not declared in this scope; did you mean 'EINVAL'?
  231 |                 if (Q->C.removal_policy == MINVALUE)
      |                                            ^~~~~~~~
      |                                            EINVAL
D:\src\projects\helloworld\src\opf\common\gqueue.cpp:232:24: error: 'class opf::GQueue' has no member named 'C'
  232 |                     Q->C.minvalue = Q->L.value[Q->C.first[current]];
      |                        ^
D:\src\projects\helloworld\src\opf\common\gqueue.cpp:232:40: error: 'class opf::GQueue' has no member named 'L'
  232 |                     Q->C.minvalue = Q->L.value[Q->C.first[current]];
      |                                        ^
D:\src\projects\helloworld\src\opf\common\gqueue.cpp:232:51: error: 'class opf::GQueue' has no member named 'C'
  232 |                     Q->C.minvalue = Q->L.value[Q->C.first[current]];
      |                                                   ^
D:\src\projects\helloworld\src\opf\common\gqueue.cpp:234:24: error: 'class opf::GQueue' has no member named 'C'
  234 |                     Q->C.maxvalue = Q->L.value[Q->C.first[current]];
      |                        ^
D:\src\projects\helloworld\src\opf\common\gqueue.cpp:234:40: error: 'class opf::GQueue' has no member named 'L'
  234 |                     Q->C.maxvalue = Q->L.value[Q->C.first[current]];
      |                                        ^
D:\src\projects\helloworld\src\opf\common\gqueue.cpp:234:51: error: 'class opf::GQueue' has no member named 'C'
  234 |                     Q->C.maxvalue = Q->L.value[Q->C.first[current]];
      |                                                   ^
D:\src\projects\helloworld\src\opf\common\gqueue.cpp:238:24: error: 'class opf::GQueue' has no member named 'C'
  238 |                 if (Q->C.first[Q->C.nbuckets] != NIL)
      |                        ^
D:\src\projects\helloworld\src\opf\common\gqueue.cpp:238:35: error: 'class opf::GQueue' has no member named 'C'
  238 |                 if (Q->C.first[Q->C.nbuckets] != NIL)
      |                                   ^
D:\src\projects\helloworld\src\opf\common\gqueue.cpp:240:34: error: 'class opf::GQueue' has no member named 'C'
  240 |                     current = Q->C.nbuckets;
      |                                  ^
D:\src\projects\helloworld\src\opf\common\gqueue.cpp:241:28: error: 'class opf::GQueue' has no member named 'C'
  241 |                     if (Q->C.removal_policy == MINVALUE)
      |                            ^
mingw32-make[2]: *** [src\CMakeFiles\pyopf_static.dir\build.make:199: src/CMakeFiles/pyopf_static.dir/opf/common/common.cpp.obj] Error 1
D:\src\projects\helloworld\src\opf\common\gqueue.cpp:241:48: error: 'MINVALUE' was not declared in this scope; did you mean 'EINVAL'?
  241 |                     if (Q->C.removal_policy == MINVALUE)
      |                                                ^~~~~~~~
      |                                                EINVAL
D:\src\projects\helloworld\src\opf\common\gqueue.cpp:242:28: error: 'class opf::GQueue' has no member named 'C'
  242 |                         Q->C.minvalue = Q->L.value[Q->C.first[current]];
      |                            ^
D:\src\projects\helloworld\src\opf\common\gqueue.cpp:242:44: error: 'class opf::GQueue' has no member named 'L'
  242 |                         Q->C.minvalue = Q->L.value[Q->C.first[current]];
      |                                            ^
D:\src\projects\helloworld\src\opf\common\gqueue.cpp:242:55: error: 'class opf::GQueue' has no member named 'C'
  242 |                         Q->C.minvalue = Q->L.value[Q->C.first[current]];
      |                                                       ^
D:\src\projects\helloworld\src\opf\common\gqueue.cpp:244:28: error: 'class opf::GQueue' has no member named 'C'
  244 |                         Q->C.maxvalue = Q->L.value[Q->C.first[current]];
      |                            ^
D:\src\projects\helloworld\src\opf\common\gqueue.cpp:244:44: error: 'class opf::GQueue' has no member named 'L'
  244 |                         Q->C.maxvalue = Q->L.value[Q->C.first[current]];
      |                                            ^
D:\src\projects\helloworld\src\opf\common\gqueue.cpp:244:55: error: 'class opf::GQueue' has no member named 'C'
  244 |                         Q->C.maxvalue = Q->L.value[Q->C.first[current]];
      |                                                       ^
D:\src\projects\helloworld\src\opf\common\gqueue.cpp:253:16: error: 'class opf::GQueue' has no member named 'C'
  253 |         if (Q->C.tiebreak == LIFOBREAK)
      |                ^
D:\src\projects\helloworld\src\opf\common\gqueue.cpp:253:30: error: 'LIFOBREAK' was not declared in this scope; did you mean 'SIGBREAK'?
  253 |         if (Q->C.tiebreak == LIFOBREAK)
      |                              ^~~~~~~~~
      |                              SIGBREAK
D:\src\projects\helloworld\src\opf\common\gqueue.cpp:255:23: error: 'class opf::GQueue' has no member named 'C'
  255 |             elem = Q->C.last[current];
      |                       ^
D:\src\projects\helloworld\src\opf\common\gqueue.cpp:256:23: error: 'class opf::GQueue' has no member named 'L'
  256 |             prev = Q->L.elem[elem].prev;
      |                       ^
D:\src\projects\helloworld\src\opf\common\gqueue.cpp:259:20: error: 'class opf::GQueue' has no member named 'C'
  259 |                 Q->C.last[current] = Q->C.first[current] = NIL;
      |                    ^
D:\src\projects\helloworld\src\opf\common\gqueue.cpp:259:41: error: 'class opf::GQueue' has no member named 'C'
  259 |                 Q->C.last[current] = Q->C.first[current] = NIL;
      |                                         ^
D:\src\projects\helloworld\src\opf\common\gqueue.cpp:263:20: error: 'class opf::GQueue' has no member named 'C'
  263 |                 Q->C.last[current] = prev;
      |                    ^
D:\src\projects\helloworld\src\opf\common\gqueue.cpp:264:20: error: 'class opf::GQueue' has no member named 'L'
  264 |                 Q->L.elem[prev].next = NIL;
      |                    ^
D:\src\projects\helloworld\src\opf\common\gqueue.cpp:269:23: error: 'class opf::GQueue' has no member named 'C'
  269 |             elem = Q->C.first[current];
      |                       ^
D:\src\projects\helloworld\src\opf\common\gqueue.cpp:270:23: error: 'class opf::GQueue' has no member named 'L'
  270 |             next = Q->L.elem[elem].next;
      |                       ^
D:\src\projects\helloworld\src\opf\common\gqueue.cpp:273:20: error: 'class opf::GQueue' has no member named 'C'
  273 |                 Q->C.first[current] = Q->C.last[current] = NIL;
      |                    ^
D:\src\projects\helloworld\src\opf\common\gqueue.cpp:273:42: error: 'class opf::GQueue' has no member named 'C'
  273 |                 Q->C.first[current] = Q->C.last[current] = NIL;
      |                                          ^
D:\src\projects\helloworld\src\opf\common\gqueue.cpp:277:20: error: 'class opf::GQueue' has no member named 'C'
  277 |                 Q->C.first[current] = next;
      |                    ^
D:\src\projects\helloworld\src\opf\common\gqueue.cpp:278:20: error: 'class opf::GQueue' has no member named 'L'
  278 |                 Q->L.elem[next].prev = NIL;
      |                    ^
D:\src\projects\helloworld\src\opf\common\gqueue.cpp:282:12: error: 'class opf::GQueue' has no member named 'L'
  282 |         Q->L.elem[elem].color = BLACK;
      |            ^
D:\src\projects\helloworld\src\opf\common\gqueue.cpp: In function 'void opf::RemoveGQueueElem(GQueue*, int)':
D:\src\projects\helloworld\src\opf\common\gqueue.cpp:291:17: error: 'class opf::GQueue' has no member named 'L'
  291 |         if ((Q->L.value[elem] == INT_MAX) || (Q->L.value[elem] == INT_MIN))
      |                 ^
D:\src\projects\helloworld\src\opf\common\gqueue.cpp:291:50: error: 'class opf::GQueue' has no member named 'L'
  291 |         if ((Q->L.value[elem] == INT_MAX) || (Q->L.value[elem] == INT_MIN))
      |                                                  ^
D:\src\projects\helloworld\src\opf\common\gqueue.cpp:292:25: error: 'class opf::GQueue' has no member named 'C'
  292 |             bucket = Q->C.nbuckets;
      |                         ^
D:\src\projects\helloworld\src\opf\common\gqueue.cpp:295:20: error: 'class opf::GQueue' has no member named 'C'
  295 |             if (Q->C.removal_policy == MINVALUE)
      |                    ^
D:\src\projects\helloworld\src\opf\common\gqueue.cpp:295:40: error: 'MINVALUE' was not declared in this scope; did you mean 'EINVAL'?
  295 |             if (Q->C.removal_policy == MINVALUE)
      |                                        ^~~~~~~~
      |                                        EINVAL
D:\src\projects\helloworld\src\opf\common\gqueue.cpp:296:29: error: 'class opf::GQueue' has no member named 'L'
  296 |                 bucket = Q->L.value[elem] % Q->C.nbuckets;
      |                             ^
D:\src\projects\helloworld\src\opf\common\gqueue.cpp:296:48: error: 'class opf::GQueue' has no member named 'C'
  296 |                 bucket = Q->L.value[elem] % Q->C.nbuckets;
      |                                                ^
D:\src\projects\helloworld\src\opf\common\gqueue.cpp:298:29: error: 'class opf::GQueue' has no member named 'C'
  298 |                 bucket = Q->C.nbuckets - 1 - (Q->L.value[elem] % Q->C.nbuckets);
      |                             ^
D:\src\projects\helloworld\src\opf\common\gqueue.cpp:298:50: error: 'class opf::GQueue' has no member named 'L'
  298 |                 bucket = Q->C.nbuckets - 1 - (Q->L.value[elem] % Q->C.nbuckets);
      |                                                  ^
D:\src\projects\helloworld\src\opf\common\gqueue.cpp:298:69: error: 'class opf::GQueue' has no member named 'C'
  298 |                 bucket = Q->C.nbuckets - 1 - (Q->L.value[elem] % Q->C.nbuckets);
      |                                                                     ^
D:\src\projects\helloworld\src\opf\common\gqueue.cpp:301:19: error: 'class opf::GQueue' has no member named 'L'
  301 |         prev = Q->L.elem[elem].prev;
      |                   ^
D:\src\projects\helloworld\src\opf\common\gqueue.cpp:302:19: error: 'class opf::GQueue' has no member named 'L'
  302 |         next = Q->L.elem[elem].next;
      |                   ^
D:\src\projects\helloworld\src\opf\common\gqueue.cpp:305:16: error: 'class opf::GQueue' has no member named 'C'
  305 |         if (Q->C.first[bucket] == elem)
      |                ^
D:\src\projects\helloworld\src\opf\common\gqueue.cpp:307:16: error: 'class opf::GQueue' has no member named 'C'
  307 |             Q->C.first[bucket] = next;
      |                ^
D:\src\projects\helloworld\src\opf\common\gqueue.cpp:309:20: error: 'class opf::GQueue' has no member named 'C'
  309 |                 Q->C.last[bucket] = NIL;
      |                    ^
D:\src\projects\helloworld\src\opf\common\gqueue.cpp:311:20: error: 'class opf::GQueue' has no member named 'L'
  311 |                 Q->L.elem[next].prev = NIL;
      |                    ^
D:\src\projects\helloworld\src\opf\common\gqueue.cpp:315:16: error: 'class opf::GQueue' has no member named 'L'
  315 |             Q->L.elem[prev].next = next;
      |                ^
D:\src\projects\helloworld\src\opf\common\gqueue.cpp:317:20: error: 'class opf::GQueue' has no member named 'C'
  317 |                 Q->C.last[bucket] = prev;
      |                    ^
D:\src\projects\helloworld\src\opf\common\gqueue.cpp:319:20: error: 'class opf::GQueue' has no member named 'L'
  319 |                 Q->L.elem[next].prev = prev;
      |                    ^
D:\src\projects\helloworld\src\opf\common\gqueue.cpp:322:12: error: 'class opf::GQueue' has no member named 'L'
  322 |         Q->L.elem[elem].color = BLACK;
      |            ^
D:\src\projects\helloworld\src\opf\common\gqueue.cpp: In function 'void opf::UpdateGQueue(GQueue**, int, int)':
D:\src\projects\helloworld\src\opf\common\gqueue.cpp:328:15: error: 'class opf::GQueue' has no member named 'L'
  328 |         (*Q)->L.value[elem] = newvalue;
      |               ^
D:\src\projects\helloworld\src\opf\common\gqueue.cpp: In function 'int opf::EmptyGQueue(GQueue*)':
D:\src\projects\helloworld\src\opf\common\gqueue.cpp:336:16: error: 'class opf::GQueue' has no member named 'C'
  336 |         if (Q->C.removal_policy == MINVALUE)
      |                ^
D:\src\projects\helloworld\src\opf\common\gqueue.cpp:336:36: error: 'MINVALUE' was not declared in this scope; did you mean 'EINVAL'?
  336 |         if (Q->C.removal_policy == MINVALUE)
      |                                    ^~~~~~~~
      |                                    EINVAL
D:\src\projects\helloworld\src\opf\common\gqueue.cpp:337:26: error: 'class opf::GQueue' has no member named 'C'
  337 |             current = Q->C.minvalue % Q->C.nbuckets;
      |                          ^
D:\src\projects\helloworld\src\opf\common\gqueue.cpp:337:42: error: 'class opf::GQueue' has no member named 'C'
  337 |             current = Q->C.minvalue % Q->C.nbuckets;
      |                                          ^
D:\src\projects\helloworld\src\opf\common\gqueue.cpp:339:26: error: 'class opf::GQueue' has no member named 'C'
  339 |             current = Q->C.nbuckets - 1 - (Q->C.maxvalue % Q->C.nbuckets);
      |                          ^
D:\src\projects\helloworld\src\opf\common\gqueue.cpp:339:47: error: 'class opf::GQueue' has no member named 'C'
  339 |             current = Q->C.nbuckets - 1 - (Q->C.maxvalue % Q->C.nbuckets);
      |                                               ^
D:\src\projects\helloworld\src\opf\common\gqueue.cpp:339:63: error: 'class opf::GQueue' has no member named 'C'
  339 |             current = Q->C.nbuckets - 1 - (Q->C.maxvalue % Q->C.nbuckets);
      |                                                               ^
D:\src\projects\helloworld\src\opf\common\gqueue.cpp:341:16: error: 'class opf::GQueue' has no member named 'C'
  341 |         if (Q->C.first[current] != NIL)
      |                ^
D:\src\projects\helloworld\src\opf\common\gqueue.cpp:346:39: error: 'class opf::GQueue' has no member named 'C'
  346 |         current = (current + 1) % (Q->C.nbuckets);
      |                                       ^
D:\src\projects\helloworld\src\opf\common\gqueue.cpp:348:20: error: 'class opf::GQueue' has no member named 'C'
  348 |         while ((Q->C.first[current] == NIL) && (current != last))
      |                    ^
D:\src\projects\helloworld\src\opf\common\gqueue.cpp:350:43: error: 'class opf::GQueue' has no member named 'C'
  350 |             current = (current + 1) % (Q->C.nbuckets);
      |                                           ^
D:\src\projects\helloworld\src\opf\common\gqueue.cpp:353:16: error: 'class opf::GQueue' has no member named 'C'
  353 |         if (Q->C.first[current] == NIL)
      |                ^
D:\src\projects\helloworld\src\opf\common\gqueue.cpp:355:20: error: 'class opf::GQueue' has no member named 'C'
  355 |             if (Q->C.first[Q->C.nbuckets] == NIL)
      |                    ^
D:\src\projects\helloworld\src\opf\common\gqueue.cpp:355:31: error: 'class opf::GQueue' has no member named 'C'
  355 |             if (Q->C.first[Q->C.nbuckets] == NIL)
      |                               ^
mingw32-make[2]: *** [src\CMakeFiles\pyopf_static.dir\build.make:214: src/CMakeFiles/pyopf_static.dir/opf/common/gqueue.cpp.obj] Error 1
In file included from D:/src/projects/helloworld/include/OPFpp.hpp:12,
                 from D:\src\projects\helloworld\src\opf\OPFpp.cpp:26:
D:/src/projects/helloworld/include/opf/GQueue.hpp:24:44: error: 'std::span' has not been declared
   24 |         GQueue(int n_buckets, int n_elems, std::span<int> values);
      |                                            ^~~
D:/src/projects/helloworld/include/opf/GQueue.hpp:24:44: note: 'std::span' is only available from C++20 onwards
D:/src/projects/helloworld/include/opf/GQueue.hpp:24:53: error: expected ',' or '...' before '<' token
   24 |         GQueue(int n_buckets, int n_elems, std::span<int> values);
      |                                                     ^
D:/src/projects/helloworld/include/opf/GQueue.hpp:47:18: error: 'span' in namespace 'std' does not name a template type
   47 |             std::span<int> value;
      |                  ^~~~
D:/src/projects/helloworld/include/opf/GQueue.hpp:47:13: note: 'std::span' is only available from C++20 onwards
   47 |             std::span<int> value;
      |             ^~~
In file included from D:/src/projects/helloworld/include/OPFpp.hpp:10:
D:/src/projects/helloworld/include/opf/common.hpp:25:21: error: expected identifier before numeric constant
   25 | #define WHITE       0
      |                     ^
D:/src/projects/helloworld/include/opf/PriorityHeap.hpp:12:9: note: in expansion of macro 'WHITE'
   12 |         WHITE,
      |         ^~~~~
D:/src/projects/helloworld/include/opf/common.hpp:25:21: error: expected '}' before numeric constant
   25 | #define WHITE       0
      |                     ^
D:/src/projects/helloworld/include/opf/PriorityHeap.hpp:12:9: note: in expansion of macro 'WHITE'
   12 |         WHITE,
      |         ^~~~~
In file included from D:/src/projects/helloworld/include/OPFpp.hpp:13:
D:/src/projects/helloworld/include/opf/PriorityHeap.hpp:11:5: note: to match this '{'
   11 |     {
      |     ^
D:/src/projects/helloworld/include/opf/common.hpp:25:21: error: expected unqualified-id before numeric constant
   25 | #define WHITE       0
      |                     ^
D:/src/projects/helloworld/include/opf/PriorityHeap.hpp:12:9: note: in expansion of macro 'WHITE'
   12 |         WHITE,
      |         ^~~~~
D:/src/projects/helloworld/include/opf/PriorityHeap.hpp:29:21: error: 'Color' was not declared in this scope; did you mean 'opf::Color'? [-Wtemplate-body]
   29 |         std::vector<Color> colors;
      |                     ^~~~~
      |                     opf::Color
D:/src/projects/helloworld/include/opf/PriorityHeap.hpp:10:16: note: 'opf::Color' declared here
   10 |     enum class Color : uint8_t
      |                ^~~~~
D:/src/projects/helloworld/include/opf/PriorityHeap.hpp:29:26: error: template argument 1 is invalid [-Wtemplate-body]
   29 |         std::vector<Color> colors;
      |                          ^
D:/src/projects/helloworld/include/opf/PriorityHeap.hpp:29:26: error: template argument 2 is invalid [-Wtemplate-body]
D:/src/projects/helloworld/include/opf/PriorityHeap.hpp:47:1: error: expected declaration before '}' token
   47 | } // namespace opf
      | ^
In file included from D:/src/projects/helloworld/include/opf/SNode.hpp:3,
                 from D:\src\projects\helloworld\src\opf\SNode.cpp:1:
D:/src/projects/helloworld/include/opf/common.hpp:28:20: error: expected unqualified-id before '-' token
   28 | #define NIL        -1
      |                    ^
D:\src\projects\helloworld\src\opf\SNode.cpp:5:11: note: in expansion of macro 'NIL'
    5 | const int NIL = -1;
      |           ^~~
D:\src\projects\helloworld\src\opf\SNode.cpp: In member function 'std::unique_ptr<nlohmann::json_abi_v3_11_3::basic_json<> > SNode::to_json()':
D:\src\projects\helloworld\src\opf\SNode.cpp:13:31: error: 'span' is not a member of 'std'
   13 |         auto span_feat = std::span(reinterpret_cast<const std::uint8_t*>(feat.data()),
      |                               ^~~~
D:\src\projects\helloworld\src\opf\SNode.cpp:13:31: note: 'std::span' is only available from C++20 onwards
D:\src\projects\helloworld\src\opf\SNode.cpp:13:74: error: 'feat' was not declared in this scope
   13 |         auto span_feat = std::span(reinterpret_cast<const std::uint8_t*>(feat.data()),
      |                                                                          ^~~~
D:\src\projects\helloworld\src\opf\SNode.cpp:15:32: error: 'base64' has not been declared
   15 |         std::string feat_b64 = base64::encode(span_feat);
      |                                ^~~~~~
D:\src\projects\helloworld\src\opf\OPFpp.cpp: In function 'void opf::opf_OPFTraining(Subgraph&)':
D:\src\projects\helloworld\src\opf\OPFpp.cpp:49:5: error: 'opf_MSTPrototypes' was not declared in this scope
   49 |     opf_MSTPrototypes(sg);
      |     ^~~~~~~~~~~~~~~~~
D:\src\projects\helloworld\src\opf\OPFpp.cpp:52:44: error: class template argument deduction failed:
   52 |     PriorityHeap Q(sg.nodes.size(), pathval);
      |                                            ^
D:\src\projects\helloworld\src\opf\OPFpp.cpp:52:44: error: no matching function for call to 'PriorityHeap(std::vector<opf::SNode>::size_type, std::vector<float>&)'
D:\src\projects\helloworld\src\opf\OPFpp.cpp:52:44: note: there are 2 candidates
D:/src/projects/helloworld/include/opf/PriorityHeap.hpp:39:18: note: candidate 1: 'template<class T> PriorityHeap(int, std::vector<float>, Policy) -> PriorityHeap<T>'
   39 |         explicit PriorityHeap(int size, std::vector<float> costs, Policy policy = Policy::MIN_VALUE);
      |                  ^~~~~~~~~~~~
D:/src/projects/helloworld/include/opf/PriorityHeap.hpp:39:18: note: template argument deduction/substitution failed:
D:\src\projects\helloworld\src\opf\OPFpp.cpp:52:44: note:   couldn't deduce template parameter 'T'
   52 |     PriorityHeap Q(sg.nodes.size(), pathval);
      |                                            ^
D:/src/projects/helloworld/include/opf/PriorityHeap.hpp:23:11: note: candidate 2: 'template<class T> PriorityHeap(PriorityHeap<T>) -> PriorityHeap<T>'
   23 |     class PriorityHeap
      |           ^~~~~~~~~~~~
D:/src/projects/helloworld/include/opf/PriorityHeap.hpp:23:11: note: candidate expects 1 argument, 2 provided
D:\src\projects\helloworld\src\opf\OPFpp.cpp:86:37: error: too many arguments to function
   86 |               weight = opf_ArcWeight(sg.nodes[p].feat, sg.nodes[q].feat, sg.nfeats);
      |                        ~~~~~~~~~~~~~^~~~~~~~~~~~~~~~~~~~~~~~~~~~~~~~~~~~~~~~~~~~~~~
D:\src\projects\helloworld\src\opf\OPFpp.cpp: In function 'void opf::opf_OPFClassifying(const Subgraph&, Subgraph&)':
D:\src\projects\helloworld\src\opf\OPFpp.cpp:113:31: error: too many arguments to function
  113 |         weight = opf_ArcWeight(sgtrain.nodes[k].feat, sg.nodes[i].feat, sg.nfeats);
      |                  ~~~~~~~~~~~~~^~~~~~~~~~~~~~~~~~~~~~~~~~~~~~~~~~~~~~~~~~~~~~~~~~~~
D:\src\projects\helloworld\src\opf\OPFpp.cpp:127:33: error: too many arguments to function
  127 |           weight = opf_ArcWeight(sgtrain.nodes[l].feat, sg.nodes[i].feat, sg.nfeats);
      |                    ~~~~~~~~~~~~~^~~~~~~~~~~~~~~~~~~~~~~~~~~~~~~~~~~~~~~~~~~~~~~~~~~~
D:\src\projects\helloworld\src\opf\SNode.cpp:18:34: error: 'adj' was not declared in this scope
   18 |         std::vector<int> adj_vec(adj.begin(), adj.end());
      |                                  ^~~
D:\src\projects\helloworld\src\opf\SNode.cpp:19:30: error: 'span' is not a member of 'std'
   19 |         auto span_adj = std::span(reinterpret_cast<const std::uint8_t*>(adj_vec.data()),
      |                              ^~~~
D:\src\projects\helloworld\src\opf\SNode.cpp:19:30: note: 'std::span' is only available from C++20 onwards
D:\src\projects\helloworld\src\opf\SNode.cpp:21:31: error: 'base64' has not been declared
   21 |         std::string adj_b64 = base64::encode(span_adj);
      |                               ^~~~~~
D:\src\projects\helloworld\src\opf\SNode.cpp:23:9: error: 'j' was not declared in this scope; did you mean 'jn'?
   23 |         j = json{
      |         ^
      |         jn
D:\src\projects\helloworld\src\opf\OPFpp.cpp: In function 'opf::Subgraph* opf::opf_OPFSemiLearning(Subgraph&, Subgraph&, Subgraph&)':
D:\src\projects\helloworld\src\opf\OPFpp.cpp:150:40: error: 'opf_MergeSubgraph' was not declared in this scope
  150 |     std::unique_ptr<Subgraph> merged = opf_MergeSubgraph(sg, nonsg);
      |                                        ^~~~~~~~~~~~~~~~~
D:\src\projects\helloworld\src\opf\SNode.cpp:25:26: error: 'position' was not declared in this scope
   25 |             {"position", position}, {"truelabel", truelabel},
      |                          ^~~~~~~~
D:\src\projects\helloworld\src\opf\OPFpp.cpp:157:7: error: 'opf_OPFLearning' was not declared in this scope; did you mean 'opf_OPFTraining'?
  157 |       opf_OPFLearning(merged, sgeval);
      |       ^~~~~~~~~~~~~~~
      |       opf_OPFTraining
D:\src\projects\helloworld\src\opf\OPFpp.cpp:161:39: error: 'class std::unique_ptr<opf::Subgraph>' has no member named 'nodes'
  161 |         CopySNode(sg.nodes[i], merged.nodes[i], sg.nfeats);
      |                                       ^~~~~
D:\src\projects\helloworld\src\opf\OPFpp.cpp:161:9: error: 'CopySNode' was not declared in this scope
  161 |         CopySNode(sg.nodes[i], merged.nodes[i], sg.nfeats);
      |         ^~~~~~~~~
D:\src\projects\helloworld\src\opf\OPFpp.cpp:164:25: error: 'class std::unique_ptr<opf::Subgraph>' has no member named 'nnodes'
  164 |       for (i = ((merged.nnodes) - (nonsg.nnodes)); i < merged.nnodes; i++)
      |                         ^~~~~~
D:\src\projects\helloworld\src\opf\OPFpp.cpp:164:42: error: 'class opf::Subgraph' has no member named 'nnodes'; did you mean 'nodes'?
  164 |       for (i = ((merged.nnodes) - (nonsg.nnodes)); i < merged.nnodes; i++)
      |                                          ^~~~~~
      |                                          nodes
D:\src\projects\helloworld\src\opf\OPFpp.cpp:164:63: error: 'class std::unique_ptr<opf::Subgraph>' has no member named 'nnodes'
  164 |       for (i = ((merged.nnodes) - (nonsg.nnodes)); i < merged.nnodes; i++)
      |                                                               ^~~~~~
D:\src\projects\helloworld\src\opf\OPFpp.cpp:166:45: error: 'class std::unique_ptr<opf::Subgraph>' has no member named 'nodes'
  166 |         CopySNode(nonsg.nodes[cont], merged.nodes[i], nonsg.nfeats);
      |                                             ^~~~~
D:\src\projects\helloworld\src\opf\SNode.cpp:25:51: error: 'truelabel' was not declared in this scope
   25 |             {"position", position}, {"truelabel", truelabel},
      |                                                   ^~~~~~~~~
D:\src\projects\helloworld\src\opf\OPFpp.cpp:166:9: error: 'CopySNode' was not declared in this scope
  166 |         CopySNode(nonsg.nodes[cont], merged.nodes[i], nonsg.nfeats);
      |         ^~~~~~~~~
D:\src\projects\helloworld\src\opf\SNode.cpp:26:23: error: 'label' was not declared in this scope
   26 |             {"label", label}, {"pred", pred}, {"root", root},
      |                       ^~~~~
D:\src\projects\helloworld\src\opf\OPFpp.cpp:172:5: error: 'opf_MSTPrototypes' was not declared in this scope
  172 |     opf_MSTPrototypes(sg);
      |     ^~~~~~~~~~~~~~~~~
D:\src\projects\helloworld\src\opf\OPFpp.cpp:177:39: error: 'class std::unique_ptr<opf::Subgraph>' has no member named 'nnodes'
  177 |     std::vector<float> pathval(merged.nnodes);
      |                                       ^~~~~~
D:\src\projects\helloworld\src\opf\OPFpp.cpp:178:27: error: 'class std::unique_ptr<opf::Subgraph>' has no member named 'nnodes'
  178 |     PriorityHeap Q(merged.nnodes, pathval);
      |                           ^~~~~~
D:\src\projects\helloworld\src\opf\OPFpp.cpp:180:28: error: 'class std::unique_ptr<opf::Subgraph>' has no member named 'nnodes'
  180 |     for (p = 0; p < merged.nnodes; p++)
      |                            ^~~~~~
D:\src\projects\helloworld\src\opf\OPFpp.cpp:182:18: error: 'class std::unique_ptr<opf::Subgraph>' has no member named 'node'
  182 |       if (merged.node[p].status == opf_PROTOTYPE)
      |                  ^~~~
D:\src\projects\helloworld\src\opf\OPFpp.cpp:184:16: error: 'class std::unique_ptr<opf::Subgraph>' has no member named 'node'
  184 |         merged.node[p].pred = NIL;
      |                ^~~~
D:\src\projects\helloworld\src\opf\OPFpp.cpp:186:16: error: 'class std::unique_ptr<opf::Subgraph>' has no member named 'node'
  186 |         merged.node[p].label = merged.node[p].truelabel;
      |                ^~~~
D:\src\projects\helloworld\src\opf\OPFpp.cpp:186:39: error: 'class std::unique_ptr<opf::Subgraph>' has no member named 'node'
  186 |         merged.node[p].label = merged.node[p].truelabel;
      |                                       ^~~~
D:\src\projects\helloworld\src\opf\OPFpp.cpp:200:14: error: 'class std::unique_ptr<opf::Subgraph>' has no member named 'ordered_list_of_nodes'
  200 |       merged.ordered_list_of_nodes[i] = p;
      |              ^~~~~~~~~~~~~~~~~~~~~
D:\src\projects\helloworld\src\opf\OPFpp.cpp:202:14: error: 'class std::unique_ptr<opf::Subgraph>' has no member named 'node'
  202 |       merged.node[p].pathval = pathval[p];
      |              ^~~~
D:\src\projects\helloworld\src\opf\OPFpp.cpp:204:30: error: 'class std::unique_ptr<opf::Subgraph>' has no member named 'nnodes'
  204 |       for (q = 0; q < merged.nnodes; q++)
      |                              ^~~~~~
D:\src\projects\helloworld\src\opf\OPFpp.cpp:211:45: error: 'class std::unique_ptr<opf::Subgraph>' has no member named 'node'
  211 |               weight = opf_ArcWeight(merged.node[p].feat, merged.node[q].feat, merged.nfeats);
      |                                             ^~~~
D:\src\projects\helloworld\src\opf\OPFpp.cpp:211:66: error: 'class std::unique_ptr<opf::Subgraph>' has no member named 'node'
  211 |               weight = opf_ArcWeight(merged.node[p].feat, merged.node[q].feat, merged.nfeats);
      |                                                                  ^~~~
D:\src\projects\helloworld\src\opf\OPFpp.cpp:211:87: error: 'class std::unique_ptr<opf::Subgraph>' has no member named 'nfeats'
  211 |               weight = opf_ArcWeight(merged.node[p].feat, merged.node[q].feat, merged.nfeats);
      |                                                                                       ^~~~~~
D:\src\projects\helloworld\src\opf\OPFpp.cpp:213:49: error: 'class std::unique_ptr<opf::Subgraph>' has no member named 'node'
  213 |               weight = opf_DistanceValue[merged.node[p].position][merged.node[q].position];
      |                                                 ^~~~
D:\src\projects\helloworld\src\opf\OPFpp.cpp:213:74: error: 'class std::unique_ptr<opf::Subgraph>' has no member named 'node'
  213 |               weight = opf_DistanceValue[merged.node[p].position][merged.node[q].position];
      |                                                                          ^~~~
D:\src\projects\helloworld\src\opf\OPFpp.cpp:217:22: error: 'class std::unique_ptr<opf::Subgraph>' has no member named 'node'
  217 |               merged.node[q].pred = p;
      |                      ^~~~
D:\src\projects\helloworld\src\opf\OPFpp.cpp:218:22: error: 'class std::unique_ptr<opf::Subgraph>' has no member named 'node'
  218 |               merged.node[q].label = merged.node[p].label;
      |                      ^~~~
D:\src\projects\helloworld\src\opf\OPFpp.cpp:218:45: error: 'class std::unique_ptr<opf::Subgraph>' has no member named 'node'
  218 |               merged.node[q].label = merged.node[p].label;
      |                                             ^~~~
D:\src\projects\helloworld\src\opf\OPFpp.cpp:219:22: error: 'class std::unique_ptr<opf::Subgraph>' has no member named 'node'
  219 |               merged.node[q].truelabel = merged.node[q].label;
      |                      ^~~~
D:\src\projects\helloworld\src\opf\OPFpp.cpp:219:49: error: 'class std::unique_ptr<opf::Subgraph>' has no member named 'node'
  219 |               merged.node[q].truelabel = merged.node[q].label;
      |                                                 ^~~~
D:\src\projects\helloworld\src\opf\OPFpp.cpp:227:12: error: cannot convert 'std::unique_ptr<opf::Subgraph>' to 'opf::Subgraph*' in return
  227 |     return merged;
      |            ^~~~~~
      |            |
      |            std::unique_ptr<opf::Subgraph>
D:\src\projects\helloworld\src\opf\OPFpp.cpp: In function 'void opf::opf_OPFKNNClassify(Subgraph&, Subgraph&)':
D:\src\projects\helloworld\src\opf\OPFpp.cpp:238:24: error: 'class opf::Subgraph' has no member named 'nnodes'; did you mean 'nodes'?
  238 |     for (i = 0; i < sg.nnodes; i++)
      |                        ^~~~~~
      |                        nodes
D:\src\projects\helloworld\src\opf\OPFpp.cpp:240:32: error: 'class opf::Subgraph' has no member named 'nnodes'; did you mean 'nodes'?
  240 |       for (j = 0; (j < sgtrain.nnodes); j++)
      |                                ^~~~~~
      |                                nodes
D:\src\projects\helloworld\src\opf\OPFpp.cpp:244:42: error: 'class opf::Subgraph' has no member named 'node'; did you mean 'nodes'?
  244 |           weight = opf_ArcWeight(sgtrain.node[k].feat, sg.node[i].feat, sg.nfeats);
      |                                          ^~~~
      |                                          nodes
D:\src\projects\helloworld\src\opf\OPFpp.cpp:244:59: error: 'class opf::Subgraph' has no member named 'node'; did you mean 'nodes'?
  244 |           weight = opf_ArcWeight(sgtrain.node[k].feat, sg.node[i].feat, sg.nfeats);
      |                                                           ^~~~
      |                                                           nodes
D:\src\projects\helloworld\src\opf\OPFpp.cpp:246:46: error: 'class opf::Subgraph' has no member named 'node'; did you mean 'nodes'?
  246 |           weight = opf_DistanceValue[sgtrain.node[k].position][sg.node[i].position];
      |                                              ^~~~
      |                                              nodes
D:\src\projects\helloworld\src\opf\OPFpp.cpp:246:67: error: 'class opf::Subgraph' has no member named 'node'; did you mean 'nodes'?
  246 |           weight = opf_DistanceValue[sgtrain.node[k].position][sg.node[i].position];
      |                                                                   ^~~~
      |                                                                   nodes
D:\src\projects\helloworld\src\opf\OPFpp.cpp:247:31: error: 'class opf::Subgraph' has no member named 'node'; did you mean 'nodes'?
  247 |         if (weight <= sgtrain.node[k].radius)
      |                               ^~~~
      |                               nodes
D:\src\projects\helloworld\src\opf\OPFpp.cpp:249:14: error: 'class opf::Subgraph' has no member named 'node'; did you mean 'nodes'?
  249 |           sg.node[i].label = sgtrain.node[k].label;
      |              ^~~~
      |              nodes
D:\src\projects\helloworld\src\opf\OPFpp.cpp:249:38: error: 'class opf::Subgraph' has no member named 'node'; did you mean 'nodes'?
  249 |           sg.node[i].label = sgtrain.node[k].label;
      |                                      ^~~~
      |                                      nodes
D:\src\projects\helloworld\src\opf\SNode.cpp:26:40: error: 'pred' was not declared in this scope
   26 |             {"label", label}, {"pred", pred}, {"root", root},
      |                                        ^~~~
D:\src\projects\helloworld\src\opf\SNode.cpp:26:56: error: 'root' was not declared in this scope
   26 |             {"label", label}, {"pred", pred}, {"root", root},
      |                                                        ^~~~
D:\src\projects\helloworld\src\opf\OPFpp.cpp: In function 'void opf::opf_OPFLearning(Subgraph&, Subgraph&)':
D:\src\projects\helloworld\src\opf\OPFpp.cpp:275:13: error: 'opf_Accuracy' was not declared in this scope
  275 |       Acc = opf_Accuracy(sgeval);
      |             ^~~~~~~~~~~~
D:\src\projects\helloworld\src\opf\OPFpp.cpp:279:22: error: 'class opf::Subgraph' has no member named 'copy'
  279 |         sg = sgtrain.copy()
      |                      ^~~~
D:\src\projects\helloworld\src\opf\OPFpp.cpp:280:24: error: no match for 'operator*' (operand type is 'opf::Subgraph')
  280 |                  *sg = *sgtrain;
      |                        ^~~~~~~~
D:\src\projects\helloworld\src\opf\OPFpp.cpp:282:37: error: no match for 'operator*' (operand type is 'opf::Subgraph')
  282 |       opf_SwapErrorsbyNonPrototypes(*sgtrain, *sgeval);
      |                                     ^~~~~~~~
D:\src\projects\helloworld\src\opf\OPFpp.cpp:282:47: error: no match for 'operator*' (operand type is 'opf::Subgraph')
  282 |       opf_SwapErrorsbyNonPrototypes(*sgtrain, *sgeval);
      |                                               ^~~~~~~
D:\src\projects\helloworld\src\opf\SNode.cpp:27:25: error: 'pathval' was not declared in this scope
   27 |             {"pathval", pathval}, {"radius", radius}, {"dens", dens},
      |                         ^~~~~~~
D:\src\projects\helloworld\src\opf\OPFpp.cpp:282:7: error: 'opf_SwapErrorsbyNonPrototypes' was not declared in this scope
  282 |       opf_SwapErrorsbyNonPrototypes(*sgtrain, *sgeval);
      |       ^~~~~~~~~~~~~~~~~~~~~~~~~~~~~
D:\src\projects\helloworld\src\opf\OPFpp.cpp:288:27: error: no match for 'operator=' (operand types are 'opf::Subgraph' and 'std::remove_reference<std::unique_ptr<opf::Subgraph>&>::type' {aka 'std::unique_ptr<opf::Subgraph>'})
  288 |     sgtrain = std::move(sg);
      |                           ^
D:\src\projects\helloworld\src\opf\OPFpp.cpp:288:27: note: there is 1 candidate
In file included from D:/src/projects/helloworld/include/OPFpp.hpp:11:
D:/src/projects/helloworld/include/opf/Subgraph.hpp:13:11: note: candidate 1: 'opf::Subgraph& opf::Subgraph::operator=(const opf::Subgraph&)'
   13 |     class Subgraph
      |           ^~~~~~~~
D:/src/projects/helloworld/include/opf/Subgraph.hpp:13:11: note: no known conversion for argument 1 from 'std::remove_reference<std::unique_ptr<opf::Subgraph>&>::type' {aka 'std::unique_ptr<opf::Subgraph>'} to 'const opf::Subgraph&'
D:\src\projects\helloworld\src\opf\SNode.cpp:27:46: error: 'radius' was not declared in this scope
   27 |             {"pathval", pathval}, {"radius", radius}, {"dens", dens},
      |                                              ^~~~~~
D:\src\projects\helloworld\src\opf\OPFpp.cpp: In function 'void opf::opf_OPFAgglomerativeLearning(Subgraph&, Subgraph&)':
D:\src\projects\helloworld\src\opf\OPFpp.cpp:304:13: error: 'opf_Accuracy' was not declared in this scope
  304 |       Acc = opf_Accuracy(sgeval);
      |             ^~~~~~~~~~~~
D:\src\projects\helloworld\src\opf\SNode.cpp:27:64: error: 'dens' was not declared in this scope
   27 |             {"pathval", pathval}, {"radius", radius}, {"dens", dens},
      |                                                                ^~~~
D:\src\projects\helloworld\src\opf\SNode.cpp:28:24: error: 'status' was not declared in this scope; did you mean 'std::filesystem::status'?
   28 |             {"status", status}, {"relevant", relevant}, {"nplatadj", nplatadj}
      |                        ^~~~~~
      |                        std::filesystem::status
In file included from D:/msys64/ucrt64/include/c++/15.2.0/filesystem:56,
                 from C:/Users/leonardo_rocha/.conan2/p/nlohm0567ffc90cfc1/p/include/nlohmann/detail/meta/std_fs.hpp:22,
                 from C:/Users/leonardo_rocha/.conan2/p/nlohm0567ffc90cfc1/p/include/nlohmann/detail/conversions/from_json.hpp:27,
                 from C:/Users/leonardo_rocha/.conan2/p/nlohm0567ffc90cfc1/p/include/nlohmann/adl_serializer.hpp:14,
                 from C:/Users/leonardo_rocha/.conan2/p/nlohm0567ffc90cfc1/p/include/nlohmann/json.hpp:34,
                 from D:/src/projects/helloworld/include/opf/SNode.hpp:2:
D:/msys64/ucrt64/include/c++/15.2.0/bits/fs_ops.h:360:15: note: 'std::filesystem::status' declared here
  360 |   file_status status(const path& __p, error_code& __ec) noexcept;
      |               ^~~~~~
D:\src\projects\helloworld\src\opf\OPFpp.cpp:306:7: error: 'opf_MoveMisclassifiedNodes' was not declared in this scope
  306 |       opf_MoveMisclassifiedNodes(sgeval, sgtrain, n);
      |       ^~~~~~~~~~~~~~~~~~~~~~~~~~
D:\src\projects\helloworld\src\opf\OPFpp.cpp: In function 'void opf::opf_OPFClustering(Subgraph&)':
D:\src\projects\helloworld\src\opf\OPFpp.cpp:320:46: error: 'template<class T> class PriorityHeap' used without template arguments
  320 |     PriorityHeap Q(sg.nodes.size(), pathval, PriorityHeap::Policy::MAX_VALUE);
      |                                              ^~~~~~~~~~~~
D:\src\projects\helloworld\src\opf\OPFpp.cpp: In function 'void opf::opf_ResetSubgraph(Subgraph&)':
D:\src\projects\helloworld\src\opf\OPFpp.cpp:397:8: error: 'class opf::Subgraph' has no member named 'DestroyArcs'
  397 |     sg.DestroyArcs();
      |        ^~~~~~~~~~~
D:\src\projects\helloworld\src\opf\OPFpp.cpp: In function 'void opf::opf_MarkNodes(Subgraph*, int)':
D:\src\projects\helloworld\src\opf\OPFpp.cpp:443:14: error: request for member 'node' in 'g', which is of pointer type 'opf::Subgraph*' (maybe you meant to use '->' ?)
  443 |     while (g.node[i].pred != NIL)
      |              ^~~~
D:\src\projects\helloworld\src\opf\OPFpp.cpp:445:9: error: request for member 'node' in 'g', which is of pointer type 'opf::Subgraph*' (maybe you meant to use '->' ?)
  445 |       g.node[i].relevant = 1;
      |         ^~~~
D:\src\projects\helloworld\src\opf\OPFpp.cpp:446:13: error: request for member 'node' in 'g', which is of pointer type 'opf::Subgraph*' (maybe you meant to use '->' ?)
  446 |       i = g.node[i].pred;
      |             ^~~~
D:\src\projects\helloworld\src\opf\OPFpp.cpp:448:7: error: request for member 'node' in 'g', which is of pointer type 'opf::Subgraph*' (maybe you meant to use '->' ?)
  448 |     g.node[i].relevant = 1;
      |       ^~~~
D:\src\projects\helloworld\src\opf\OPFpp.cpp: In function 'void opf::opf_RemoveIrrelevantNodes(Subgraph&)':
D:\src\projects\helloworld\src\opf\OPFpp.cpp:467:13: error: 'class std::unique_ptr<opf::Subgraph>' has no member named 'nodes'
  467 |       newsg.nodes = std::move(relevant_nodes);
      |             ^~~~~
D:\src\projects\helloworld\src\opf\OPFpp.cpp:469:27: error: no match for 'operator=' (operand types are 'opf::Subgraph' and 'std::remove_reference<std::unique_ptr<opf::Subgraph>&>::type' {aka 'std::unique_ptr<opf::Subgraph>'})
  469 |       sg = std::move(newsg);
      |                           ^
D:\src\projects\helloworld\src\opf\OPFpp.cpp:469:27: note: there is 1 candidate
D:/src/projects/helloworld/include/opf/Subgraph.hpp:13:11: note: candidate 1: 'opf::Subgraph& opf::Subgraph::operator=(const opf::Subgraph&)'
   13 |     class Subgraph
      |           ^~~~~~~~
D:/src/projects/helloworld/include/opf/Subgraph.hpp:13:11: note: no known conversion for argument 1 from 'std::remove_reference<std::unique_ptr<opf::Subgraph>&>::type' {aka 'std::unique_ptr<opf::Subgraph>'} to 'const opf::Subgraph&'
D:\src\projects\helloworld\src\opf\OPFpp.cpp: In function 'void opf::opf_MoveIrrelevantNodes(Subgraph&, Subgraph&)':
D:\src\projects\helloworld\src\opf\OPFpp.cpp:491:14: error: 'class std::unique_ptr<opf::Subgraph>' has no member named 'nodes'
  491 |       newsrc.nodes = std::move(relevant_nodes);
      |              ^~~~~
D:\src\projects\helloworld\src\opf\OPFpp.cpp:497:14: error: 'class std::unique_ptr<opf::Subgraph>' has no member named 'nodes'
  497 |       newdst.nodes = std::move(newdst_nodes);
      |              ^~~~~
D:\src\projects\helloworld\src\opf\OPFpp.cpp:499:29: error: no match for 'operator=' (operand types are 'opf::Subgraph' and 'std::remove_reference<std::unique_ptr<opf::Subgraph>&>::type' {aka 'std::unique_ptr<opf::Subgraph>'})
  499 |       src = std::move(newsrc);
      |                             ^
D:\src\projects\helloworld\src\opf\OPFpp.cpp:499:29: note: there is 1 candidate
D:/src/projects/helloworld/include/opf/Subgraph.hpp:13:11: note: candidate 1: 'opf::Subgraph& opf::Subgraph::operator=(const opf::Subgraph&)'
   13 |     class Subgraph
      |           ^~~~~~~~
D:/src/projects/helloworld/include/opf/Subgraph.hpp:13:11: note: no known conversion for argument 1 from 'std::remove_reference<std::unique_ptr<opf::Subgraph>&>::type' {aka 'std::unique_ptr<opf::Subgraph>'} to 'const opf::Subgraph&'
D:\src\projects\helloworld\src\opf\OPFpp.cpp:500:29: error: no match for 'operator=' (operand types are 'opf::Subgraph' and 'std::remove_reference<std::unique_ptr<opf::Subgraph>&>::type' {aka 'std::unique_ptr<opf::Subgraph>'})
  500 |       dst = std::move(newdst);
      |                             ^
D:\src\projects\helloworld\src\opf\OPFpp.cpp:500:29: note: there is 1 candidate
D:/src/projects/helloworld/include/opf/Subgraph.hpp:13:11: note: candidate 1: 'opf::Subgraph& opf::Subgraph::operator=(const opf::Subgraph&)'
   13 |     class Subgraph
      |           ^~~~~~~~
D:/src/projects/helloworld/include/opf/Subgraph.hpp:13:11: note: no known conversion for argument 1 from 'std::remove_reference<std::unique_ptr<opf::Subgraph>&>::type' {aka 'std::unique_ptr<opf::Subgraph>'} to 'const opf::Subgraph&'
D:\src\projects\helloworld\src\opf\OPFpp.cpp: In function 'void opf::opf_WriteModelFile(Subgraph*, char*)':
D:\src\projects\helloworld\src\opf\OPFpp.cpp:529:7: error: request for member 'Write' in 'g', which is of pointer type 'opf::Subgraph*' (maybe you meant to use '->' ?)
  529 |     g.Write(file);
      |       ^~~~~
D:\src\projects\helloworld\src\opf\OPFpp.cpp: In function 'void opf::opf_NormalizeFeatures(Subgraph&)':
D:\src\projects\helloworld\src\opf\OPFpp.cpp:546:26: error: 'class opf::Subgraph' has no member named 'nnodes'; did you mean 'nodes'?
  546 |       for (j = 0; j < sg.nnodes; j++)
      |                          ^~~~~~
      |                          nodes
D:\src\projects\helloworld\src\opf\OPFpp.cpp:547:23: error: 'class opf::Subgraph' has no member named 'node'; did you mean 'nodes'?
  547 |         mean[i] += sg.node[j].feat[i] / sg.nnodes;
      |                       ^~~~
      |                       nodes
D:\src\projects\helloworld\src\opf\OPFpp.cpp:547:44: error: 'class opf::Subgraph' has no member named 'nnodes'; did you mean 'nodes'?
  547 |         mean[i] += sg.node[j].feat[i] / sg.nnodes;
      |                                            ^~~~~~
      |                                            nodes
D:\src\projects\helloworld\src\opf\OPFpp.cpp:548:26: error: 'class opf::Subgraph' has no member named 'nnodes'; did you mean 'nodes'?
  548 |       for (j = 0; j < sg.nnodes; j++)
      |                          ^~~~~~
      |                          nodes
D:\src\projects\helloworld\src\opf\OPFpp.cpp:549:26: error: 'class opf::Subgraph' has no member named 'node'; did you mean 'nodes'?
  549 |         std[i] += pow(sg.node[j].feat[i] - mean[i], 2) / sg.nnodes;
      |                          ^~~~
      |                          nodes
D:\src\projects\helloworld\src\opf\OPFpp.cpp:549:61: error: 'class opf::Subgraph' has no member named 'nnodes'; did you mean 'nodes'?
  549 |         std[i] += pow(sg.node[j].feat[i] - mean[i], 2) / sg.nnodes;
      |                                                             ^~~~~~
      |                                                             nodes
D:\src\projects\helloworld\src\opf\SNode.cpp:28:46: error: 'relevant' was not declared in this scope
   28 |             {"status", status}, {"relevant", relevant}, {"nplatadj", nplatadj}
      |                                              ^~~~~~~~
D:\src\projects\helloworld\src\opf\OPFpp.cpp:557:26: error: 'class opf::Subgraph' has no member named 'nnodes'; did you mean 'nodes'?
  557 |       for (j = 0; j < sg.nnodes; j++)
      |                          ^~~~~~
      |                          nodes
D:\src\projects\helloworld\src\opf\OPFpp.cpp:558:12: error: 'class opf::Subgraph' has no member named 'node'; did you mean 'nodes'?
  558 |         sg.node[j].feat[i] = (sg.node[j].feat[i] - mean[i]) / std[i];
      |            ^~~~
      |            nodes
D:\src\projects\helloworld\src\opf\OPFpp.cpp:558:34: error: 'class opf::Subgraph' has no member named 'node'; did you mean 'nodes'?
  558 |         sg.node[j].feat[i] = (sg.node[j].feat[i] - mean[i]) / std[i];
      |                                  ^~~~
      |                                  nodes
D:\src\projects\helloworld\src\opf\OPFpp.cpp: In function 'void opf::opf_MSTPrototypes(Subgraph&)':
D:\src\projects\helloworld\src\opf\OPFpp.cpp:575:44: error: class template argument deduction failed:
  575 |     PriorityHeap Q(sg.nodes.size(), pathval);
      |                                            ^
D:\src\projects\helloworld\src\opf\OPFpp.cpp:575:44: error: no matching function for call to 'PriorityHeap(std::vector<opf::SNode>::size_type, std::vector<float>&)'
D:\src\projects\helloworld\src\opf\OPFpp.cpp:575:44: note: there are 2 candidates
D:/src/projects/helloworld/include/opf/PriorityHeap.hpp:39:18: note: candidate 1: 'template<class T> PriorityHeap(int, std::vector<float>, Policy) -> PriorityHeap<T>'
   39 |         explicit PriorityHeap(int size, std::vector<float> costs, Policy policy = Policy::MIN_VALUE);
      |                  ^~~~~~~~~~~~
D:/src/projects/helloworld/include/opf/PriorityHeap.hpp:39:18: note: template argument deduction/substitution failed:
D:\src\projects\helloworld\src\opf\OPFpp.cpp:575:44: note:   couldn't deduce template parameter 'T'
  575 |     PriorityHeap Q(sg.nodes.size(), pathval);
      |                                            ^
D:/src/projects/helloworld/include/opf/PriorityHeap.hpp:23:11: note: candidate 2: 'template<class T> PriorityHeap(PriorityHeap<T>) -> PriorityHeap<T>'
   23 |     class PriorityHeap
      |           ^~~~~~~~~~~~
D:/src/projects/helloworld/include/opf/PriorityHeap.hpp:23:11: note: candidate expects 1 argument, 2 provided
D:\src\projects\helloworld\src\opf\OPFpp.cpp:613:30: error: 'template<class T> class PriorityHeap' used without template arguments
  613 |         if (Q.GetColor(q) != PriorityHeap::BLACK)
      |                              ^~~~~~~~~~~~
D:/src/projects/helloworld/include/opf/common.hpp:27:21: error: expected unqualified-id before numeric constant
   27 | #define BLACK       2
      |                     ^
D:\src\projects\helloworld\src\opf\OPFpp.cpp:613:44: note: in expansion of macro 'BLACK'
  613 |         if (Q.GetColor(q) != PriorityHeap::BLACK)
      |                                            ^~~~~
D:\src\projects\helloworld\src\opf\OPFpp.cpp:613:44: error: expected ')' before numeric constant
  613 |         if (Q.GetColor(q) != PriorityHeap::BLACK)
      |            ~                               ^
      |                                            )
D:\src\projects\helloworld\src\opf\OPFpp.cpp:618:37: error: too many arguments to function
  618 |               weight = opf_ArcWeight(sg.nodes[p].feat, sg.nodes[q].feat, sg.nfeats);
      |                        ~~~~~~~~~~~~~^~~~~~~~~~~~~~~~~~~~~~~~~~~~~~~~~~~~~~~~~~~~~~~
In file included from D:\src\projects\helloworld\src\opf\SgCTree.cpp:2:
D:/src/projects/helloworld/include/opf/GQueue.hpp:24:44: error: 'std::span' has not been declared
   24 |         GQueue(int n_buckets, int n_elems, std::span<int> values);
      |                                            ^~~
D:\src\projects\helloworld\src\opf\OPFpp.cpp: In function 'opf::Subgraph** opf::kFoldSubgraph(Subgraph&, int)':
D:\src\projects\helloworld\src\opf\OPFpp.cpp:640:24: error: 'class opf::Subgraph' has no member named 'nnodes'; did you mean 'nodes'?
  640 |     for (i = 0; i < sg.nnodes; i++)
      |                        ^~~~~~
      |                        nodes
D:/src/projects/helloworld/include/opf/GQueue.hpp:24:44: note: 'std::span' is only available from C++20 onwards
D:\src\projects\helloworld\src\opf\OPFpp.cpp:642:10: error: 'class opf::Subgraph' has no member named 'node'; did you mean 'nodes'?
  642 |       sg.node[i].status = 0;
      |          ^~~~
      |          nodes
D:/src/projects/helloworld/include/opf/GQueue.hpp:24:53: error: expected ',' or '...' before '<' token
   24 |         GQueue(int n_buckets, int n_elems, std::span<int> values);
      |                                                     ^
D:\src\projects\helloworld\src\opf\OPFpp.cpp:643:16: error: 'class opf::Subgraph' has no member named 'node'; did you mean 'nodes'?
  643 |       label[sg.node[i].truelabel]++;
      |                ^~~~
      |                nodes
D:\src\projects\helloworld\src\opf\OPFpp.cpp:646:24: error: 'class opf::Subgraph' has no member named 'nnodes'; did you mean 'nodes'?
  646 |     for (i = 0; i < sg.nnodes; i++)
      |                        ^~~~~~
      |                        nodes
D:\src\projects\helloworld\src\opf\OPFpp.cpp:647:17: error: 'class opf::Subgraph' has no member named 'node'; did you mean 'nodes'?
  647 |       nelems[sg.node[i].truelabel] = MAX((int)((1 / (float)k) * label[sg.node[i].truelabel]), 1);
      |                 ^~~~
      |                 nodes
D:\src\projects\helloworld\src\opf\OPFpp.cpp:647:74: error: 'class opf::Subgraph' has no member named 'node'; did you mean 'nodes'?
  647 |       nelems[sg.node[i].truelabel] = MAX((int)((1 / (float)k) * label[sg.node[i].truelabel]), 1);
      |                                                                          ^~~~
D:/src/projects/helloworld/include/opf/common.hpp:35:21: note: in definition of macro 'MAX'
   35 | #define MAX(x,y) (((x) > (y))?(x):(y))
      |                     ^
D:\src\projects\helloworld\src\opf\OPFpp.cpp:647:74: error: 'class opf::Subgraph' has no member named 'node'; did you mean 'nodes'?
  647 |       nelems[sg.node[i].truelabel] = MAX((int)((1 / (float)k) * label[sg.node[i].truelabel]), 1);
      |                                                                          ^~~~
D:/src/projects/helloworld/include/opf/common.hpp:35:32: note: in definition of macro 'MAX'
   35 | #define MAX(x,y) (((x) > (y))?(x):(y))
      |                                ^
D:/src/projects/helloworld/include/opf/GQueue.hpp:47:18: error: 'span' in namespace 'std' does not name a template type
   47 |             std::span<int> value;
      |                  ^~~~
D:/src/projects/helloworld/include/opf/GQueue.hpp:47:13: note: 'std::span' is only available from C++20 onwards
   47 |             std::span<int> value;
      |             ^~~
D:\src\projects\helloworld\src\opf\SgCTree.cpp: In constructor 'opf::SgCTree::SgCTree(const opf::Subgraph&)':
D:\src\projects\helloworld\src\opf\SgCTree.cpp:28:32: error: no matching function for call to 'opf::GQueue::GQueue(int, const size_t&, std::vector<int>&)'
   28 |     GQueue Q(Imax + 1, n, level);
      |                                ^
D:\src\projects\helloworld\src\opf\SgCTree.cpp:28:32: note: there are 3 candidates
D:/src/projects/helloworld/include/opf/GQueue.hpp:24:9: note: candidate 1: 'opf::GQueue::GQueue(int, int, int)'
   24 |         GQueue(int n_buckets, int n_elems, std::span<int> values);
      |         ^~~~~~
D:/src/projects/helloworld/include/opf/GQueue.hpp:24:44: note: no known conversion for argument 3 from 'std::vector<int>' to 'int'
   24 |         GQueue(int n_buckets, int n_elems, std::span<int> values);
      |                                            ^~~~~~~~~
D:/src/projects/helloworld/include/opf/GQueue.hpp:10:11: note: candidate 2: 'opf::GQueue::GQueue(const opf::GQueue&)'
   10 |     class GQueue
      |           ^~~~~~
D:/src/projects/helloworld/include/opf/GQueue.hpp:10:11: note: candidate expects 1 argument, 3 provided
D:/src/projects/helloworld/include/opf/GQueue.hpp:10:11: note: candidate 3: 'opf::GQueue::GQueue(opf::GQueue&&)'
D:/src/projects/helloworld/include/opf/GQueue.hpp:10:11: note: candidate expects 1 argument, 3 provided
D:\src\projects\helloworld\src\opf\SgCTree.cpp:45:23: error: 'opf::GQueue::DoublyLinkedLists opf::GQueue::m_L' is private within this context
   45 |                 if (Q.m_L.elem[q].color == 1 /*GRAY*/) { // Accessing internal for perf
      |                       ^~~
D:/src/projects/helloworld/include/opf/GQueue.hpp:48:11: note: declared private here
   48 |         } m_L;
      |           ^~~
D:\src\projects\helloworld\src\opf\OPFpp.cpp:658:16: error: 'CreateSubgraph' was not declared in this scope
  658 |       out[i] = CreateSubgraph(foldsize);
      |                ^~~~~~~~~~~~~~
D:\src\projects\helloworld\src\opf\OPFpp.cpp:659:14: error: request for member 'nfeats' in '*(out + ((sizetype)(((long long unsigned int)i) * 8)))', which is of pointer type 'opf::Subgraph*' (maybe you meant to use '->' ?)
  659 |       out[i].nfeats = sg.nfeats;
      |              ^~~~~~
D:\src\projects\helloworld\src\opf\OPFpp.cpp:660:14: error: request for member 'nlabels' in '*(out + ((sizetype)(((long long unsigned int)i) * 8)))', which is of pointer type 'opf::Subgraph*' (maybe you meant to use '->' ?)
  660 |       out[i].nlabels = sg.nlabels;
      |              ^~~~~~~
D:\src\projects\helloworld\src\opf\OPFpp.cpp:662:16: error: request for member 'node' in '*(out + ((sizetype)(((long long unsigned int)i) * 8)))', which is of pointer type 'opf::Subgraph*' (maybe you meant to use '->' ?)
  662 |         out[i].node[j].feat = (float *)malloc(sg.nfeats * sizeof(float));
      |                ^~~~
D:\src\projects\helloworld\src\opf\SNode.cpp:28:70: error: 'nplatadj' was not declared in this scope
   28 |             {"status", status}, {"relevant", relevant}, {"nplatadj", nplatadj}
      |                                                                      ^~~~~~~~
D:\src\projects\helloworld\src\opf\OPFpp.cpp:669:14: error: 'CreateSubgraph' was not declared in this scope
  669 |     out[i] = CreateSubgraph(foldsize + totelems);
      |              ^~~~~~~~~~~~~~
D:\src\projects\helloworld\src\opf\OPFpp.cpp:670:12: error: request for member 'nfeats' in '*(out + ((sizetype)(((long long unsigned int)i) * 8)))', which is of pointer type 'opf::Subgraph*' (maybe you meant to use '->' ?)
  670 |     out[i].nfeats = sg.nfeats;
      |            ^~~~~~
D:\src\projects\helloworld\src\opf\OPFpp.cpp:671:12: error: request for member 'nlabels' in '*(out + ((sizetype)(((long long unsigned int)i) * 8)))', which is of pointer type 'opf::Subgraph*' (maybe you meant to use '->' ?)
  671 |     out[i].nlabels = sg.nlabels;
      |            ^~~~~~~
D:\src\projects\helloworld\src\opf\OPFpp.cpp:674:14: error: request for member 'node' in '*(out + ((sizetype)(((long long unsigned int)i) * 8)))', which is of pointer type 'opf::Subgraph*' (maybe you meant to use '->' ?)
  674 |       out[i].node[j].feat = (float *)malloc(sg.nfeats * sizeof(float));
      |              ^~~~
D:\src\projects\helloworld\src\opf\OPFpp.cpp:702:30: error: 'class opf::Subgraph' has no member named 'nnodes'; did you mean 'nodes'?
  702 |           for (w = m; w < sg.nnodes; w++)
      |                              ^~~~~~
      |                              nodes
D:\src\projects\helloworld\src\opf\OPFpp.cpp:704:20: error: 'class opf::Subgraph' has no member named 'node'; did you mean 'nodes'?
  704 |             if (sg.node[w].status != NIL)
      |                    ^~~~
      |                    nodes
D:\src\projects\helloworld\src\opf\OPFpp.cpp:713:35: error: 'class opf::Subgraph' has no member named 'nnodes'; did you mean 'nodes'?
  713 |           j = RandomInteger(0, sg.nnodes - 1);
      |                                   ^~~~~~
      |                                   nodes
D:\src\projects\helloworld\src\opf\OPFpp.cpp:714:16: error: 'class opf::Subgraph' has no member named 'node'; did you mean 'nodes'?
  714 |         if (sg.node[j].status != NIL)
      |                ^~~~
      |                nodes
D:\src\projects\helloworld\src\opf\OPFpp.cpp:716:25: error: 'class opf::Subgraph' has no member named 'node'; did you mean 'nodes'?
  716 |           if (nelems[sg.node[j].truelabel] > 0)
      |                         ^~~~
      |                         nodes
D:\src\projects\helloworld\src\opf\OPFpp.cpp:718:20: error: request for member 'node' in '*(out + ((sizetype)(((long long unsigned int)i) * 8)))', which is of pointer type 'opf::Subgraph*' (maybe you meant to use '->' ?)
  718 |             out[i].node[z].position = sg.node[j].position;
      |                    ^~~~
D:\src\projects\helloworld\src\opf\OPFpp.cpp:718:42: error: 'class opf::Subgraph' has no member named 'node'; did you mean 'nodes'?
  718 |             out[i].node[z].position = sg.node[j].position;
      |                                          ^~~~
      |                                          nodes
D:\src\projects\helloworld\src\opf\OPFpp.cpp:720:22: error: request for member 'node' in '*(out + ((sizetype)(((long long unsigned int)i) * 8)))', which is of pointer type 'opf::Subgraph*' (maybe you meant to use '->' ?)
  720 |               out[i].node[z].feat[n] = sg.node[j].feat[n];
      |                      ^~~~
D:\src\projects\helloworld\src\opf\OPFpp.cpp:720:43: error: 'class opf::Subgraph' has no member named 'node'; did you mean 'nodes'?
  720 |               out[i].node[z].feat[n] = sg.node[j].feat[n];
      |                                           ^~~~
      |                                           nodes
D:\src\projects\helloworld\src\opf\OPFpp.cpp:721:20: error: request for member 'node' in '*(out + ((sizetype)(((long long unsigned int)i) * 8)))', which is of pointer type 'opf::Subgraph*' (maybe you meant to use '->' ?)
  721 |             out[i].node[z].truelabel = sg.node[j].truelabel;
      |                    ^~~~
D:\src\projects\helloworld\src\opf\OPFpp.cpp:721:43: error: 'class opf::Subgraph' has no member named 'node'; did you mean 'nodes'?
  721 |             out[i].node[z].truelabel = sg.node[j].truelabel;
      |                                           ^~~~
      |                                           nodes
D:\src\projects\helloworld\src\opf\OPFpp.cpp:722:23: error: 'class opf::Subgraph' has no member named 'node'; did you mean 'nodes'?
  722 |             nelems[sg.node[j].truelabel] = nelems[sg.node[j].truelabel] - 1;
      |                       ^~~~
      |                       nodes
D:\src\projects\helloworld\src\opf\OPFpp.cpp:722:54: error: 'class opf::Subgraph' has no member named 'node'; did you mean 'nodes'?
  722 |             nelems[sg.node[j].truelabel] = nelems[sg.node[j].truelabel] - 1;
      |                                                      ^~~~
      |                                                      nodes
D:\src\projects\helloworld\src\opf\OPFpp.cpp:723:16: error: 'class opf::Subgraph' has no member named 'node'; did you mean 'nodes'?
  723 |             sg.node[j].status = NIL;
      |                ^~~~
      |                nodes
D:\src\projects\helloworld\src\opf\OPFpp.cpp: In function 'opf::Subgraph** opf::opf_kFoldSubgraph(Subgraph&, int)':
D:\src\projects\helloworld\src\opf\OPFpp.cpp:747:24: error: 'class opf::Subgraph' has no member named 'nnodes'; did you mean 'nodes'?
  747 |     for (i = 0; i < sg.nnodes; i++)
      |                        ^~~~~~
      |                        nodes
D:\src\projects\helloworld\src\opf\OPFpp.cpp:749:10: error: 'class opf::Subgraph' has no member named 'node'; did you mean 'nodes'?
  749 |       sg.node[i].status = 0;
      |          ^~~~
      |          nodes
D:\src\projects\helloworld\src\opf\OPFpp.cpp:750:16: error: 'class opf::Subgraph' has no member named 'node'; did you mean 'nodes'?
  750 |       label[sg.node[i].truelabel]++;
      |                ^~~~
      |                nodes
D:\src\projects\helloworld\src\opf\OPFpp.cpp:753:24: error: 'class opf::Subgraph' has no member named 'nnodes'; did you mean 'nodes'?
  753 |     for (i = 0; i < sg.nnodes; i++)
      |                        ^~~~~~
      |                        nodes
D:\src\projects\helloworld\src\opf\OPFpp.cpp:754:17: error: 'class opf::Subgraph' has no member named 'node'; did you mean 'nodes'?
  754 |       nelems[sg.node[i].truelabel] = MAX((int)((1 / (float)k) * label[sg.node[i].truelabel]), 1);
      |                 ^~~~
      |                 nodes
D:\src\projects\helloworld\src\opf\OPFpp.cpp:754:74: error: 'class opf::Subgraph' has no member named 'node'; did you mean 'nodes'?
  754 |       nelems[sg.node[i].truelabel] = MAX((int)((1 / (float)k) * label[sg.node[i].truelabel]), 1);
      |                                                                          ^~~~
D:/src/projects/helloworld/include/opf/common.hpp:35:21: note: in definition of macro 'MAX'
   35 | #define MAX(x,y) (((x) > (y))?(x):(y))
      |                     ^
D:\src\projects\helloworld\src\opf\OPFpp.cpp:754:74: error: 'class opf::Subgraph' has no member named 'node'; did you mean 'nodes'?
  754 |       nelems[sg.node[i].truelabel] = MAX((int)((1 / (float)k) * label[sg.node[i].truelabel]), 1);
      |                                                                          ^~~~
D:/src/projects/helloworld/include/opf/common.hpp:35:32: note: in definition of macro 'MAX'
   35 | #define MAX(x,y) (((x) > (y))?(x):(y))
      |                                ^
D:\src\projects\helloworld\src\opf\OPFpp.cpp:765:16: error: 'CreateSubgraph' was not declared in this scope
  765 |       out[i] = CreateSubgraph(foldsize);
      |                ^~~~~~~~~~~~~~
D:\src\projects\helloworld\src\opf\SNode.cpp:29:9: error: no matching function for call to 'nlohmann::json_abi_v3_11_3::basic_json<>::basic_json(<brace-enclosed initializer list>)'
   29 |         };
      |         ^
D:\src\projects\helloworld\src\opf\OPFpp.cpp:766:14: error: request for member 'nfeats' in '*(out + ((sizetype)(((long long unsigned int)i) * 8)))', which is of pointer type 'opf::Subgraph*' (maybe you meant to use '->' ?)
  766 |       out[i].nfeats = sg.nfeats;
      |              ^~~~~~
D:\src\projects\helloworld\src\opf\SNode.cpp:29:9: note: there are 10 candidates
D:\src\projects\helloworld\src\opf\OPFpp.cpp:767:14: error: request for member 'nlabels' in '*(out + ((sizetype)(((long long unsigned int)i) * 8)))', which is of pointer type 'opf::Subgraph*' (maybe you meant to use '->' ?)
  767 |       out[i].nlabels = sg.nlabels;
      |              ^~~~~~~
D:\src\projects\helloworld\src\opf\OPFpp.cpp:769:16: error: request for member 'node' in '*(out + ((sizetype)(((long long unsigned int)i) * 8)))', which is of pointer type 'opf::Subgraph*' (maybe you meant to use '->' ?)
  769 |         out[i].node[j].feat = (float *)malloc(sg.nfeats * sizeof(float));
      |                ^~~~
C:/Users/leonardo_rocha/.conan2/p/nlohm0567ffc90cfc1/p/include/nlohmann/json.hpp:1141:5: note: candidate 1: 'template<class JsonRef, typename std::enable_if<nlohmann::json_abi_v3_11_3::detail::conjunction<nlohmann::json_abi_v3_11_3::detail::is_json_ref<JsonRef>, std::is_same<typename JsonRef::value_type, nlohmann::json_abi_v3_11_3::basic_json<std::map, std::vector, std::__cxx11::basic_string<char, std::char_traits<char>, std::allocator<char> >, bool, long long int, long long unsigned int, double, std::allocator, nlohmann::json_abi_v3_11_3::adl_serializer, std::vector<unsigned char, std::allocator<unsigned char> >, void> > >::value, int>::type <anonymous> > nlohmann::json_abi_v3_11_3::basic_json<ObjectType, ArrayType, StringType, BooleanType, NumberIntegerType, NumberUnsignedType, NumberFloatType, AllocatorType, JSONSerializer, BinaryType, CustomBaseClass>::basic_json(const JsonRef&) [with typename std::enable_if<nlohmann::json_abi_v3_11_3::detail::conjunction<nlohmann::json_abi_v3_11_3::detail::is_json_ref<JsonRef>, std::is_same<typename JsonRef::value_type, nlohmann::json_abi_v3_11_3::basic_json<ObjectType, ArrayType, StringType, BooleanType, NumberIntegerType, NumberUnsignedType, NumberFloatType, AllocatorType, JSONSerializer, BinaryType, CustomBaseClass> > >::value, int>::type <anonymous> = JsonRef; ObjectType = std::map; ArrayType = std::vector; StringType = std::__cxx11::basic_string<char>; BooleanType = bool; NumberIntegerType = long long int; NumberUnsignedType = long long unsigned int; NumberFloatType = double; AllocatorType = std::allocator; JSONSerializer = nlohmann::json_abi_v3_11_3::adl_serializer; BinaryType = std::vector<unsigned char>; CustomBaseClass = void]'
 1141 |     basic_json(const JsonRef& ref) : basic_json(ref.moved_or_copied()) {}
      |     ^~~~~~~~~~
C:/Users/leonardo_rocha/.conan2/p/nlohm0567ffc90cfc1/p/include/nlohmann/json.hpp:1141:5: note: candidate expects 1 argument, 13 provided
C:/Users/leonardo_rocha/.conan2/p/nlohm0567ffc90cfc1/p/include/nlohmann/json.hpp:1032:5: note: candidate 2: 'template<class InputIT, typename std::enable_if<(std::is_same<IterImpl, nlohmann::json_abi_v3_11_3::detail::iter_impl<nlohmann::json_abi_v3_11_3::basic_json<> > >::value || std::is_same<IterImpl, nlohmann::json_abi_v3_11_3::detail::iter_impl<const nlohmann::json_abi_v3_11_3::basic_json<> > >::value), int>::type <anonymous> > nlohmann::json_abi_v3_11_3::basic_json<ObjectType, ArrayType, StringType, BooleanType, NumberIntegerType, NumberUnsignedType, NumberFloatType, AllocatorType, JSONSerializer, BinaryType, CustomBaseClass>::basic_json(InputIT, InputIT) [with typename std::enable_if<(std::is_same<InputIT, nlohmann::json_abi_v3_11_3::detail::iter_impl<nlohmann::json_abi_v3_11_3::basic_json<ObjectType, ArrayType, StringType, BooleanType, NumberIntegerType, NumberUnsignedType, NumberFloatType, AllocatorType, JSONSerializer, BinaryType, CustomBaseClass> > >::value || std::is_same<InputIT, nlohmann::json_abi_v3_11_3::detail::iter_impl<const nlohmann::json_abi_v3_11_3::basic_json<ObjectType, ArrayType, StringType, BooleanType, NumberIntegerType, NumberUnsignedType, NumberFloatType, AllocatorType, JSONSerializer, BinaryType, CustomBaseClass> > >::value), int>::type <anonymous> = InputIT; ObjectType = std::map; ArrayType = std::vector; StringType = std::__cxx11::basic_string<char>; BooleanType = bool; NumberIntegerType = long long int; NumberUnsignedType = long long unsigned int; NumberFloatType = double; AllocatorType = std::allocator; JSONSerializer = nlohmann::json_abi_v3_11_3::adl_serializer; BinaryType = std::vector<unsigned char>; CustomBaseClass = void]'
 1032 |     basic_json(InputIT first, InputIT last)
      |     ^~~~~~~~~~
C:/Users/leonardo_rocha/.conan2/p/nlohm0567ffc90cfc1/p/include/nlohmann/json.hpp:1032:5: note: candidate expects 2 arguments, 13 provided
C:/Users/leonardo_rocha/.conan2/p/nlohm0567ffc90cfc1/p/include/nlohmann/json.hpp:849:5: note: candidate 3: 'template<class BasicJsonType, typename std::enable_if<(nlohmann::json_abi_v3_11_3::detail::is_basic_json<BasicJsonType>::value && (! std::is_same<nlohmann::json_abi_v3_11_3::basic_json<>, BasicJsonType>::value)), int>::type <anonymous> > nlohmann::json_abi_v3_11_3::basic_json<ObjectType, ArrayType, StringType, BooleanType, NumberIntegerType, NumberUnsignedType, NumberFloatType, AllocatorType, JSONSerializer, BinaryType, CustomBaseClass>::basic_json(const BasicJsonType&) [with typename std::enable_if<(nlohmann::json_abi_v3_11_3::detail::is_basic_json<BasicJsonType>::value && (! std::is_same<nlohmann::json_abi_v3_11_3::basic_json<ObjectType, ArrayType, StringType, BooleanType, NumberIntegerType, NumberUnsignedType, NumberFloatType, AllocatorType, JSONSerializer, BinaryType, CustomBaseClass>, BasicJsonType>::value)), int>::type <anonymous> = BasicJsonType; ObjectType = std::map; ArrayType = std::vector; StringType = std::__cxx11::basic_string<char>; BooleanType = bool; NumberIntegerType = long long int; NumberUnsignedType = long long unsigned int; NumberFloatType = double; AllocatorType = std::allocator; JSONSerializer = nlohmann::json_abi_v3_11_3::adl_serializer; BinaryType = std::vector<unsigned char>; CustomBaseClass = void]'
  849 |     basic_json(const BasicJsonType& val)
      |     ^~~~~~~~~~
C:/Users/leonardo_rocha/.conan2/p/nlohm0567ffc90cfc1/p/include/nlohmann/json.hpp:849:5: note: candidate expects 1 argument, 13 provided
C:/Users/leonardo_rocha/.conan2/p/nlohm0567ffc90cfc1/p/include/nlohmann/json.hpp:835:5: note: candidate 4: 'template<class CompatibleType, class U, typename std::enable_if<((! nlohmann::json_abi_v3_11_3::detail::is_basic_json<T>::value) && nlohmann::json_abi_v3_11_3::detail::is_compatible_type<nlohmann::json_abi_v3_11_3::basic_json<>, U>::value), int>::type <anonymous> > nlohmann::json_abi_v3_11_3::basic_json<ObjectType, ArrayType, StringType, BooleanType, NumberIntegerType, NumberUnsignedType, NumberFloatType, AllocatorType, JSONSerializer, BinaryType, CustomBaseClass>::basic_json(CompatibleType&&) [with U = CompatibleType; typename std::enable_if<((! nlohmann::json_abi_v3_11_3::detail::is_basic_json<U>::value) && nlohmann::json_abi_v3_11_3::detail::is_compatible_type<nlohmann::json_abi_v3_11_3::basic_json<ObjectType, ArrayType, StringType, BooleanType, NumberIntegerType, NumberUnsignedType, NumberFloatType, AllocatorType, JSONSerializer, BinaryType, CustomBaseClass>, U>::value), int>::type <anonymous> = U; ObjectType = std::map; ArrayType = std::vector; StringType = std::__cxx11::basic_string<char>; BooleanType = bool; NumberIntegerType = long long int; NumberUnsignedType = long long unsigned int; NumberFloatType = double; AllocatorType = std::allocator; JSONSerializer = nlohmann::json_abi_v3_11_3::adl_serializer; BinaryType = std::vector<unsigned char>; CustomBaseClass = void]'
  835 |     basic_json(CompatibleType && val) noexcept(noexcept( // NOLINT(bugprone-forwarding-reference-overload,bugprone-exception-escape)
      |     ^~~~~~~~~~
C:/Users/leonardo_rocha/.conan2/p/nlohm0567ffc90cfc1/p/include/nlohmann/json.hpp:835:5: note: candidate expects 1 argument, 13 provided
C:/Users/leonardo_rocha/.conan2/p/nlohm0567ffc90cfc1/p/include/nlohmann/json.hpp:1214:5: note: candidate 5: 'nlohmann::json_abi_v3_11_3::basic_json<ObjectType, ArrayType, StringType, BooleanType, NumberIntegerType, NumberUnsignedType, NumberFloatType, AllocatorType, JSONSerializer, BinaryType, CustomBaseClass>::basic_json(nlohmann::json_abi_v3_11_3::basic_json<ObjectType, ArrayType, StringType, BooleanType, NumberIntegerType, NumberUnsignedType, NumberFloatType, AllocatorType, JSONSerializer, BinaryType, CustomBaseClass>&&) [with ObjectType = std::map; ArrayType = std::vector; StringType = std::__cxx11::basic_string<char>; BooleanType = bool; NumberIntegerType = long long int; NumberUnsignedType = long long unsigned int; NumberFloatType = double; AllocatorType = std::allocator; JSONSerializer = nlohmann::json_abi_v3_11_3::adl_serializer; BinaryType = std::vector<unsigned char>; CustomBaseClass = void]'
 1214 |     basic_json(basic_json&& other) noexcept
      |     ^~~~~~~~~~
C:/Users/leonardo_rocha/.conan2/p/nlohm0567ffc90cfc1/p/include/nlohmann/json.hpp:1214:5: note: candidate expects 1 argument, 13 provided
C:/Users/leonardo_rocha/.conan2/p/nlohm0567ffc90cfc1/p/include/nlohmann/json.hpp:1145:5: note: candidate 6: 'nlohmann::json_abi_v3_11_3::basic_json<ObjectType, ArrayType, StringType, BooleanType, NumberIntegerType, NumberUnsignedType, NumberFloatType, AllocatorType, JSONSerializer, BinaryType, CustomBaseClass>::basic_json(const nlohmann::json_abi_v3_11_3::basic_json<ObjectType, ArrayType, StringType, BooleanType, NumberIntegerType, NumberUnsignedType, NumberFloatType, AllocatorType, JSONSerializer, BinaryType, CustomBaseClass>&) [with ObjectType = std::map; ArrayType = std::vector; StringType = std::__cxx11::basic_string<char>; BooleanType = bool; NumberIntegerType = long long int; NumberUnsignedType = long long unsigned int; NumberFloatType = double; AllocatorType = std::allocator; JSONSerializer = nlohmann::json_abi_v3_11_3::adl_serializer; BinaryType = std::vector<unsigned char>; CustomBaseClass = void]'
 1145 |     basic_json(const basic_json& other)
      |     ^~~~~~~~~~
C:/Users/leonardo_rocha/.conan2/p/nlohm0567ffc90cfc1/p/include/nlohmann/json.hpp:1145:5: note: candidate expects 1 argument, 13 provided
C:/Users/leonardo_rocha/.conan2/p/nlohm0567ffc90cfc1/p/include/nlohmann/json.hpp:1020:5: note: candidate 7: 'nlohmann::json_abi_v3_11_3::basic_json<ObjectType, ArrayType, StringType, BooleanType, NumberIntegerType, NumberUnsignedType, NumberFloatType, AllocatorType, JSONSerializer, BinaryType, CustomBaseClass>::basic_json(size_type, const nlohmann::json_abi_v3_11_3::basic_json<ObjectType, ArrayType, StringType, BooleanType, NumberIntegerType, NumberUnsignedType, NumberFloatType, AllocatorType, JSONSerializer, BinaryType, CustomBaseClass>&) [with ObjectType = std::map; ArrayType = std::vector; StringType = std::__cxx11::basic_string<char>; BooleanType = bool; NumberIntegerType = long long int; NumberUnsignedType = long long unsigned int; NumberFloatType = double; AllocatorType = std::allocator; JSONSerializer = nlohmann::json_abi_v3_11_3::adl_serializer; BinaryType = std::vector<unsigned char>; CustomBaseClass = void; size_type = long long unsigned int]'
 1020 |     basic_json(size_type cnt, const basic_json& val):
      |     ^~~~~~~~~~
C:/Users/leonardo_rocha/.conan2/p/nlohm0567ffc90cfc1/p/include/nlohmann/json.hpp:1020:5: note: candidate expects 2 arguments, 13 provided
C:/Users/leonardo_rocha/.conan2/p/nlohm0567ffc90cfc1/p/include/nlohmann/json.hpp:902:5: note: candidate 8: 'nlohmann::json_abi_v3_11_3::basic_json<ObjectType, ArrayType, StringType, BooleanType, NumberIntegerType, NumberUnsignedType, NumberFloatType, AllocatorType, JSONSerializer, BinaryType, CustomBaseClass>::basic_json(initializer_list_t, bool, value_t) [with ObjectType = std::map; ArrayType = std::vector; StringType = std::__cxx11::basic_string<char>; BooleanType = bool; NumberIntegerType = long long int; NumberUnsignedType = long long unsigned int; NumberFloatType = double; AllocatorType = std::allocator; JSONSerializer = nlohmann::json_abi_v3_11_3::adl_serializer; BinaryType = std::vector<unsigned char>; CustomBaseClass = void; initializer_list_t = std::initializer_list<nlohmann::json_abi_v3_11_3::detail::json_ref<nlohmann::json_abi_v3_11_3::basic_json<> > >; value_t = nlohmann::json_abi_v3_11_3::detail::value_t]'
  902 |     basic_json(initializer_list_t init,
      |     ^~~~~~~~~~
C:/Users/leonardo_rocha/.conan2/p/nlohm0567ffc90cfc1/p/include/nlohmann/json.hpp:902:5: note: candidate expects 3 arguments, 13 provided
C:/Users/leonardo_rocha/.conan2/p/nlohm0567ffc90cfc1/p/include/nlohmann/json.hpp:823:5: note: candidate 9: 'nlohmann::json_abi_v3_11_3::basic_json<ObjectType, ArrayType, StringType, BooleanType, NumberIntegerType, NumberUnsignedType, NumberFloatType, AllocatorType, JSONSerializer, BinaryType, CustomBaseClass>::basic_json(std::nullptr_t) [with ObjectType = std::map; ArrayType = std::vector; StringType = std::__cxx11::basic_string<char>; BooleanType = bool; NumberIntegerType = long long int; NumberUnsignedType = long long unsigned int; NumberFloatType = double; AllocatorType = std::allocator; JSONSerializer = nlohmann::json_abi_v3_11_3::adl_serializer; BinaryType = std::vector<unsigned char>; CustomBaseClass = void; std::nullptr_t = std::nullptr_t]'
  823 |     basic_json(std::nullptr_t = nullptr) noexcept // NOLINT(bugprone-exception-escape)
      |     ^~~~~~~~~~
C:/Users/leonardo_rocha/.conan2/p/nlohm0567ffc90cfc1/p/include/nlohmann/json.hpp:823:5: note: candidate expects 1 argument, 13 provided
In file included from D:/src/projects/helloworld/include/opf/Subgraph.hpp:3,
                 from D:\src\projects\helloworld\src\opf\Subgraph.cpp:1:
D:/src/projects/helloworld/include/opf/common.hpp:25:21: error: expected identifier before numeric constant
   25 | #define WHITE       0
      |                     ^
D:/src/projects/helloworld/include/opf/PriorityHeap.hpp:12:9: note: in expansion of macro 'WHITE'
   12 |         WHITE,
      |         ^~~~~
C:/Users/leonardo_rocha/.conan2/p/nlohm0567ffc90cfc1/p/include/nlohmann/json.hpp:815:5: note: candidate 10: 'nlohmann::json_abi_v3_11_3::basic_json<ObjectType, ArrayType, StringType, BooleanType, NumberIntegerType, NumberUnsignedType, NumberFloatType, AllocatorType, JSONSerializer, BinaryType, CustomBaseClass>::basic_json(value_t) [with ObjectType = std::map; ArrayType = std::vector; StringType = std::__cxx11::basic_string<char>; BooleanType = bool; NumberIntegerType = long long int; NumberUnsignedType = long long unsigned int; NumberFloatType = double; AllocatorType = std::allocator; JSONSerializer = nlohmann::json_abi_v3_11_3::adl_serializer; BinaryType = std::vector<unsigned char>; CustomBaseClass = void; value_t = nlohmann::json_abi_v3_11_3::detail::value_t]'
  815 |     basic_json(const value_t v)
      |     ^~~~~~~~~~
D:/src/projects/helloworld/include/opf/common.hpp:25:21: error: expected '}' before numeric constant
   25 | #define WHITE       0
      |                     ^
D:/src/projects/helloworld/include/opf/PriorityHeap.hpp:12:9: note: in expansion of macro 'WHITE'
   12 |         WHITE,
      |         ^~~~~
In file included from D:\src\projects\helloworld\src\opf\Subgraph.cpp:2:
D:/src/projects/helloworld/include/opf/PriorityHeap.hpp:11:5: note: to match this '{'
   11 |     {
      |     ^
C:/Users/leonardo_rocha/.conan2/p/nlohm0567ffc90cfc1/p/include/nlohmann/json.hpp:815:5: note: candidate expects 1 argument, 13 provided
D:/src/projects/helloworld/include/opf/common.hpp:25:21: error: expected unqualified-id before numeric constant
   25 | #define WHITE       0
      |                     ^
D:/src/projects/helloworld/include/opf/PriorityHeap.hpp:12:9: note: in expansion of macro 'WHITE'
   12 |         WHITE,
      |         ^~~~~
D:/src/projects/helloworld/include/opf/PriorityHeap.hpp:29:21: error: 'Color' was not declared in this scope; did you mean 'opf::Color'? [-Wtemplate-body]
   29 |         std::vector<Color> colors;
      |                     ^~~~~
      |                     opf::Color
D:/src/projects/helloworld/include/opf/PriorityHeap.hpp:10:16: note: 'opf::Color' declared here
   10 |     enum class Color : uint8_t
      |                ^~~~~
D:/src/projects/helloworld/include/opf/PriorityHeap.hpp:29:26: error: template argument 1 is invalid [-Wtemplate-body]
   29 |         std::vector<Color> colors;
      |                          ^
D:/src/projects/helloworld/include/opf/PriorityHeap.hpp:29:26: error: template argument 2 is invalid [-Wtemplate-body]
D:/src/projects/helloworld/include/opf/PriorityHeap.hpp:47:1: error: expected declaration before '}' token
   47 | } // namespace opf
      | ^
In file included from D:/src/projects/helloworld/include/OPFpp.hpp:12,
                 from D:\src\projects\helloworld\src\opf\Subgraph.cpp:3:
D:/src/projects/helloworld/include/opf/GQueue.hpp:24:44: error: 'std::span' has not been declared
   24 |         GQueue(int n_buckets, int n_elems, std::span<int> values);
      |                                            ^~~
D:/src/projects/helloworld/include/opf/GQueue.hpp:24:44: note: 'std::span' is only available from C++20 onwards
D:/src/projects/helloworld/include/opf/GQueue.hpp:24:53: error: expected ',' or '...' before '<' token
   24 |         GQueue(int n_buckets, int n_elems, std::span<int> values);
      |                                                     ^
D:/src/projects/helloworld/include/opf/GQueue.hpp:47:18: error: 'span' in namespace 'std' does not name a template type
   47 |             std::span<int> value;
      |                  ^~~~
D:/src/projects/helloworld/include/opf/GQueue.hpp:47:13: note: 'std::span' is only available from C++20 onwards
   47 |             std::span<int> value;
      |             ^~~
D:\src\projects\helloworld\src\opf\OPFpp.cpp:776:14: error: 'CreateSubgraph' was not declared in this scope
  776 |     out[i] = CreateSubgraph(foldsize + totelems);
      |              ^~~~~~~~~~~~~~
D:\src\projects\helloworld\src\opf\OPFpp.cpp:777:12: error: request for member 'nfeats' in '*(out + ((sizetype)(((long long unsigned int)i) * 8)))', which is of pointer type 'opf::Subgraph*' (maybe you meant to use '->' ?)
  777 |     out[i].nfeats = sg.nfeats;
      |            ^~~~~~
D:\src\projects\helloworld\src\opf\OPFpp.cpp:778:12: error: request for member 'nlabels' in '*(out + ((sizetype)(((long long unsigned int)i) * 8)))', which is of pointer type 'opf::Subgraph*' (maybe you meant to use '->' ?)
  778 |     out[i].nlabels = sg.nlabels;
      |            ^~~~~~~
D:\src\projects\helloworld\src\opf\OPFpp.cpp:781:14: error: request for member 'node' in '*(out + ((sizetype)(((long long unsigned int)i) * 8)))', which is of pointer type 'opf::Subgraph*' (maybe you meant to use '->' ?)
  781 |       out[i].node[j].feat = (float *)malloc(sg.nfeats * sizeof(float));
      |              ^~~~
D:\src\projects\helloworld\src\opf\OPFpp.cpp:809:30: error: 'class opf::Subgraph' has no member named 'nnodes'; did you mean 'nodes'?
  809 |           for (w = m; w < sg.nnodes; w++)
      |                              ^~~~~~
      |                              nodes
D:\src\projects\helloworld\src\opf\OPFpp.cpp:811:20: error: 'class opf::Subgraph' has no member named 'node'; did you mean 'nodes'?
  811 |             if (sg.node[w].status != NIL)
      |                    ^~~~
      |                    nodes
D:\src\projects\helloworld\src\opf\OPFpp.cpp:820:35: error: 'class opf::Subgraph' has no member named 'nnodes'; did you mean 'nodes'?
  820 |           j = RandomInteger(0, sg.nnodes - 1);
      |                                   ^~~~~~
      |                                   nodes
D:\src\projects\helloworld\src\opf\OPFpp.cpp:821:16: error: 'class opf::Subgraph' has no member named 'node'; did you mean 'nodes'?
  821 |         if (sg.node[j].status != NIL)
      |                ^~~~
      |                nodes
D:\src\projects\helloworld\src\opf\OPFpp.cpp:823:25: error: 'class opf::Subgraph' has no member named 'node'; did you mean 'nodes'?
  823 |           if (nelems[sg.node[j].truelabel] > 0)
      |                         ^~~~
      |                         nodes
D:\src\projects\helloworld\src\opf\OPFpp.cpp:825:20: error: request for member 'node' in '*(out + ((sizetype)(((long long unsigned int)i) * 8)))', which is of pointer type 'opf::Subgraph*' (maybe you meant to use '->' ?)
  825 |             out[i].node[z].position = sg.node[j].position;
      |                    ^~~~
D:\src\projects\helloworld\src\opf\OPFpp.cpp:825:42: error: 'class opf::Subgraph' has no member named 'node'; did you mean 'nodes'?
  825 |             out[i].node[z].position = sg.node[j].position;
      |                                          ^~~~
      |                                          nodes
D:\src\projects\helloworld\src\opf\OPFpp.cpp:827:22: error: request for member 'node' in '*(out + ((sizetype)(((long long unsigned int)i) * 8)))', which is of pointer type 'opf::Subgraph*' (maybe you meant to use '->' ?)
  827 |               out[i].node[z].feat[n] = sg.node[j].feat[n];
      |                      ^~~~
D:\src\projects\helloworld\src\opf\OPFpp.cpp:827:43: error: 'class opf::Subgraph' has no member named 'node'; did you mean 'nodes'?
  827 |               out[i].node[z].feat[n] = sg.node[j].feat[n];
      |                                           ^~~~
      |                                           nodes
D:\src\projects\helloworld\src\opf\OPFpp.cpp:828:20: error: request for member 'node' in '*(out + ((sizetype)(((long long unsigned int)i) * 8)))', which is of pointer type 'opf::Subgraph*' (maybe you meant to use '->' ?)
  828 |             out[i].node[z].truelabel = sg.node[j].truelabel;
      |                    ^~~~
D:\src\projects\helloworld\src\opf\OPFpp.cpp:828:43: error: 'class opf::Subgraph' has no member named 'node'; did you mean 'nodes'?
  828 |             out[i].node[z].truelabel = sg.node[j].truelabel;
      |                                           ^~~~
      |                                           nodes
D:\src\projects\helloworld\src\opf\OPFpp.cpp:829:23: error: 'class opf::Subgraph' has no member named 'node'; did you mean 'nodes'?
  829 |             nelems[sg.node[j].truelabel] = nelems[sg.node[j].truelabel] - 1;
      |                       ^~~~
      |                       nodes
D:\src\projects\helloworld\src\opf\OPFpp.cpp:829:54: error: 'class opf::Subgraph' has no member named 'node'; did you mean 'nodes'?
  829 |             nelems[sg.node[j].truelabel] = nelems[sg.node[j].truelabel] - 1;
      |                                                      ^~~~
      |                                                      nodes
D:\src\projects\helloworld\src\opf\OPFpp.cpp:830:16: error: 'class opf::Subgraph' has no member named 'node'; did you mean 'nodes'?
  830 |             sg.node[j].status = NIL;
      |                ^~~~
      |                nodes
D:\src\projects\helloworld\src\opf\OPFpp.cpp: In function 'void opf::opf_SplitSubgraph(Subgraph&, Subgraph**, Subgraph**, float)':
D:\src\projects\helloworld\src\opf\OPFpp.cpp:852:5: error: 'srandom' was not declared in this scope; did you mean 'srand'?
  852 |     srandom((int)time(NULL));
      |     ^~~~~~~
      |     srand
D:\src\projects\helloworld\src\opf\OPFpp.cpp:854:24: error: 'class opf::Subgraph' has no member named 'nnodes'; did you mean 'nodes'?
  854 |     for (i = 0; i < sg.nnodes; i++)
      |                        ^~~~~~
      |                        nodes
D:\src\projects\helloworld\src\opf\OPFpp.cpp:856:10: error: 'class opf::Subgraph' has no member named 'node'; did you mean 'nodes'?
  856 |       sg.node[i].status = 0;
      |          ^~~~
      |          nodes
D:\src\projects\helloworld\src\opf\OPFpp.cpp:857:16: error: 'class opf::Subgraph' has no member named 'node'; did you mean 'nodes'?
  857 |       label[sg.node[i].truelabel]++;
      |                ^~~~
      |                nodes
D:\src\projects\helloworld\src\opf\OPFpp.cpp:860:24: error: 'class opf::Subgraph' has no member named 'nnodes'; did you mean 'nodes'?
  860 |     for (i = 0; i < sg.nnodes; i++)
      |                        ^~~~~~
      |                        nodes
D:\src\projects\helloworld\src\opf\OPFpp.cpp:862:17: error: 'class opf::Subgraph' has no member named 'node'; did you mean 'nodes'?
  862 |       nelems[sg.node[i].truelabel] = MAX((int)(perc1 * label[sg.node[i].truelabel]), 1);
      |                 ^~~~
      |                 nodes
D:\src\projects\helloworld\src\opf\OPFpp.cpp:862:65: error: 'class opf::Subgraph' has no member named 'node'; did you mean 'nodes'?
  862 |       nelems[sg.node[i].truelabel] = MAX((int)(perc1 * label[sg.node[i].truelabel]), 1);
      |                                                                 ^~~~
D:/src/projects/helloworld/include/opf/common.hpp:35:21: note: in definition of macro 'MAX'
   35 | #define MAX(x,y) (((x) > (y))?(x):(y))
      |                     ^
D:\src\projects\helloworld\src\opf\OPFpp.cpp:862:65: error: 'class opf::Subgraph' has no member named 'node'; did you mean 'nodes'?
  862 |       nelems[sg.node[i].truelabel] = MAX((int)(perc1 * label[sg.node[i].truelabel]), 1);
      |                                                                 ^~~~
D:/src/projects/helloworld/include/opf/common.hpp:35:32: note: in definition of macro 'MAX'
   35 | #define MAX(x,y) (((x) > (y))?(x):(y))
      |                                ^
D:\src\projects\helloworld\src\opf\SNode.cpp: In member function 'void SNode::from_json(const json&)':
D:\src\projects\helloworld\src\opf\SNode.cpp:38:32: error: 'base64_decode' was not declared in this scope
   38 |         std::string feat_bin = base64_decode(j.at("feat").get<std::string>());
      |                                ^~~~~~~~~~~~~
D:\src\projects\helloworld\src\opf\OPFpp.cpp:871:12: error: 'CreateSubgraph' was not declared in this scope
  871 |     *sg1 = CreateSubgraph(totelems);
      |            ^~~~~~~~~~~~~~
D:\src\projects\helloworld\src\opf\OPFpp.cpp:872:30: error: 'class opf::Subgraph' has no member named 'nnodes'; did you mean 'nodes'?
  872 |     *sg2 = CreateSubgraph(sg.nnodes - totelems);
      |                              ^~~~~~
      |                              nodes
D:\src\projects\helloworld\src\opf\OPFpp.cpp:873:12: error: request for member 'nfeats' in '* sg1', which is of pointer type 'opf::Subgraph*' (maybe you meant to use '->' ?)
  873 |     (*sg1).nfeats = sg.nfeats;
      |            ^~~~~~
D:\src\projects\helloworld\src\opf\OPFpp.cpp:874:12: error: request for member 'nfeats' in '* sg2', which is of pointer type 'opf::Subgraph*' (maybe you meant to use '->' ?)
  874 |     (*sg2).nfeats = sg.nfeats;
      |            ^~~~~~
D:\src\projects\helloworld\src\opf\OPFpp.cpp:876:30: error: request for member 'nnodes' in '* sg1', which is of pointer type 'opf::Subgraph*' (maybe you meant to use '->' ?)
  876 |     for (i1 = 0; i1 < (*sg1).nnodes; i1++)
      |                              ^~~~~~
D:\src\projects\helloworld\src\opf\OPFpp.cpp:877:14: error: request for member 'node' in '* sg1', which is of pointer type 'opf::Subgraph*' (maybe you meant to use '->' ?)
  877 |       (*sg1).node[i1].feat = AllocFloatArray((*sg1).nfeats);
      |              ^~~~
D:\src\projects\helloworld\src\opf\OPFpp.cpp:877:53: error: request for member 'nfeats' in '* sg1', which is of pointer type 'opf::Subgraph*' (maybe you meant to use '->' ?)
  877 |       (*sg1).node[i1].feat = AllocFloatArray((*sg1).nfeats);
      |                                                     ^~~~~~
D:\src\projects\helloworld\src\opf\OPFpp.cpp:878:30: error: request for member 'nnodes' in '* sg2', which is of pointer type 'opf::Subgraph*' (maybe you meant to use '->' ?)
  878 |     for (i2 = 0; i2 < (*sg2).nnodes; i2++)
      |                              ^~~~~~
D:\src\projects\helloworld\src\opf\OPFpp.cpp:879:14: error: request for member 'node' in '* sg2', which is of pointer type 'opf::Subgraph*' (maybe you meant to use '->' ?)
  879 |       (*sg2).node[i2].feat = AllocFloatArray((*sg2).nfeats);
      |              ^~~~
D:\src\projects\helloworld\src\opf\OPFpp.cpp:879:53: error: request for member 'nfeats' in '* sg2', which is of pointer type 'opf::Subgraph*' (maybe you meant to use '->' ?)
  879 |       (*sg2).node[i2].feat = AllocFloatArray((*sg2).nfeats);
      |                                                     ^~~~~~
D:\src\projects\helloworld\src\opf\OPFpp.cpp:881:12: error: request for member 'nlabels' in '* sg1', which is of pointer type 'opf::Subgraph*' (maybe you meant to use '->' ?)
  881 |     (*sg1).nlabels = sg.nlabels;
      |            ^~~~~~~
D:\src\projects\helloworld\src\opf\OPFpp.cpp:882:12: error: request for member 'nlabels' in '* sg2', which is of pointer type 'opf::Subgraph*' (maybe you meant to use '->' ?)
  882 |     (*sg2).nlabels = sg.nlabels;
      |            ^~~~~~~
D:\src\projects\helloworld\src\opf\OPFpp.cpp:887:31: error: 'class opf::Subgraph' has no member named 'nnodes'; did you mean 'nodes'?
  887 |       i = RandomInteger(0, sg.nnodes - 1);
      |                               ^~~~~~
      |                               nodes
D:\src\projects\helloworld\src\opf\OPFpp.cpp:888:14: error: 'class opf::Subgraph' has no member named 'node'; did you mean 'nodes'?
  888 |       if (sg.node[i].status != NIL)
      |              ^~~~
      |              nodes
D:\src\projects\helloworld\src\opf\OPFpp.cpp:890:23: error: 'class opf::Subgraph' has no member named 'node'; did you mean 'nodes'?
  890 |         if (nelems[sg.node[i].truelabel] > 0)
      |                       ^~~~
      |                       nodes
D:\src\projects\helloworld\src\opf\OPFpp.cpp:892:18: error: request for member 'node' in '* sg1', which is of pointer type 'opf::Subgraph*' (maybe you meant to use '->' ?)
  892 |           (*sg1).node[i1].position = sg.node[i].position;
      |                  ^~~~
D:\src\projects\helloworld\src\opf\OPFpp.cpp:892:41: error: 'class opf::Subgraph' has no member named 'node'; did you mean 'nodes'?
  892 |           (*sg1).node[i1].position = sg.node[i].position;
      |                                         ^~~~
      |                                         nodes
D:\src\projects\helloworld\src\opf\OPFpp.cpp:893:34: error: request for member 'nfeats' in '* sg1', which is of pointer type 'opf::Subgraph*' (maybe you meant to use '->' ?)
  893 |           for (j = 0; j < (*sg1).nfeats; j++)
      |                                  ^~~~~~
D:\src\projects\helloworld\src\opf\OPFpp.cpp:894:20: error: request for member 'node' in '* sg1', which is of pointer type 'opf::Subgraph*' (maybe you meant to use '->' ?)
  894 |             (*sg1).node[i1].feat[j] = sg.node[i].feat[j];
      |                    ^~~~
D:\src\projects\helloworld\src\opf\OPFpp.cpp:894:42: error: 'class opf::Subgraph' has no member named 'node'; did you mean 'nodes'?
  894 |             (*sg1).node[i1].feat[j] = sg.node[i].feat[j];
      |                                          ^~~~
      |                                          nodes
D:\src\projects\helloworld\src\opf\OPFpp.cpp:895:18: error: request for member 'node' in '* sg1', which is of pointer type 'opf::Subgraph*' (maybe you meant to use '->' ?)
  895 |           (*sg1).node[i1].truelabel = sg.node[i].truelabel;
      |                  ^~~~
D:\src\projects\helloworld\src\opf\OPFpp.cpp:895:42: error: 'class opf::Subgraph' has no member named 'node'; did you mean 'nodes'?
  895 |           (*sg1).node[i1].truelabel = sg.node[i].truelabel;
      |                                          ^~~~
      |                                          nodes
D:\src\projects\helloworld\src\opf\OPFpp.cpp:897:21: error: 'class opf::Subgraph' has no member named 'node'; did you mean 'nodes'?
  897 |           nelems[sg.node[i].truelabel] = nelems[sg.node[i].truelabel] - 1;
      |                     ^~~~
      |                     nodes
D:\src\projects\helloworld\src\opf\OPFpp.cpp:897:52: error: 'class opf::Subgraph' has no member named 'node'; did you mean 'nodes'?
  897 |           nelems[sg.node[i].truelabel] = nelems[sg.node[i].truelabel] - 1;
      |                                                    ^~~~
      |                                                    nodes
D:\src\projects\helloworld\src\opf\OPFpp.cpp:898:14: error: 'class opf::Subgraph' has no member named 'node'; did you mean 'nodes'?
  898 |           sg.node[i].status = NIL;
      |              ^~~~
      |              nodes
D:\src\projects\helloworld\src\opf\OPFpp.cpp:905:24: error: 'class opf::Subgraph' has no member named 'nnodes'; did you mean 'nodes'?
  905 |     for (i = 0; i < sg.nnodes; i++)
      |                        ^~~~~~
      |                        nodes
D:\src\projects\helloworld\src\opf\OPFpp.cpp:907:14: error: 'class opf::Subgraph' has no member named 'node'; did you mean 'nodes'?
  907 |       if (sg.node[i].status != NIL)
      |              ^~~~
      |              nodes
D:\src\projects\helloworld\src\opf\OPFpp.cpp:909:16: error: request for member 'node' in '* sg2', which is of pointer type 'opf::Subgraph*' (maybe you meant to use '->' ?)
  909 |         (*sg2).node[i2].position = sg.node[i].position;
      |                ^~~~
D:\src\projects\helloworld\src\opf\OPFpp.cpp:909:39: error: 'class opf::Subgraph' has no member named 'node'; did you mean 'nodes'?
  909 |         (*sg2).node[i2].position = sg.node[i].position;
      |                                       ^~~~
      |                                       nodes
D:\src\projects\helloworld\src\opf\OPFpp.cpp:910:32: error: request for member 'nfeats' in '* sg2', which is of pointer type 'opf::Subgraph*' (maybe you meant to use '->' ?)
  910 |         for (j = 0; j < (*sg2).nfeats; j++)
      |                                ^~~~~~
D:\src\projects\helloworld\src\opf\OPFpp.cpp:911:18: error: request for member 'node' in '* sg2', which is of pointer type 'opf::Subgraph*' (maybe you meant to use '->' ?)
  911 |           (*sg2).node[i2].feat[j] = sg.node[i].feat[j];
      |                  ^~~~
D:\src\projects\helloworld\src\opf\OPFpp.cpp:911:40: error: 'class opf::Subgraph' has no member named 'node'; did you mean 'nodes'?
  911 |           (*sg2).node[i2].feat[j] = sg.node[i].feat[j];
      |                                        ^~~~
      |                                        nodes
D:\src\projects\helloworld\src\opf\OPFpp.cpp:912:16: error: request for member 'node' in '* sg2', which is of pointer type 'opf::Subgraph*' (maybe you meant to use '->' ?)
  912 |         (*sg2).node[i2].truelabel = sg.node[i].truelabel;
      |                ^~~~
D:\src\projects\helloworld\src\opf\OPFpp.cpp:912:40: error: 'class opf::Subgraph' has no member named 'node'; did you mean 'nodes'?
  912 |         (*sg2).node[i2].truelabel = sg.node[i].truelabel;
      |                                        ^~~~
      |                                        nodes
D:\src\projects\helloworld\src\opf\OPFpp.cpp: In function 'float opf::opf_Accuracy(const Subgraph&)':
D:\src\projects\helloworld\src\opf\OPFpp.cpp:970:5: error: return-statement with no value, in function returning 'float' [-fpermissive]
  970 |     return;
      |     ^~~~~~
D:\src\projects\helloworld\src\opf\SNode.cpp:39:9: error: 'n' was not declared in this scope; did you mean 'yn'?
   39 |         n.feat.resize(feat_bin.size() / sizeof(float));
      |         ^
      |         yn
D:\src\projects\helloworld\src\opf\OPFpp.cpp: In function 'int** opf::opf_ConfusionMatrix(Subgraph&)':
D:\src\projects\helloworld\src\opf\OPFpp.cpp:982:24: error: 'class opf::Subgraph' has no member named 'nnodes'; did you mean 'nodes'?
  982 |     for (i = 0; i < sg.nnodes; i++)
      |                        ^~~~~~
      |                        nodes
D:\src\projects\helloworld\src\opf\OPFpp.cpp:983:30: error: 'class opf::Subgraph' has no member named 'node'; did you mean 'nodes'?
  983 |       opf_ConfusionMatrix[sg.node[i].truelabel][sg.node[i].label]++;
      |                              ^~~~
      |                              nodes
D:\src\projects\helloworld\src\opf\OPFpp.cpp:983:52: error: 'class opf::Subgraph' has no member named 'node'; did you mean 'nodes'?
  983 |       opf_ConfusionMatrix[sg.node[i].truelabel][sg.node[i].label]++;
      |                                                    ^~~~
      |                                                    nodes
D:\src\projects\helloworld\src\opf\OPFpp.cpp: In function 'float opf::opf_NormalizedCut(Subgraph&)':
D:\src\projects\helloworld\src\opf\OPFpp.cpp:1039:31: error: too many arguments to function
 1039 |           dist = opf_ArcWeight(sg.nodes[p].feat, sg.nodes[q].feat, sg.nfeats);
      |                  ~~~~~~~~~~~~~^~~~~~~~~~~~~~~~~~~~~~~~~~~~~~~~~~~~~~~~~~~~~~~
D:\src\projects\helloworld\src\opf\SNode.cpp:40:21: error: 'feat' was not declared in this scope
   40 |         std::memcpy(feat.data(), feat_bin.data(), feat_bin.size());
      |                     ^~~~
D:\src\projects\helloworld\src\opf\SNode.cpp:43:31: error: 'base64' has not been declared
   43 |         std::string adj_bin = base64::decode(j.at("adj").get<std::string>());
      |                               ^~~~~~
D:\src\projects\helloworld\src\opf\OPFpp.cpp: In function 'void opf::opf_BestkMinCut(Subgraph&, int, int)':
D:\src\projects\helloworld\src\opf\OPFpp.cpp:1070:23: error: 'opf_CreateArcs2' was not declared in this scope
 1070 |     float *maxdists = opf_CreateArcs2(sg, kmax); // stores the maximum distances for every k=1,2,...,kmax
      |                       ^~~~~~~~~~~~~~~
D:\src\projects\helloworld\src\opf\OPFpp.cpp:1078:7: error: 'opf_PDFtoKmax' was not declared in this scope
 1078 |       opf_PDFtoKmax(sg);
      |       ^~~~~~~~~~~~~
D:\src\projects\helloworld\src\opf\SNode.cpp:47:9: error: 'adj' was not declared in this scope
   47 |         adj.assign(temp_adj.begin(), temp_adj.end());
      |         ^~~
D:\src\projects\helloworld\src\opf\OPFpp.cpp:1080:7: error: 'opf_OPFClusteringToKmax' was not declared in this scope; did you mean 'opf_OPFClustering'?
 1080 |       opf_OPFClusteringToKmax(sg);
      |       ^~~~~~~~~~~~~~~~~~~~~~~
      |       opf_OPFClustering
D:\src\projects\helloworld\src\opf\OPFpp.cpp:1082:12: error: 'opf_NormalizedCutToKmax' was not declared in this scope; did you mean 'opf_NormalizedCut'?
 1082 |       nc = opf_NormalizedCutToKmax(sg);
      |            ^~~~~~~~~~~~~~~~~~~~~~~
      |            opf_NormalizedCut
D:\src\projects\helloworld\src\opf\OPFpp.cpp:1091:8: error: 'class opf::Subgraph' has no member named 'DestroyArcs'
 1091 |     sg.DestroyArcs();
      |        ^~~~~~~~~~~
D:\src\projects\helloworld\src\opf\SNode.cpp:50:33: error: 'position' was not declared in this scope
   50 |         j.at("position").get_to(position);
      |                                 ^~~~~~~~
D:\src\projects\helloworld\src\opf\OPFpp.cpp:1095:18: error: 'void opf::Subgraph::CreateArcs(int)' is private within this context
 1095 |     sg.CreateArcs(sg.bestk);
      |     ~~~~~~~~~~~~~^~~~~~~~~~
D:/src/projects/helloworld/include/opf/Subgraph.hpp:59:14: note: declared private here
   59 |         void CreateArcs(int knn);
      |              ^~~~~~~~~~
D:\src\projects\helloworld\src\opf\OPFpp.cpp:1096:18: error: 'void opf::Subgraph::ComputePDF()' is private within this context
 1096 |     sg.ComputePDF();
      |     ~~~~~~~~~~~~~^~
D:/src/projects/helloworld/include/opf/Subgraph.hpp:61:14: note: declared private here
   61 |         void ComputePDF();
      |              ^~~~~~~~~~
D:\src\projects\helloworld\src\opf\OPFpp.cpp: In function 'void opf::opf_ElimMaxBelowH(Subgraph&, float)':
D:\src\projects\helloworld\src\opf\OPFpp.cpp:1108:26: error: 'class opf::Subgraph' has no member named 'nnodes'; did you mean 'nodes'?
 1108 |       for (i = 0; i < sg.nnodes; i++)
      |                          ^~~~~~
      |                          nodes
D:\src\projects\helloworld\src\opf\OPFpp.cpp:1109:12: error: 'class opf::Subgraph' has no member named 'node'; did you mean 'nodes'?
 1109 |         sg.node[i].pathval = MAX(sg.node[i].dens - H, 0);
      |            ^~~~
      |            nodes
D:\src\projects\helloworld\src\opf\OPFpp.cpp:1109:37: error: 'class opf::Subgraph' has no member named 'node'; did you mean 'nodes'?
 1109 |         sg.node[i].pathval = MAX(sg.node[i].dens - H, 0);
      |                                     ^~~~
D:/src/projects/helloworld/include/opf/common.hpp:35:21: note: in definition of macro 'MAX'
   35 | #define MAX(x,y) (((x) > (y))?(x):(y))
      |                     ^
D:\src\projects\helloworld\src\opf\OPFpp.cpp:1109:37: error: 'class opf::Subgraph' has no member named 'node'; did you mean 'nodes'?
 1109 |         sg.node[i].pathval = MAX(sg.node[i].dens - H, 0);
      |                                     ^~~~
D:/src/projects/helloworld/include/opf/common.hpp:35:32: note: in definition of macro 'MAX'
   35 | #define MAX(x,y) (((x) > (y))?(x):(y))
      |                                ^
D:\src\projects\helloworld\src\opf\Subgraph.cpp: In member function 'void opf::Subgraph::MstPrototypes()':
D:\src\projects\helloworld\src\opf\Subgraph.cpp:223:41: error: class template argument deduction failed:
  223 |     PriorityHeap Q(nodes.size(), pathval);
      |                                         ^
D:\src\projects\helloworld\src\opf\Subgraph.cpp:223:41: error: no matching function for call to 'PriorityHeap(std::vector<opf::SNode>::size_type, std::vector<float>&)'
D:\src\projects\helloworld\src\opf\Subgraph.cpp:223:41: note: there are 2 candidates
D:\src\projects\helloworld\src\opf\OPFpp.cpp: In function 'void opf::opf_ElimMaxBelowArea(Subgraph&, int)':
D:\src\projects\helloworld\src\opf\OPFpp.cpp:1118:12: error: 'SgAreaOpen' was not declared in this scope
 1118 |     area = SgAreaOpen(sg, A);
      |            ^~~~~~~~~~
D:/src/projects/helloworld/include/opf/PriorityHeap.hpp:39:18: note: candidate 1: 'template<class T> PriorityHeap(int, std::vector<float>, Policy) -> PriorityHeap<T>'
   39 |         explicit PriorityHeap(int size, std::vector<float> costs, Policy policy = Policy::MIN_VALUE);
      |                  ^~~~~~~~~~~~
D:/src/projects/helloworld/include/opf/PriorityHeap.hpp:39:18: note: template argument deduction/substitution failed:
D:\src\projects\helloworld\src\opf\Subgraph.cpp:223:41: note:   couldn't deduce template parameter 'T'
  223 |     PriorityHeap Q(nodes.size(), pathval);
      |                                         ^
D:/src/projects/helloworld/include/opf/PriorityHeap.hpp:23:11: note: candidate 2: 'template<class T> PriorityHeap(PriorityHeap<T>) -> PriorityHeap<T>'
   23 |     class PriorityHeap
      |           ^~~~~~~~~~~~
D:/src/projects/helloworld/include/opf/PriorityHeap.hpp:23:11: note: candidate expects 1 argument, 2 provided
D:\src\projects\helloworld\src\opf\OPFpp.cpp:1119:24: error: 'class opf::Subgraph' has no member named 'nnodes'; did you mean 'nodes'?
 1119 |     for (i = 0; i < sg.nnodes; i++)
      |                        ^~~~~~
      |                        nodes
D:\src\projects\helloworld\src\opf\OPFpp.cpp:1121:10: error: 'class opf::Subgraph' has no member named 'node'; did you mean 'nodes'?
 1121 |       sg.node[i].pathval = MAX(area[i] - 1, 0);
      |          ^~~~
      |          nodes
D:\src\projects\helloworld\src\opf\Subgraph.cpp: In member function 'void opf::Subgraph::Train()':
D:\src\projects\helloworld\src\opf\Subgraph.cpp:261:41: error: class template argument deduction failed:
  261 |     PriorityHeap Q(nodes.size(), pathval);
      |                                         ^
D:\src\projects\helloworld\src\opf\Subgraph.cpp:261:41: error: no matching function for call to 'PriorityHeap(std::vector<opf::SNode>::size_type, std::vector<float>&)'
D:\src\projects\helloworld\src\opf\Subgraph.cpp:261:41: note: there are 2 candidates
D:/src/projects/helloworld/include/opf/PriorityHeap.hpp:39:18: note: candidate 1: 'template<class T> PriorityHeap(int, std::vector<float>, Policy) -> PriorityHeap<T>'
   39 |         explicit PriorityHeap(int size, std::vector<float> costs, Policy policy = Policy::MIN_VALUE);
      |                  ^~~~~~~~~~~~
D:/src/projects/helloworld/include/opf/PriorityHeap.hpp:39:18: note: template argument deduction/substitution failed:
D:\src\projects\helloworld\src\opf\Subgraph.cpp:261:41: note:   couldn't deduce template parameter 'T'
  261 |     PriorityHeap Q(nodes.size(), pathval);
      |                                         ^
D:/src/projects/helloworld/include/opf/PriorityHeap.hpp:23:11: note: candidate 2: 'template<class T> PriorityHeap(PriorityHeap<T>) -> PriorityHeap<T>'
   23 |     class PriorityHeap
      |           ^~~~~~~~~~~~
D:/src/projects/helloworld/include/opf/PriorityHeap.hpp:23:11: note: candidate expects 1 argument, 2 provided
D:\src\projects\helloworld\src\opf\Subgraph.cpp: In static member function 'static float opf::Subgraph::EuclideanDistanceLog(const std::vector<float>&, const std::vector<float>&)':
D:/src/projects/helloworld/include/OPFpp.hpp:3:41: error: expected unqualified-id before numeric constant
    3 | #define opf_MAXARCW                     100000.0
      |                                         ^~~~~~~~
D:\src\projects\helloworld\src\opf\Subgraph.cpp:323:21: note: in expansion of macro 'opf_MAXARCW'
  323 |     constexpr float opf_MAXARCW = 100000.0f;
      |                     ^~~~~~~~~~~
D:\src\projects\helloworld\src\opf\Subgraph.cpp: In member function 'void opf::Subgraph::RunClusteringStep()':
D:\src\projects\helloworld\src\opf\Subgraph.cpp:336:43: error: 'template<class T> class PriorityHeap' used without template arguments
  336 |     PriorityHeap Q(nodes.size(), pathval, PriorityHeap::Policy::MAX_VALUE);
      |                                           ^~~~~~~~~~~~
D:\src\projects\helloworld\src\opf\Subgraph.cpp:357:38: error: 'template<class T> class PriorityHeap' used without template arguments
  357 |             if (Q.GetColor(q_idx) != PriorityHeap::BLACK) { // Check if not removed
      |                                      ^~~~~~~~~~~~
D:/src/projects/helloworld/include/opf/common.hpp:27:21: error: expected unqualified-id before numeric constant
   27 | #define BLACK       2
      |                     ^
D:\src\projects\helloworld\src\opf\Subgraph.cpp:357:52: note: in expansion of macro 'BLACK'
  357 |             if (Q.GetColor(q_idx) != PriorityHeap::BLACK) { // Check if not removed
      |                                                    ^~~~~
D:\src\projects\helloworld\src\opf\Subgraph.cpp:357:52: error: expected ')' before numeric constant
  357 |             if (Q.GetColor(q_idx) != PriorityHeap::BLACK) { // Check if not removed
      |                ~                                   ^
      |                                                    )
D:\src\projects\helloworld\src\opf\SNode.cpp:51:34: error: 'truelabel' was not declared in this scope
   51 |         j.at("truelabel").get_to(truelabel);
      |                                  ^~~~~~~~~
D:\src\projects\helloworld\src\opf\Subgraph.cpp: In member function 'void opf::Subgraph::Cluster(int, UnsupervisedFilterType, float)':
D:\src\projects\helloworld\src\opf\Subgraph.cpp:409:20: error: 'class opf::Subgraph' has no member named 'DestroyArcs'
  409 |         temp_graph.DestroyArcs();
      |                    ^~~~~~~~~~~
D:\src\projects\helloworld\src\opf\OPFpp.cpp: In function 'void opf::opf_ElimMaxBelowVolume(Subgraph&, int)':
D:\src\projects\helloworld\src\opf\OPFpp.cpp:1132:14: error: 'SgVolumeOpen' was not declared in this scope
 1132 |     volume = SgVolumeOpen(sg, V);
      |              ^~~~~~~~~~~~
D:\src\projects\helloworld\src\opf\OPFpp.cpp:1133:24: error: 'class opf::Subgraph' has no member named 'nnodes'; did you mean 'nodes'?
 1133 |     for (i = 0; i < sg.nnodes; i++)
      |                        ^~~~~~
      |                        nodes
D:\src\projects\helloworld\src\opf\OPFpp.cpp:1135:10: error: 'class opf::Subgraph' has no member named 'node'; did you mean 'nodes'?
 1135 |       sg.node[i].pathval = MAX(volume[i] - 1, 0);
      |          ^~~~
      |          nodes
D:\src\projects\helloworld\src\opf\OPFpp.cpp: In function 'float* opf::opf_CreateArcs2(Subgraph&, int)':
D:\src\projects\helloworld\src\opf\OPFpp.cpp:1295:36: error: too many arguments to function
 1295 |             d[kmax] = opf_ArcWeight(sg.nodes[i].feat, sg.nodes[j].feat, sg.nfeats);
      |                       ~~~~~~~~~~~~~^~~~~~~~~~~~~~~~~~~~~~~~~~~~~~~~~~~~~~~~~~~~~~~
D:\src\projects\helloworld\src\opf\OPFpp.cpp: In function 'void opf::opf_OPFClusteringToKmax(Subgraph&)':
D:\src\projects\helloworld\src\opf\OPFpp.cpp:1344:46: error: 'template<class T> class PriorityHeap' used without template arguments
 1344 |     PriorityHeap Q(sg.nodes.size(), pathval, PriorityHeap::Policy::MAX_VALUE);
      |                                              ^~~~~~~~~~~~
D:\src\projects\helloworld\src\opf\OPFpp.cpp:1416:30: error: 'template<class T> class PriorityHeap' used without template arguments
 1416 |         if (Q.GetColor(q) != PriorityHeap::BLACK)
      |                              ^~~~~~~~~~~~
D:/src/projects/helloworld/include/opf/common.hpp:27:21: error: expected unqualified-id before numeric constant
   27 | #define BLACK       2
      |                     ^
D:\src\projects\helloworld\src\opf\OPFpp.cpp:1416:44: note: in expansion of macro 'BLACK'
 1416 |         if (Q.GetColor(q) != PriorityHeap::BLACK)
      |                                            ^~~~~
D:\src\projects\helloworld\src\opf\OPFpp.cpp:1416:44: error: expected ')' before numeric constant
 1416 |         if (Q.GetColor(q) != PriorityHeap::BLACK)
      |            ~                               ^
      |                                            )
D:\src\projects\helloworld\src\opf\OPFpp.cpp: In function 'void opf::opf_PDFtoKmax(Subgraph&)':
D:\src\projects\helloworld\src\opf\OPFpp.cpp:1445:18: error: 'FLT_MIN' was not declared in this scope
 1445 |     sg.maxdens = FLT_MIN;
      |                  ^~~~~~~
D:\src\projects\helloworld\src\opf\OPFpp.cpp:31:1: note: 'FLT_MIN' is defined in header '<cfloat>'; this is probably fixable by adding '#include <cfloat>'
   30 | #include "opf/Set.hpp"
  +++ |+#include <cfloat>
   31 | 
D:\src\projects\helloworld\src\opf\OPFpp.cpp:1460:31: error: too many arguments to function
 1460 |           dist = opf_ArcWeight(sg.nodes[i].feat, sg.nodes[neighbor].feat, sg.nfeats);
      |                  ~~~~~~~~~~~~~^~~~~~~~~~~~~~~~~~~~~~~~~~~~~~~~~~~~~~~~~~~~~~~~~~~~~~
D:\src\projects\helloworld\src\opf\SNode.cpp:52:30: error: 'label' was not declared in this scope
   52 |         j.at("label").get_to(label);
      |                              ^~~~~
D:\src\projects\helloworld\src\opf\OPFpp.cpp: In function 'float opf::opf_NormalizedCutToKmax(Subgraph&)':
D:\src\projects\helloworld\src\opf\OPFpp.cpp:1518:31: error: too many arguments to function
 1518 |           dist = opf_ArcWeight(sg.nodes[p].feat, sg.nodes[q].feat, sg.nfeats);
      |                  ~~~~~~~~~~~~~^~~~~~~~~~~~~~~~~~~~~~~~~~~~~~~~~~~~~~~~~~~~~~~
D:\src\projects\helloworld\src\opf\Subgraph.cpp:424:5: error: 'DestroyArcs' was not declared in this scope
  424 |     DestroyArcs();
      |     ^~~~~~~~~~~
D:\src\projects\helloworld\src\opf\Subgraph.cpp: At global scope:
D:\src\projects\helloworld\src\opf\Subgraph.cpp:524:6: error: no declaration matches 'void opf::Subgraph::DestroyArcs()'
  524 | void Subgraph::DestroyArcs() {
      |      ^~~~~~~~
D:\src\projects\helloworld\src\opf\Subgraph.cpp:524:6: note: no functions named 'void opf::Subgraph::DestroyArcs()'
D:\src\projects\helloworld\src\opf\SNode.cpp:53:29: error: 'pred' was not declared in this scope
   53 |         j.at("pred").get_to(pred);
      |                             ^~~~
D:/src/projects/helloworld/include/opf/Subgraph.hpp:13:11: note: 'class opf::Subgraph' defined here
   13 |     class Subgraph
      |           ^~~~~~~~
D:\src\projects\helloworld\src\opf\SNode.cpp:54:29: error: 'root' was not declared in this scope
   54 |         j.at("root").get_to(root);
      |                             ^~~~
D:\src\projects\helloworld\src\opf\SNode.cpp:55:32: error: 'pathval' was not declared in this scope
   55 |         j.at("pathval").get_to(pathval);
      |                                ^~~~~~~
D:\src\projects\helloworld\src\opf\SNode.cpp:56:31: error: 'radius' was not declared in this scope
   56 |         j.at("radius").get_to(radius);
      |                               ^~~~~~
D:\src\projects\helloworld\src\opf\SNode.cpp:57:29: error: 'dens' was not declared in this scope
   57 |         j.at("dens").get_to(dens);
      |                             ^~~~
D:\src\projects\helloworld\src\opf\SNode.cpp:58:31: error: 'status' was not declared in this scope; did you mean 'std::filesystem::status'?
   58 |         j.at("status").get_to(status);
      |                               ^~~~~~
      |                               std::filesystem::status
D:/msys64/ucrt64/include/c++/15.2.0/bits/fs_ops.h:360:15: note: 'std::filesystem::status' declared here
  360 |   file_status status(const path& __p, error_code& __ec) noexcept;
      |               ^~~~~~
D:\src\projects\helloworld\src\opf\SNode.cpp:59:33: error: 'relevant' was not declared in this scope
   59 |         j.at("relevant").get_to(relevant);
      |                                 ^~~~~~~~
D:\src\projects\helloworld\src\opf\SNode.cpp:60:33: error: 'nplatadj' was not declared in this scope
   60 |         j.at("nplatadj").get_to(nplatadj);
      |                                 ^~~~~~~~
D:\src\projects\helloworld\src\opf\common\subgraph.cpp: In function 'opf::Subgraph* opf::CreateSubgraph(int)':
D:\src\projects\helloworld\src\opf\common\subgraph.cpp:38:9: error: 'class opf::Subgraph' has no member named 'nnodes'; did you mean 'nodes'?
   38 |     sg->nnodes = nnodes;
      |         ^~~~~~
      |         nodes
D:\src\projects\helloworld\src\opf\common\subgraph.cpp:39:9: error: 'class opf::Subgraph' has no member named 'node'; did you mean 'nodes'?
   39 |     sg->node = (SNode *)calloc(nnodes, sizeof(SNode));
      |         ^~~~
      |         nodes
D:\src\projects\helloworld\src\opf\common\subgraph.cpp:40:66: error: no match for 'operator=' (operand types are 'std::vector<int>' and 'int*')
   40 |     sg->ordered_list_of_nodes = (int *)calloc(nnodes, sizeof(int));
      |                                                                  ^
D:\src\projects\helloworld\src\opf\common\subgraph.cpp:40:66: note: there are 3 candidates
In file included from D:/msys64/ucrt64/include/c++/15.2.0/vector:74,
                 from D:/msys64/ucrt64/include/c++/15.2.0/bits/random.h:34,
                 from D:/msys64/ucrt64/include/c++/15.2.0/random:50,
                 from D:/src/projects/helloworld/include/opf/common.hpp:6,
                 from D:/src/projects/helloworld/include/opf/Subgraph.hpp:3,
                 from D:\src\projects\helloworld\src\opf\common\subgraph.cpp:26:
D:/msys64/ucrt64/include/c++/15.2.0/bits/vector.tcc:210:5: note: candidate 1: 'std::vector<_Tp, _Alloc>& std::vector<_Tp, _Alloc>::operator=(const std::vector<_Tp, _Alloc>&) [with _Tp = int; _Alloc = std::allocator<int>]'
  210 |     vector<_Tp, _Alloc>::
      |     ^~~~~~~~~~~~~~~~~~~
D:/msys64/ucrt64/include/c++/15.2.0/bits/vector.tcc:211:42: note: no known conversion for argument 1 from 'int*' to 'const std::vector<int>&'
  211 |     operator=(const vector<_Tp, _Alloc>& __x)
      |               ~~~~~~~~~~~~~~~~~~~~~~~~~~~^~~
In file included from D:/msys64/ucrt64/include/c++/15.2.0/vector:68:
D:/msys64/ucrt64/include/c++/15.2.0/bits/stl_vector.h:833:7: note: candidate 2: 'std::vector<_Tp, _Alloc>& std::vector<_Tp, _Alloc>::operator=(std::vector<_Tp, _Alloc>&&) [with _Tp = int; _Alloc = std::allocator<int>]'
  833 |       operator=(vector&& __x) noexcept(_Alloc_traits::_S_nothrow_move())
      |       ^~~~~~~~
D:/msys64/ucrt64/include/c++/15.2.0/bits/stl_vector.h:833:26: note: no known conversion for argument 1 from 'int*' to 'std::vector<int>&&'
  833 |       operator=(vector&& __x) noexcept(_Alloc_traits::_S_nothrow_move())
      |                 ~~~~~~~~~^~~
D:/msys64/ucrt64/include/c++/15.2.0/bits/stl_vector.h:855:7: note: candidate 3: 'std::vector<_Tp, _Alloc>& std::vector<_Tp, _Alloc>::operator=(std::initializer_list<_Tp>) [with _Tp = int; _Alloc = std::allocator<int>]'
  855 |       operator=(initializer_list<value_type> __l)
      |       ^~~~~~~~
D:/msys64/ucrt64/include/c++/15.2.0/bits/stl_vector.h:855:46: note: no known conversion for argument 1 from 'int*' to 'std::initializer_list<int>'
  855 |       operator=(initializer_list<value_type> __l)
      |                 ~~~~~~~~~~~~~~~~~~~~~~~~~~~~~^~~
D:\src\projects\helloworld\src\opf\common\subgraph.cpp:42:13: error: 'class opf::Subgraph' has no member named 'node'; did you mean 'nodes'?
   42 |     if (sg->node == NULL)
      |             ^~~~
      |             nodes
D:\src\projects\helloworld\src\opf\common\subgraph.cpp:47:25: error: 'class opf::Subgraph' has no member named 'nnodes'; did you mean 'nodes'?
   47 |     for (i = 0; i < sg->nnodes; i++)
      |                         ^~~~~~
      |                         nodes
D:\src\projects\helloworld\src\opf\common\subgraph.cpp:49:11: error: 'class opf::Subgraph' has no member named 'node'; did you mean 'nodes'?
   49 |       sg->node[i].feat = NULL;
      |           ^~~~
      |           nodes
D:\src\projects\helloworld\src\opf\common\subgraph.cpp:50:11: error: 'class opf::Subgraph' has no member named 'node'; did you mean 'nodes'?
   50 |       sg->node[i].relevant = 0;
      |           ^~~~
      |           nodes
D:\src\projects\helloworld\src\opf\common\subgraph.cpp: In function 'void opf::DestroySubgraph(Subgraph**)':
D:\src\projects\helloworld\src\opf\common\subgraph.cpp:63:30: error: 'class opf::Subgraph' has no member named 'nnodes'; did you mean 'nodes'?
   63 |       for (i = 0; i < (*sg)->nnodes; i++)
      |                              ^~~~~~
      |                              nodes
D:\src\projects\helloworld\src\opf\common\subgraph.cpp:65:20: error: 'class opf::Subgraph' has no member named 'node'; did you mean 'nodes'?
   65 |         if ((*sg)->node[i].feat != NULL)
      |                    ^~~~
      |                    nodes
D:\src\projects\helloworld\src\opf\common\subgraph.cpp:66:23: error: 'class opf::Subgraph' has no member named 'node'; did you mean 'nodes'?
   66 |           free((*sg)->node[i].feat);
      |                       ^~~~
      |                       nodes
D:\src\projects\helloworld\src\opf\common\subgraph.cpp:67:20: error: 'class opf::Subgraph' has no member named 'node'; did you mean 'nodes'?
   67 |         if ((*sg)->node[i].adj.empty() == false)
      |                    ^~~~
      |                    nodes
D:\src\projects\helloworld\src\opf\common\subgraph.cpp:68:18: error: 'class opf::Subgraph' has no member named 'node'; did you mean 'nodes'?
   68 |           (*sg)->node[i].adj.clear();
      |                  ^~~~
      |                  nodes
D:\src\projects\helloworld\src\opf\common\subgraph.cpp:70:19: error: 'class opf::Subgraph' has no member named 'node'; did you mean 'nodes'?
   70 |       free((*sg)->node);
      |                   ^~~~
      |                   nodes
D:\src\projects\helloworld\src\opf\common\subgraph.cpp:71:19: error: cannot convert 'std::vector<int>' to 'void*'
   71 |       free((*sg)->ordered_list_of_nodes);
      |            ~~~~~~~^~~~~~~~~~~~~~~~~~~~~
      |                   |
      |                   std::vector<int>
In file included from D:/msys64/ucrt64/include/c++/15.2.0/cstdlib:83,
                 from D:/msys64/ucrt64/include/c++/15.2.0/ext/string_conversions.h:45,
                 from D:/msys64/ucrt64/include/c++/15.2.0/bits/basic_string.h:4444,
                 from D:/msys64/ucrt64/include/c++/15.2.0/string:56,
                 from D:/src/projects/helloworld/include/opf/common.hpp:3:
D:/msys64/ucrt64/include/stdlib.h:456:27: note: initializing argument 1 of 'void free(void*)'
  456 |   void __cdecl free(void *_Memory);
      |                     ~~~~~~^~~~~~~
D:\src\projects\helloworld\src\opf\common\subgraph.cpp: In function 'void opf::WriteSubgraph(Subgraph*, char*)':
D:\src\projects\helloworld\src\opf\common\subgraph.cpp:86:18: error: 'class opf::Subgraph' has no member named 'nnodes'; did you mean 'nodes'?
   86 |       fwrite(&g->nnodes, sizeof(int), 1, fp);
      |                  ^~~~~~
      |                  nodes
D:\src\projects\helloworld\src\opf\common\subgraph.cpp:91:26: error: 'class opf::Subgraph' has no member named 'nnodes'; did you mean 'nodes'?
   91 |       for (i = 0; i < g->nnodes; i++)
      |                          ^~~~~~
      |                          nodes
D:\src\projects\helloworld\src\opf\common\subgraph.cpp:93:20: error: 'class opf::Subgraph' has no member named 'node'; did you mean 'nodes'?
   93 |         fwrite(&g->node[i].position, sizeof(int), 1, fp);
      |                    ^~~~
      |                    nodes
D:\src\projects\helloworld\src\opf\common\subgraph.cpp:94:20: error: 'class opf::Subgraph' has no member named 'node'; did you mean 'nodes'?
   94 |         fwrite(&g->node[i].truelabel, sizeof(int), 1, fp);
      |                    ^~~~
      |                    nodes
D:\src\projects\helloworld\src\opf\common\subgraph.cpp:96:22: error: 'class opf::Subgraph' has no member named 'node'; did you mean 'nodes'?
   96 |           fwrite(&g->node[i].feat[j], sizeof(float), 1, fp);
      |                      ^~~~
      |                      nodes
D:\src\projects\helloworld\src\opf\common\subgraph.cpp: In function 'opf::Subgraph* opf::ReadSubgraph(char*)':
D:\src\projects\helloworld\src\opf\common\subgraph.cpp:126:24: error: 'class opf::Subgraph' has no member named 'nnodes'; did you mean 'nodes'?
  126 |     for (i = 0; i < g->nnodes; i++)
      |                        ^~~~~~
      |                        nodes
D:\src\projects\helloworld\src\opf\common\subgraph.cpp:128:10: error: 'class opf::Subgraph' has no member named 'node'; did you mean 'nodes'?
  128 |       g->node[i].feat = AllocFloatArray(g->nfeats);
      |          ^~~~
      |          nodes
D:\src\projects\helloworld\src\opf\common\subgraph.cpp:129:21: error: 'class opf::Subgraph' has no member named 'node'; did you mean 'nodes'?
  129 |       if (fread(&g->node[i].position, sizeof(int), 1, fp) != 1)
      |                     ^~~~
      |                     nodes
D:\src\projects\helloworld\src\opf\common\subgraph.cpp:131:21: error: 'class opf::Subgraph' has no member named 'node'; did you mean 'nodes'?
  131 |       if (fread(&g->node[i].truelabel, sizeof(int), 1, fp) != 1)
      |                     ^~~~
      |                     nodes
D:\src\projects\helloworld\src\opf\common\subgraph.cpp:135:23: error: 'class opf::Subgraph' has no member named 'node'; did you mean 'nodes'?
  135 |         if (fread(&g->node[i].feat[j], sizeof(float), 1, fp) != 1)
      |                       ^~~~
      |                       nodes
D:\src\projects\helloworld\src\opf\common\subgraph.cpp: In function 'void opf::CopySNode(SNode&, SNode&, int)':
D:\src\projects\helloworld\src\opf\common\subgraph.cpp:153:39: error: no match for 'operator=' (operand types are 'std::vector<float>' and 'float*')
  153 |     dest.feat = AllocFloatArray(nfeats);
      |                                       ^
D:\src\projects\helloworld\src\opf\common\subgraph.cpp:153:39: note: there are 3 candidates
D:/msys64/ucrt64/include/c++/15.2.0/bits/vector.tcc:210:5: note: candidate 1: 'std::vector<_Tp, _Alloc>& std::vector<_Tp, _Alloc>::operator=(const std::vector<_Tp, _Alloc>&) [with _Tp = float; _Alloc = std::allocator<float>]'
  210 |     vector<_Tp, _Alloc>::
      |     ^~~~~~~~~~~~~~~~~~~
D:/msys64/ucrt64/include/c++/15.2.0/bits/vector.tcc:211:42: note: no known conversion for argument 1 from 'float*' to 'const std::vector<float>&'
  211 |     operator=(const vector<_Tp, _Alloc>& __x)
      |               ~~~~~~~~~~~~~~~~~~~~~~~~~~~^~~
D:/msys64/ucrt64/include/c++/15.2.0/bits/stl_vector.h:833:7: note: candidate 2: 'std::vector<_Tp, _Alloc>& std::vector<_Tp, _Alloc>::operator=(std::vector<_Tp, _Alloc>&&) [with _Tp = float; _Alloc = std::allocator<float>]'
  833 |       operator=(vector&& __x) noexcept(_Alloc_traits::_S_nothrow_move())
      |       ^~~~~~~~
D:/msys64/ucrt64/include/c++/15.2.0/bits/stl_vector.h:833:26: note: no known conversion for argument 1 from 'float*' to 'std::vector<float>&&'
  833 |       operator=(vector&& __x) noexcept(_Alloc_traits::_S_nothrow_move())
      |                 ~~~~~~~~~^~~
D:/msys64/ucrt64/include/c++/15.2.0/bits/stl_vector.h:855:7: note: candidate 3: 'std::vector<_Tp, _Alloc>& std::vector<_Tp, _Alloc>::operator=(std::initializer_list<_Tp>) [with _Tp = float; _Alloc = std::allocator<float>]'
  855 |       operator=(initializer_list<value_type> __l)
      |       ^~~~~~~~
D:/msys64/ucrt64/include/c++/15.2.0/bits/stl_vector.h:855:46: note: no known conversion for argument 1 from 'float*' to 'std::initializer_list<float>'
  855 |       operator=(initializer_list<value_type> __l)
      |                 ~~~~~~~~~~~~~~~~~~~~~~~~~~~~~^~~
D:\src\projects\helloworld\src\opf\common\subgraph.cpp:154:17: error: cannot convert 'std::vector<float>' to 'void*'
  154 |     memcpy(dest.feat, src.feat, nfeats * sizeof(float));
      |            ~~~~~^~~~
      |                 |
      |                 std::vector<float>
In file included from D:/msys64/ucrt64/include/c++/15.2.0/cwchar:49,
                 from D:/msys64/ucrt64/include/c++/15.2.0/bits/postypes.h:42,
                 from D:/msys64/ucrt64/include/c++/15.2.0/bits/char_traits.h:44,
                 from D:/msys64/ucrt64/include/c++/15.2.0/string:44:
D:/msys64/ucrt64/include/wchar.h:1124:44: note: initializing argument 1 of 'void* memcpy(void*, const void*, size_t)'
 1124 |   void *__cdecl memcpy(void * __restrict__ _Dst,const void * __restrict__ _Src,size_t _MaxCount) __MINGW_ATTRIB_DEPRECATED_SEC_WARN;
      |                        ~~~~~~~~~~~~~~~~~~~~^~~~
D:\src\projects\helloworld\src\opf\common\sgctree.cpp:28:1: error: 'SgCTree' does not name a type
   28 | SgCTree *CreateSgMaxTree(Subgraph *g){
      | ^~~~~~~
D:\src\projects\helloworld\src\opf\common\sgctree.cpp:234:6: error: variable or field 'DestroySgCTree' declared void
  234 | void DestroySgCTree(SgCTree **ctree){
      |      ^~~~~~~~~~~~~~
D:\src\projects\helloworld\src\opf\common\sgctree.cpp:234:21: error: 'SgCTree' was not declared in this scope; did you mean 'opf::SgCTree'?
  234 | void DestroySgCTree(SgCTree **ctree){
      |                     ^~~~~~~
      |                     opf::SgCTree
In file included from D:\src\projects\helloworld\src\opf\common\sgctree.cpp:26:
D:/src/projects/helloworld/include/opf/SgCTree.hpp:18:7: note: 'opf::SgCTree' declared here
   18 | class SgCTree {
      |       ^~~~~~~
D:\src\projects\helloworld\src\opf\common\sgctree.cpp:234:31: error: 'ctree' was not declared in this scope
  234 | void DestroySgCTree(SgCTree **ctree){
      |                               ^~~~~
D:\src\projects\helloworld\src\opf\common\sgctree.cpp: In function 'int SgAncestor(int*, int*, int)':
D:\src\projects\helloworld\src\opf\common\sgctree.cpp:258:18: error: 'SgRepresentative' was not declared in this scope
  258 |         ro = r = SgRepresentative(cmap,r);
      |                  ^~~~~~~~~~~~~~~~
D:\src\projects\helloworld\src\opf\common\sgctree.cpp: At global scope:
D:\src\projects\helloworld\src\opf\common\sgctree.cpp:272:6: error: variable or field 'SgCumSize' declared void
  272 | void SgCumSize(SgCTree *ctree, int i){
      |      ^~~~~~~~~
D:\src\projects\helloworld\src\opf\common\sgctree.cpp:272:16: error: 'SgCTree' was not declared in this scope; did you mean 'opf::SgCTree'?
  272 | void SgCumSize(SgCTree *ctree, int i){
      |                ^~~~~~~
      |                opf::SgCTree
D:/src/projects/helloworld/include/opf/SgCTree.hpp:18:7: note: 'opf::SgCTree' declared here
   18 | class SgCTree {
      |       ^~~~~~~
D:\src\projects\helloworld\src\opf\common\sgctree.cpp:272:25: error: 'ctree' was not declared in this scope
  272 | void SgCumSize(SgCTree *ctree, int i){
      |                         ^~~~~
D:\src\projects\helloworld\src\opf\common\sgctree.cpp:272:32: error: expected primary-expression before 'int'
  272 | void SgCumSize(SgCTree *ctree, int i){
      |                                ^~~
D:\src\projects\helloworld\src\opf\common\sgctree.cpp:284:17: error: 'Subgraph' was not declared in this scope; did you mean 'opf::Subgraph'?
  284 | int *SgAreaOpen(Subgraph *g, int thres){
      |                 ^~~~~~~~
      |                 opf::Subgraph
In file included from D:/src/projects/helloworld/include/opf/SgCTree.hpp:4:
D:/src/projects/helloworld/include/opf/Subgraph.hpp:13:11: note: 'opf::Subgraph' declared here
   13 |     class Subgraph
      |           ^~~~~~~~
D:\src\projects\helloworld\src\opf\common\sgctree.cpp:284:27: error: 'g' was not declared in this scope
  284 | int *SgAreaOpen(Subgraph *g, int thres){
      |                           ^
D:\src\projects\helloworld\src\opf\common\sgctree.cpp:284:30: error: expected primary-expression before 'int'
  284 | int *SgAreaOpen(Subgraph *g, int thres){
      |                              ^~~
D:\src\projects\helloworld\src\opf\common\sgctree.cpp:284:39: error: expression list treated as compound expression in initializer [-fpermissive]
  284 | int *SgAreaOpen(Subgraph *g, int thres){
      |                                       ^
D:\src\projects\helloworld\src\opf\common\sgctree.cpp:307:17: error: 'SgCTree' was not declared in this scope; did you mean 'opf::SgCTree'?
  307 | int SgAreaLevel(SgCTree *ctree, int *level, int i, int thres){
      |                 ^~~~~~~
      |                 opf::SgCTree
D:/src/projects/helloworld/include/opf/SgCTree.hpp:18:7: note: 'opf::SgCTree' declared here
   18 | class SgCTree {
      |       ^~~~~~~
D:\src\projects\helloworld\src\opf\common\sgctree.cpp:307:26: error: 'ctree' was not declared in this scope
  307 | int SgAreaLevel(SgCTree *ctree, int *level, int i, int thres){
      |                          ^~~~~
D:\src\projects\helloworld\src\opf\common\sgctree.cpp:307:33: error: expected primary-expression before 'int'
  307 | int SgAreaLevel(SgCTree *ctree, int *level, int i, int thres){
      |                                 ^~~
D:\src\projects\helloworld\src\opf\common\sgctree.cpp:307:45: error: expected primary-expression before 'int'
  307 | int SgAreaLevel(SgCTree *ctree, int *level, int i, int thres){
      |                                             ^~~
D:\src\projects\helloworld\src\opf\common\sgctree.cpp:307:52: error: expected primary-expression before 'int'
  307 | int SgAreaLevel(SgCTree *ctree, int *level, int i, int thres){
      |                                                    ^~~
D:\src\projects\helloworld\src\opf\common\sgctree.cpp:307:61: error: expression list treated as compound expression in initializer [-fpermissive]
  307 | int SgAreaLevel(SgCTree *ctree, int *level, int i, int thres){
      |                                                             ^
D:\src\projects\helloworld\src\opf\common\sgctree.cpp:319:19: error: 'SgCTree' was not declared in this scope; did you mean 'opf::SgCTree'?
  319 | int SgVolumeLevel(SgCTree *ctree, int *level, int i, int thres, int cumvol){
      |                   ^~~~~~~
      |                   opf::SgCTree
D:/src/projects/helloworld/include/opf/SgCTree.hpp:18:7: note: 'opf::SgCTree' declared here
   18 | class SgCTree {
      |       ^~~~~~~
In file included from D:/src/projects/helloworld/include/OPFpp.hpp:12,
                 from D:\src\projects\helloworld\src\opf\supervised\opf_learn.cpp:1:
D:/src/projects/helloworld/include/opf/GQueue.hpp:24:44: error: 'std::span' has not been declared
   24 |         GQueue(int n_buckets, int n_elems, std::span<int> values);
      |                                            ^~~
D:/src/projects/helloworld/include/opf/GQueue.hpp:24:44: note: 'std::span' is only available from C++20 onwards
D:/src/projects/helloworld/include/opf/GQueue.hpp:24:53: error: expected ',' or '...' before '<' token
   24 |         GQueue(int n_buckets, int n_elems, std::span<int> values);
      |                                                     ^
D:\src\projects\helloworld\src\opf\common\sgctree.cpp:319:28: error: 'ctree' was not declared in this scope
  319 | int SgVolumeLevel(SgCTree *ctree, int *level, int i, int thres, int cumvol){
      |                            ^~~~~
D:\src\projects\helloworld\src\opf\common\sgctree.cpp:319:35: error: expected primary-expression before 'int'
  319 | int SgVolumeLevel(SgCTree *ctree, int *level, int i, int thres, int cumvol){
      |                                   ^~~
D:\src\projects\helloworld\src\opf\common\sgctree.cpp:319:47: error: expected primary-expression before 'int'
  319 | int SgVolumeLevel(SgCTree *ctree, int *level, int i, int thres, int cumvol){
      |                                               ^~~
D:\src\projects\helloworld\src\opf\common\sgctree.cpp:319:54: error: expected primary-expression before 'int'
  319 | int SgVolumeLevel(SgCTree *ctree, int *level, int i, int thres, int cumvol){
      |                                                      ^~~
D:\src\projects\helloworld\src\opf\common\sgctree.cpp:319:65: error: expected primary-expression before 'int'
  319 | int SgVolumeLevel(SgCTree *ctree, int *level, int i, int thres, int cumvol){
      |                                                                 ^~~
D:\src\projects\helloworld\src\opf\common\sgctree.cpp:319:75: error: expression list treated as compound expression in initializer [-fpermissive]
  319 | int SgVolumeLevel(SgCTree *ctree, int *level, int i, int thres, int cumvol){
      |                                                                           ^
D:\src\projects\helloworld\src\opf\common\sgctree.cpp:337:19: error: 'Subgraph' was not declared in this scope; did you mean 'opf::Subgraph'?
  337 | int *SgVolumeOpen(Subgraph *g, int thres){
      |                   ^~~~~~~~
      |                   opf::Subgraph
D:/src/projects/helloworld/include/opf/Subgraph.hpp:13:11: note: 'opf::Subgraph' declared here
   13 |     class Subgraph
      |           ^~~~~~~~
D:/src/projects/helloworld/include/opf/GQueue.hpp:47:18: error: 'span' in namespace 'std' does not name a template type
   47 |             std::span<int> value;
      |                  ^~~~
D:/src/projects/helloworld/include/opf/GQueue.hpp:47:13: note: 'std::span' is only available from C++20 onwards
   47 |             std::span<int> value;
      |             ^~~
In file included from D:/src/projects/helloworld/include/OPFpp.hpp:10:
D:/src/projects/helloworld/include/opf/common.hpp:25:21: error: expected identifier before numeric constant
   25 | #define WHITE       0
      |                     ^
D:/src/projects/helloworld/include/opf/PriorityHeap.hpp:12:9: note: in expansion of macro 'WHITE'
   12 |         WHITE,
      |         ^~~~~
D:/src/projects/helloworld/include/opf/common.hpp:25:21: error: expected '}' before numeric constant
   25 | #define WHITE       0
      |                     ^
D:/src/projects/helloworld/include/opf/PriorityHeap.hpp:12:9: note: in expansion of macro 'WHITE'
   12 |         WHITE,
      |         ^~~~~
In file included from D:/src/projects/helloworld/include/OPFpp.hpp:13:
D:/src/projects/helloworld/include/opf/PriorityHeap.hpp:11:5: note: to match this '{'
   11 |     {
      |     ^
D:/src/projects/helloworld/include/opf/common.hpp:25:21: error: expected unqualified-id before numeric constant
   25 | #define WHITE       0
      |                     ^
D:/src/projects/helloworld/include/opf/PriorityHeap.hpp:12:9: note: in expansion of macro 'WHITE'
   12 |         WHITE,
      |         ^~~~~
D:/src/projects/helloworld/include/opf/PriorityHeap.hpp:29:21: error: 'Color' was not declared in this scope; did you mean 'opf::Color'? [-Wtemplate-body]
   29 |         std::vector<Color> colors;
      |                     ^~~~~
      |                     opf::Color
D:/src/projects/helloworld/include/opf/PriorityHeap.hpp:10:16: note: 'opf::Color' declared here
   10 |     enum class Color : uint8_t
      |                ^~~~~
D:/src/projects/helloworld/include/opf/PriorityHeap.hpp:29:26: error: template argument 1 is invalid [-Wtemplate-body]
   29 |         std::vector<Color> colors;
      |                          ^
D:/src/projects/helloworld/include/opf/PriorityHeap.hpp:29:26: error: template argument 2 is invalid [-Wtemplate-body]
D:/src/projects/helloworld/include/opf/PriorityHeap.hpp:47:1: error: expected declaration before '}' token
   47 | } // namespace opf
      | ^
D:\src\projects\helloworld\src\opf\common\sgctree.cpp:337:29: error: 'g' was not declared in this scope
  337 | int *SgVolumeOpen(Subgraph *g, int thres){
      |                             ^
D:\src\projects\helloworld\src\opf\common\sgctree.cpp:337:32: error: expected primary-expression before 'int'
  337 | int *SgVolumeOpen(Subgraph *g, int thres){
      |                                ^~~
D:\src\projects\helloworld\src\opf\common\sgctree.cpp:337:41: error: expression list treated as compound expression in initializer [-fpermissive]
  337 | int *SgVolumeOpen(Subgraph *g, int thres){
      |                                         ^
D:\src\projects\helloworld\src\opf\supervised\opf_learn.cpp: In function 'int main(int, char**)':
D:\src\projects\helloworld\src\opf\supervised\opf_learn.cpp:23:9: error: 'timer' was not declared in this scope; did you mean 'time'?
   23 |         timer tic, toc;
      |         ^~~~~
      |         time
D:\src\projects\helloworld\src\opf\supervised\opf_learn.cpp:26:23: error: 'opf_PrecomputedDistance' was not declared in this scope
   26 |         if(argc == 4) opf_PrecomputedDistance = 1;
      |                       ^~~~~~~~~~~~~~~~~~~~~~~
D:\src\projects\helloworld\src\opf\supervised\opf_learn.cpp:28:9: error: 'Subgraph' was not declared in this scope; did you mean 'opf::Subgraph'?
   28 |         Subgraph *gTrain = ReadSubgraph(argv[1]), *gEval = ReadSubgraph(argv[2]);
      |         ^~~~~~~~
      |         opf::Subgraph
In file included from D:/src/projects/helloworld/include/OPFpp.hpp:11:
D:/src/projects/helloworld/include/opf/Subgraph.hpp:13:11: note: 'opf::Subgraph' declared here
   13 |     class Subgraph
      |           ^~~~~~~~
D:\src\projects\helloworld\src\opf\supervised\opf_learn.cpp:28:19: error: 'gTrain' was not declared in this scope
   28 |         Subgraph *gTrain = ReadSubgraph(argv[1]), *gEval = ReadSubgraph(argv[2]);
      |                   ^~~~~~
D:\src\projects\helloworld\src\opf\supervised\opf_learn.cpp:28:28: error: 'ReadSubgraph' was not declared in this scope
   28 |         Subgraph *gTrain = ReadSubgraph(argv[1]), *gEval = ReadSubgraph(argv[2]);
      |                            ^~~~~~~~~~~~
D:\src\projects\helloworld\src\opf\supervised\opf_learn.cpp:28:52: error: 'gEval' was not declared in this scope
   28 |         Subgraph *gTrain = ReadSubgraph(argv[1]), *gEval = ReadSubgraph(argv[2]);
      |                                                    ^~~~~
D:\src\projects\helloworld\src\opf\supervised\opf_learn.cpp:31:12: error: 'opf_PrecomputedDistance' was not declared in this scope
   31 |         if(opf_PrecomputedDistance)
      |            ^~~~~~~~~~~~~~~~~~~~~~~
In file included from D:/src/projects/helloworld/include/OPFpp.hpp:12,
                 from D:\src\projects\helloworld\src\opf\supervised\opf_train.cpp:1:
D:/src/projects/helloworld/include/opf/GQueue.hpp:24:44: error: 'std::span' has not been declared
   24 |         GQueue(int n_buckets, int n_elems, std::span<int> values);
      |                                            ^~~
D:/src/projects/helloworld/include/opf/GQueue.hpp:24:44: note: 'std::span' is only available from C++20 onwards
D:/src/projects/helloworld/include/opf/GQueue.hpp:24:53: error: expected ',' or '...' before '<' token
   24 |         GQueue(int n_buckets, int n_elems, std::span<int> values);
      |                                                     ^
D:/src/projects/helloworld/include/opf/GQueue.hpp:47:18: error: 'span' in namespace 'std' does not name a template type
   47 |             std::span<int> value;
      |                  ^~~~
D:/src/projects/helloworld/include/opf/GQueue.hpp:47:13: note: 'std::span' is only available from C++20 onwards
   47 |             std::span<int> value;
      |             ^~~
D:\src\projects\helloworld\src\opf\supervised\opf_learn.cpp:32:17: error: 'opf_DistanceValue' was not declared in this scope
   32 |                 opf_DistanceValue = opf_ReadDistances(argv[3], &n);
      |                 ^~~~~~~~~~~~~~~~~
In file included from D:/src/projects/helloworld/include/OPFpp.hpp:10:
D:/src/projects/helloworld/include/opf/common.hpp:25:21: error: expected identifier before numeric constant
   25 | #define WHITE       0
      |                     ^
D:/src/projects/helloworld/include/opf/PriorityHeap.hpp:12:9: note: in expansion of macro 'WHITE'
   12 |         WHITE,
      |         ^~~~~
D:/src/projects/helloworld/include/opf/common.hpp:25:21: error: expected '}' before numeric constant
   25 | #define WHITE       0
      |                     ^
D:/src/projects/helloworld/include/opf/PriorityHeap.hpp:12:9: note: in expansion of macro 'WHITE'
   12 |         WHITE,
      |         ^~~~~
In file included from D:/src/projects/helloworld/include/OPFpp.hpp:13:
D:/src/projects/helloworld/include/opf/PriorityHeap.hpp:11:5: note: to match this '{'
   11 |     {
      |     ^
D:/src/projects/helloworld/include/opf/common.hpp:25:21: error: expected unqualified-id before numeric constant
   25 | #define WHITE       0
      |                     ^
D:/src/projects/helloworld/include/opf/PriorityHeap.hpp:12:9: note: in expansion of macro 'WHITE'
   12 |         WHITE,
      |         ^~~~~
D:/src/projects/helloworld/include/opf/PriorityHeap.hpp:29:21: error: 'Color' was not declared in this scope; did you mean 'opf::Color'? [-Wtemplate-body]
   29 |         std::vector<Color> colors;
      |                     ^~~~~
      |                     opf::Color
D:/src/projects/helloworld/include/opf/PriorityHeap.hpp:10:16: note: 'opf::Color' declared here
   10 |     enum class Color : uint8_t
      |                ^~~~~
D:/src/projects/helloworld/include/opf/PriorityHeap.hpp:29:26: error: template argument 1 is invalid [-Wtemplate-body]
   29 |         std::vector<Color> colors;
      |                          ^
D:/src/projects/helloworld/include/opf/PriorityHeap.hpp:29:26: error: template argument 2 is invalid [-Wtemplate-body]
In file included from D:/src/projects/helloworld/include/OPFpp.hpp:12,
                 from D:\src\projects\helloworld\src\opf\unsupervised\opf_cluster.cpp:1:
D:/src/projects/helloworld/include/opf/GQueue.hpp:24:44: error: 'std::span' has not been declared
   24 |         GQueue(int n_buckets, int n_elems, std::span<int> values);
      |                                            ^~~
D:/src/projects/helloworld/include/opf/PriorityHeap.hpp:47:1: error: expected declaration before '}' token
   47 | } // namespace opf
      | ^
D:/src/projects/helloworld/include/opf/GQueue.hpp:24:44: note: 'std::span' is only available from C++20 onwards
D:/src/projects/helloworld/include/opf/GQueue.hpp:24:53: error: expected ',' or '...' before '<' token
   24 |         GQueue(int n_buckets, int n_elems, std::span<int> values);
      |                                                     ^
D:/src/projects/helloworld/include/opf/GQueue.hpp:47:18: error: 'span' in namespace 'std' does not name a template type
   47 |             std::span<int> value;
      |                  ^~~~
D:/src/projects/helloworld/include/opf/GQueue.hpp:47:13: note: 'std::span' is only available from C++20 onwards
   47 |             std::span<int> value;
      |             ^~~
In file included from D:/src/projects/helloworld/include/OPFpp.hpp:10:
D:/src/projects/helloworld/include/opf/common.hpp:25:21: error: expected identifier before numeric constant
   25 | #define WHITE       0
      |                     ^
D:/src/projects/helloworld/include/opf/PriorityHeap.hpp:12:9: note: in expansion of macro 'WHITE'
   12 |         WHITE,
      |         ^~~~~
D:/src/projects/helloworld/include/opf/common.hpp:25:21: error: expected '}' before numeric constant
   25 | #define WHITE       0
      |                     ^
D:/src/projects/helloworld/include/opf/PriorityHeap.hpp:12:9: note: in expansion of macro 'WHITE'
   12 |         WHITE,
      |         ^~~~~
In file included from D:/src/projects/helloworld/include/OPFpp.hpp:13:
D:/src/projects/helloworld/include/opf/PriorityHeap.hpp:11:5: note: to match this '{'
   11 |     {
      |     ^
D:/src/projects/helloworld/include/opf/common.hpp:25:21: error: expected unqualified-id before numeric constant
   25 | #define WHITE       0
      |                     ^
D:/src/projects/helloworld/include/opf/PriorityHeap.hpp:12:9: note: in expansion of macro 'WHITE'
   12 |         WHITE,
      |         ^~~~~
D:/src/projects/helloworld/include/opf/PriorityHeap.hpp:29:21: error: 'Color' was not declared in this scope; did you mean 'opf::Color'? [-Wtemplate-body]
   29 |         std::vector<Color> colors;
      |                     ^~~~~
      |                     opf::Color
D:/src/projects/helloworld/include/opf/PriorityHeap.hpp:10:16: note: 'opf::Color' declared here
   10 |     enum class Color : uint8_t
      |                ^~~~~
D:/src/projects/helloworld/include/opf/PriorityHeap.hpp:29:26: error: template argument 1 is invalid [-Wtemplate-body]
   29 |         std::vector<Color> colors;
      |                          ^
D:/src/projects/helloworld/include/opf/PriorityHeap.hpp:29:26: error: template argument 2 is invalid [-Wtemplate-body]
D:/src/projects/helloworld/include/opf/PriorityHeap.hpp:47:1: error: expected declaration before '}' token
   47 | } // namespace opf
      | ^
D:\src\projects\helloworld\src\opf\supervised\opf_learn.cpp:32:37: error: 'opf_ReadDistances' was not declared in this scope
   32 |                 opf_DistanceValue = opf_ReadDistances(argv[3], &n);
      |                                     ^~~~~~~~~~~~~~~~~
D:\src\projects\helloworld\src\opf\supervised\opf_learn.cpp:35:23: error: 'tic' was not declared in this scope
   35 |         gettimeofday(&tic,NULL); opf_OPFLearning(&gTrain, &gEval); gettimeofday(&toc,NULL);
      |                       ^~~
D:\src\projects\helloworld\src\opf\supervised\opf_learn.cpp:35:9: error: 'gettimeofday' was not declared in this scope; did you mean 'mingw_gettimeofday'?
   35 |         gettimeofday(&tic,NULL); opf_OPFLearning(&gTrain, &gEval); gettimeofday(&toc,NULL);
      |         ^~~~~~~~~~~~
      |         mingw_gettimeofday
D:\src\projects\helloworld\src\opf\supervised\opf_learn.cpp:35:34: error: 'opf_OPFLearning' was not declared in this scope
   35 |         gettimeofday(&tic,NULL); opf_OPFLearning(&gTrain, &gEval); gettimeofday(&toc,NULL);
      |                                  ^~~~~~~~~~~~~~~
D:\src\projects\helloworld\src\opf\supervised\opf_learn.cpp:35:82: error: 'toc' was not declared in this scope
   35 |         gettimeofday(&tic,NULL); opf_OPFLearning(&gTrain, &gEval); gettimeofday(&toc,NULL);
      |                                                                                  ^~~
D:\src\projects\helloworld\src\opf\supervised\opf_train.cpp: In function 'int main(int, char**)':
D:\src\projects\helloworld\src\opf\supervised\opf_train.cpp:22:9: error: 'timer' was not declared in this scope; did you mean 'timeb'?
   22 |         timer tic, toc;
      |         ^~~~~
      |         timeb
D:\src\projects\helloworld\src\opf\supervised\opf_learn.cpp:37:15: error: 'opf_Accuracy' was not declared in this scope
   37 |         Acc = opf_Accuracy(gTrain);
      |               ^~~~~~~~~~~~
D:\src\projects\helloworld\src\opf\supervised\opf_train.cpp:25:23: error: 'opf_PrecomputedDistance' was not declared in this scope
   25 |         if(argc == 3) opf_PrecomputedDistance = 1;
      |                       ^~~~~~~~~~~~~~~~~~~~~~~
D:\src\projects\helloworld\src\opf\unsupervised\opf_cluster.cpp: In function 'int main(int, char**)':
D:\src\projects\helloworld\src\opf\unsupervised\opf_cluster.cpp:26:23: error: 'opf_PrecomputedDistance' was not declared in this scope
   26 |         if(argc == 6) opf_PrecomputedDistance = 1;
      |                       ^~~~~~~~~~~~~~~~~~~~~~~
D:\src\projects\helloworld\src\opf\supervised\opf_train.cpp:28:9: error: 'Subgraph' was not declared in this scope; did you mean 'opf::Subgraph'?
   28 |         Subgraph *g = ReadSubgraph(argv[1]);
      |         ^~~~~~~~
      |         opf::Subgraph
In file included from D:/src/projects/helloworld/include/OPFpp.hpp:11:
D:/src/projects/helloworld/include/opf/Subgraph.hpp:13:11: note: 'opf::Subgraph' declared here
   13 |     class Subgraph
      |           ^~~~~~~~
D:\src\projects\helloworld\src\opf\unsupervised\opf_cluster.cpp:28:9: error: 'Subgraph' was not declared in this scope; did you mean 'opf::Subgraph'?
   28 |         Subgraph *g = ReadSubgraph(argv[1]);
      |         ^~~~~~~~
      |         opf::Subgraph
In file included from D:/src/projects/helloworld/include/OPFpp.hpp:11:
D:/src/projects/helloworld/include/opf/Subgraph.hpp:13:11: note: 'opf::Subgraph' declared here
   13 |     class Subgraph
      |           ^~~~~~~~
D:\src\projects\helloworld\src\opf\supervised\opf_train.cpp:28:19: error: 'g' was not declared in this scope
   28 |         Subgraph *g = ReadSubgraph(argv[1]);
      |                   ^
D:\src\projects\helloworld\src\opf\supervised\opf_learn.cpp:43:9: error: 'opf_WriteModelFile' was not declared in this scope
   43 |         opf_WriteModelFile(gTrain, "classifier.opf"); fprintf(stdout, " OK"); fflush(stdout);
      |         ^~~~~~~~~~~~~~~~~~
D:\src\projects\helloworld\src\opf\unsupervised\opf_cluster.cpp:28:19: error: 'g' was not declared in this scope
   28 |         Subgraph *g = ReadSubgraph(argv[1]);
      |                   ^
D:\src\projects\helloworld\src\opf\supervised\opf_train.cpp:28:23: error: 'ReadSubgraph' was not declared in this scope
   28 |         Subgraph *g = ReadSubgraph(argv[1]);
      |                       ^~~~~~~~~~~~
D:\src\projects\helloworld\src\opf\supervised\opf_learn.cpp:46:9: error: 'DestroySubgraph' was not declared in this scope
   46 |         DestroySubgraph(&gTrain);
      |         ^~~~~~~~~~~~~~~
D:\src\projects\helloworld\src\opf\unsupervised\opf_cluster.cpp:28:23: error: 'ReadSubgraph' was not declared in this scope
   28 |         Subgraph *g = ReadSubgraph(argv[1]);
      |                       ^~~~~~~~~~~~
D:\src\projects\helloworld\src\opf\supervised\opf_learn.cpp:48:12: error: 'opf_PrecomputedDistance' was not declared in this scope
   48 |         if(opf_PrecomputedDistance){
      |            ^~~~~~~~~~~~~~~~~~~~~~~
D:\src\projects\helloworld\src\opf\supervised\opf_train.cpp:31:12: error: 'opf_PrecomputedDistance' was not declared in this scope
   31 |         if(opf_PrecomputedDistance)
      |            ^~~~~~~~~~~~~~~~~~~~~~~
D:\src\projects\helloworld\src\opf\unsupervised\opf_cluster.cpp:30:12: error: 'opf_PrecomputedDistance' was not declared in this scope
   30 |         if(opf_PrecomputedDistance){
      |            ^~~~~~~~~~~~~~~~~~~~~~~
D:\src\projects\helloworld\src\opf\supervised\opf_learn.cpp:50:30: error: 'opf_DistanceValue' was not declared in this scope
   50 |                         free(opf_DistanceValue[i]);
      |                              ^~~~~~~~~~~~~~~~~
D:\src\projects\helloworld\src\opf\supervised\opf_train.cpp:32:17: error: 'opf_DistanceValue' was not declared in this scope
   32 |                 opf_DistanceValue = opf_ReadDistances(argv[2], &n);
      |                 ^~~~~~~~~~~~~~~~~
D:\src\projects\helloworld\src\opf\unsupervised\opf_cluster.cpp:31:11: error: 'opf_DistanceValue' was not declared in this scope
   31 |           opf_DistanceValue = opf_ReadDistances(argv[5], &n);
      |           ^~~~~~~~~~~~~~~~~
D:\src\projects\helloworld\src\opf\supervised\opf_learn.cpp:51:22: error: 'opf_DistanceValue' was not declared in this scope
   51 |                 free(opf_DistanceValue);
      |                      ^~~~~~~~~~~~~~~~~
D:\src\projects\helloworld\src\opf\supervised\opf_train.cpp:32:37: error: 'opf_ReadDistances' was not declared in this scope
   32 |                 opf_DistanceValue = opf_ReadDistances(argv[2], &n);
      |                                     ^~~~~~~~~~~~~~~~~
D:\src\projects\helloworld\src\opf\unsupervised\opf_cluster.cpp:31:31: error: 'opf_ReadDistances' was not declared in this scope
   31 |           opf_DistanceValue = opf_ReadDistances(argv[5], &n);
      |                               ^~~~~~~~~~~~~~~~~
D:\src\projects\helloworld\src\opf\supervised\opf_train.cpp:35:23: error: 'tic' was not declared in this scope
   35 |         gettimeofday(&tic,NULL); opf_OPFTraining(g); gettimeofday(&toc,NULL);
      |                       ^~~
D:\src\projects\helloworld\src\opf\unsupervised\opf_cluster.cpp:36:9: error: 'opf_BestkMinCut' was not declared in this scope
   36 |         opf_BestkMinCut(g,1,atoi(argv[2])); //default kmin = 1
      |         ^~~~~~~~~~~~~~~
D:\src\projects\helloworld\src\opf\supervised\opf_train.cpp:35:9: error: 'gettimeofday' was not declared in this scope; did you mean 'mingw_gettimeofday'?
   35 |         gettimeofday(&tic,NULL); opf_OPFTraining(g); gettimeofday(&toc,NULL);
      |         ^~~~~~~~~~~~
      |         mingw_gettimeofday
D:\src\projects\helloworld\src\opf\unsupervised\opf_cluster.cpp:48:13: error: 'opf_ElimMaxBelowH' was not declared in this scope
   48 |             opf_ElimMaxBelowH(g, value*Hmax);
      |             ^~~~~~~~~~~~~~~~~
D:\src\projects\helloworld\src\opf\unsupervised\opf_cluster.cpp:50:16: error: jump to case label
   50 |           case 1:
      |                ^
D:\src\projects\helloworld\src\opf\unsupervised\opf_cluster.cpp:44:19: note:   crosses initialization of 'float Hmax'
   44 |             float Hmax=0;
      |                   ^~~~
D:\src\projects\helloworld\src\opf\supervised\opf_train.cpp:35:34: error: 'opf_OPFTraining' was not declared in this scope
   35 |         gettimeofday(&tic,NULL); opf_OPFTraining(g); gettimeofday(&toc,NULL);
      |                                  ^~~~~~~~~~~~~~~
D:\src\projects\helloworld\src\opf\unsupervised\opf_cluster.cpp:52:13: error: 'opf_ElimMaxBelowArea' was not declared in this scope
   52 |             opf_ElimMaxBelowArea(g, (int)(value*g->nnodes));
      |             ^~~~~~~~~~~~~~~~~~~~
D:\src\projects\helloworld\src\opf\unsupervised\opf_cluster.cpp:54:16: error: jump to case label
   54 |           case 2:
      |                ^
D:\src\projects\helloworld\src\opf\unsupervised\opf_cluster.cpp:44:19: note:   crosses initialization of 'float Hmax'
   44 |             float Hmax=0;
      |                   ^~~~
D:\src\projects\helloworld\src\opf\supervised\opf_train.cpp:35:68: error: 'toc' was not declared in this scope
   35 |         gettimeofday(&tic,NULL); opf_OPFTraining(g); gettimeofday(&toc,NULL);
      |                                                                    ^~~
D:\src\projects\helloworld\src\opf\unsupervised\opf_cluster.cpp:59:13: error: 'opf_ElimMaxBelowVolume' was not declared in this scope
   59 |             opf_ElimMaxBelowVolume(g, (int)(value*Vmax/g->nnodes));
      |             ^~~~~~~~~~~~~~~~~~~~~~
D:\src\projects\helloworld\src\opf\unsupervised\opf_cluster.cpp:61:11: error: jump to case label
   61 |           default:
      |           ^~~~~~~
D:\src\projects\helloworld\src\opf\unsupervised\opf_cluster.cpp:56:20: note:   crosses initialization of 'double Vmax'
   56 |             double Vmax=0;
      |                    ^~~~
D:\src\projects\helloworld\src\opf\unsupervised\opf_cluster.cpp:44:19: note:   crosses initialization of 'float Hmax'
   44 |             float Hmax=0;
      |                   ^~~~
D:\src\projects\helloworld\src\opf\supervised\opf_train.cpp:39:9: error: 'opf_WriteModelFile' was not declared in this scope
   39 |         opf_WriteModelFile(g, "classifier.opf");
      |         ^~~~~~~~~~~~~~~~~~
D:\src\projects\helloworld\src\opf\supervised\opf_train.cpp:51:9: error: 'DestroySubgraph' was not declared in this scope
   51 |         DestroySubgraph(&g);
      |         ^~~~~~~~~~~~~~~
D:\src\projects\helloworld\src\opf\unsupervised\opf_cluster.cpp:69:9: error: 'opf_OPFClustering' was not declared in this scope
   69 |         opf_OPFClustering(g);
      |         ^~~~~~~~~~~~~~~~~
D:\src\projects\helloworld\src\opf\supervised\opf_train.cpp:52:12: error: 'opf_PrecomputedDistance' was not declared in this scope
   52 |         if(opf_PrecomputedDistance){
      |            ^~~~~~~~~~~~~~~~~~~~~~~
D:\src\projects\helloworld\src\opf\unsupervised\opf_cluster.cpp:101:9: error: 'opf_WriteModelFile' was not declared in this scope
  101 |         opf_WriteModelFile(g, "classifier.opf");
      |         ^~~~~~~~~~~~~~~~~~
D:\src\projects\helloworld\src\opf\supervised\opf_train.cpp:54:30: error: 'opf_DistanceValue' was not declared in this scope
   54 |                         free(opf_DistanceValue[i]);
      |                              ^~~~~~~~~~~~~~~~~
D:\src\projects\helloworld\src\opf\unsupervised\opf_cluster.cpp:113:9: error: 'DestroySubgraph' was not declared in this scope
  113 |         DestroySubgraph(&g);
      |         ^~~~~~~~~~~~~~~
D:\src\projects\helloworld\src\opf\unsupervised\opf_cluster.cpp:114:12: error: 'opf_PrecomputedDistance' was not declared in this scope
  114 |         if(opf_PrecomputedDistance){
      |            ^~~~~~~~~~~~~~~~~~~~~~~
D:\src\projects\helloworld\src\opf\supervised\opf_train.cpp:55:22: error: 'opf_DistanceValue' was not declared in this scope
   55 |                 free(opf_DistanceValue);
      |                      ^~~~~~~~~~~~~~~~~
D:\src\projects\helloworld\src\opf\unsupervised\opf_cluster.cpp:116:18: error: 'opf_DistanceValue' was not declared in this scope
  116 |             free(opf_DistanceValue[i]);
      |                  ^~~~~~~~~~~~~~~~~
D:\src\projects\helloworld\src\opf\unsupervised\opf_cluster.cpp:117:16: error: 'opf_DistanceValue' was not declared in this scope
  117 |           free(opf_DistanceValue);
      |                ^~~~~~~~~~~~~~~~~
mingw32-make[2]: *** [src\CMakeFiles\pyopf_static.dir\build.make:154: src/CMakeFiles/pyopf_static.dir/opf/SgCTree.cpp.obj] Error 1
mingw32-make[2]: *** [src\CMakeFiles\pyopf_static.dir\build.make:139: src/CMakeFiles/pyopf_static.dir/opf/SNode.cpp.obj] Error 1
mingw32-make[2]: *** [src\CMakeFiles\pyopf_static.dir\build.make:169: src/CMakeFiles/pyopf_static.dir/opf/Subgraph.cpp.obj] Error 1
mingw32-make[2]: *** [src\CMakeFiles\pyopf_static.dir\build.make:124: src/CMakeFiles/pyopf_static.dir/opf/OPFpp.cpp.obj] Error 1
mingw32-make[2]: *** [src\CMakeFiles\pyopf_static.dir\build.make:259: src/CMakeFiles/pyopf_static.dir/opf/common/subgraph.cpp.obj] Error 1
mingw32-make[2]: *** [src\CMakeFiles\pyopf_static.dir\build.make:244: src/CMakeFiles/pyopf_static.dir/opf/common/sgctree.cpp.obj] Error 1
mingw32-make[2]: *** [src\CMakeFiles\pyopf_static.dir\build.make:274: src/CMakeFiles/pyopf_static.dir/opf/supervised/opf_learn.cpp.obj] Error 1
mingw32-make[2]: *** [src\CMakeFiles\pyopf_static.dir\build.make:304: src/CMakeFiles/pyopf_static.dir/opf/unsupervised/opf_cluster.cpp.obj] Error 1
mingw32-make[2]: *** [src\CMakeFiles\pyopf_static.dir\build.make:289: src/CMakeFiles/pyopf_static.dir/opf/supervised/opf_train.cpp.obj] Error 1
mingw32-make[1]: *** [CMakeFiles\Makefile2:238: src/CMakeFiles/pyopf_static.dir/all] Error 2
mingw32-make: *** [Makefile:90: all] Error 2
